Component: ARM Compiler 5.06 update 5 (build 528) Tool: armlink [4d35e2]

==============================================================================

Section Cross References

    startup_stm32f10x_md.o(RESET) refers to startup_stm32f10x_md.o(STACK) for __initial_sp
    startup_stm32f10x_md.o(RESET) refers to startup_stm32f10x_md.o(.text) for Reset_Handler
    startup_stm32f10x_md.o(RESET) refers to stm32f10x_it.o(i.NMI_Handler) for NMI_Handler
    startup_stm32f10x_md.o(RESET) refers to stm32f10x_it.o(i.HardFault_Handler) for HardFault_Handler
    startup_stm32f10x_md.o(RESET) refers to stm32f10x_it.o(i.MemManage_Handler) for MemManage_Handler
    startup_stm32f10x_md.o(RESET) refers to stm32f10x_it.o(i.BusFault_Handler) for BusFault_Handler
    startup_stm32f10x_md.o(RESET) refers to stm32f10x_it.o(i.UsageFault_Handler) for UsageFault_Handler
    startup_stm32f10x_md.o(RESET) refers to stm32f10x_it.o(i.SVC_Handler) for SVC_Handler
    startup_stm32f10x_md.o(RESET) refers to stm32f10x_it.o(i.DebugMon_Handler) for DebugMon_Handler
    startup_stm32f10x_md.o(RESET) refers to stm32f10x_it.o(i.PendSV_Handler) for PendSV_Handler
    startup_stm32f10x_md.o(RESET) refers to stm32f10x_it.o(i.SysTick_Handler) for SysTick_Handler
    startup_stm32f10x_md.o(RESET) refers to main.o(i.EXTI15_10_IRQHandler) for EXTI15_10_IRQHandler
    startup_stm32f10x_md.o(.text) refers to system_stm32f10x.o(i.SystemInit) for SystemInit
    startup_stm32f10x_md.o(.text) refers to entry.o(.ARM.Collect$$$$00000000) for __main
    system_stm32f10x.o(i.SetSysClock) refers to system_stm32f10x.o(i.SetSysClockTo72) for SetSysClockTo72
    system_stm32f10x.o(i.SystemCoreClockUpdate) refers to system_stm32f10x.o(.data) for .data
    system_stm32f10x.o(i.SystemInit) refers to system_stm32f10x.o(i.SetSysClock) for SetSysClock
    stm32f10x_adc.o(i.ADC_DeInit) refers to stm32f10x_rcc.o(i.RCC_APB2PeriphResetCmd) for RCC_APB2PeriphResetCmd
    stm32f10x_bkp.o(i.BKP_DeInit) refers to stm32f10x_rcc.o(i.RCC_BackupResetCmd) for RCC_BackupResetCmd
    stm32f10x_can.o(i.CAN_DeInit) refers to stm32f10x_rcc.o(i.RCC_APB1PeriphResetCmd) for RCC_APB1PeriphResetCmd
    stm32f10x_can.o(i.CAN_GetITStatus) refers to stm32f10x_can.o(i.CheckITStatus) for CheckITStatus
    stm32f10x_cec.o(i.CEC_DeInit) refers to stm32f10x_rcc.o(i.RCC_APB1PeriphResetCmd) for RCC_APB1PeriphResetCmd
    stm32f10x_dac.o(i.DAC_DeInit) refers to stm32f10x_rcc.o(i.RCC_APB1PeriphResetCmd) for RCC_APB1PeriphResetCmd
    stm32f10x_flash.o(i.FLASH_EnableWriteProtection) refers to stm32f10x_flash.o(i.FLASH_WaitForLastOperation) for FLASH_WaitForLastOperation
    stm32f10x_flash.o(i.FLASH_EraseAllBank1Pages) refers to stm32f10x_flash.o(i.FLASH_WaitForLastBank1Operation) for FLASH_WaitForLastBank1Operation
    stm32f10x_flash.o(i.FLASH_EraseAllPages) refers to stm32f10x_flash.o(i.FLASH_WaitForLastOperation) for FLASH_WaitForLastOperation
    stm32f10x_flash.o(i.FLASH_EraseOptionBytes) refers to stm32f10x_flash.o(i.FLASH_GetReadOutProtectionStatus) for FLASH_GetReadOutProtectionStatus
    stm32f10x_flash.o(i.FLASH_EraseOptionBytes) refers to stm32f10x_flash.o(i.FLASH_WaitForLastOperation) for FLASH_WaitForLastOperation
    stm32f10x_flash.o(i.FLASH_ErasePage) refers to stm32f10x_flash.o(i.FLASH_WaitForLastOperation) for FLASH_WaitForLastOperation
    stm32f10x_flash.o(i.FLASH_ProgramHalfWord) refers to stm32f10x_flash.o(i.FLASH_WaitForLastOperation) for FLASH_WaitForLastOperation
    stm32f10x_flash.o(i.FLASH_ProgramOptionByteData) refers to stm32f10x_flash.o(i.FLASH_WaitForLastOperation) for FLASH_WaitForLastOperation
    stm32f10x_flash.o(i.FLASH_ProgramWord) refers to stm32f10x_flash.o(i.FLASH_WaitForLastOperation) for FLASH_WaitForLastOperation
    stm32f10x_flash.o(i.FLASH_ReadOutProtection) refers to stm32f10x_flash.o(i.FLASH_WaitForLastOperation) for FLASH_WaitForLastOperation
    stm32f10x_flash.o(i.FLASH_UserOptionByteConfig) refers to stm32f10x_flash.o(i.FLASH_WaitForLastOperation) for FLASH_WaitForLastOperation
    stm32f10x_flash.o(i.FLASH_WaitForLastBank1Operation) refers to stm32f10x_flash.o(i.FLASH_GetBank1Status) for FLASH_GetBank1Status
    stm32f10x_flash.o(i.FLASH_WaitForLastOperation) refers to stm32f10x_flash.o(i.FLASH_GetBank1Status) for FLASH_GetBank1Status
    stm32f10x_gpio.o(i.GPIO_AFIODeInit) refers to stm32f10x_rcc.o(i.RCC_APB2PeriphResetCmd) for RCC_APB2PeriphResetCmd
    stm32f10x_gpio.o(i.GPIO_DeInit) refers to stm32f10x_rcc.o(i.RCC_APB2PeriphResetCmd) for RCC_APB2PeriphResetCmd
    stm32f10x_i2c.o(i.I2C_DeInit) refers to stm32f10x_rcc.o(i.RCC_APB1PeriphResetCmd) for RCC_APB1PeriphResetCmd
    stm32f10x_i2c.o(i.I2C_Init) refers to stm32f10x_rcc.o(i.RCC_GetClocksFreq) for RCC_GetClocksFreq
    stm32f10x_pwr.o(i.PWR_DeInit) refers to stm32f10x_rcc.o(i.RCC_APB1PeriphResetCmd) for RCC_APB1PeriphResetCmd
    stm32f10x_rcc.o(i.RCC_GetClocksFreq) refers to stm32f10x_rcc.o(.data) for .data
[...]
    .text                                    0x08000884   Section       48  cdcmple.o(.text)
    .text                                    0x080008b4   Section       48  cdrcmple.o(.text)
    .text                                    0x080008e4   Section       36  init.o(.text)
    i.BusFault_Handler                       0x08000908   Section        0  stm32f10x_it.o(i.BusFault_Handler)
    i.DebugMon_Handler                       0x0800090a   Section        0  stm32f10x_it.o(i.DebugMon_Handler)
    i.EXTI15_10_IRQHandler                   0x0800090c   Section        0  main.o(i.EXTI15_10_IRQHandler)
    i.EXTI_ClearITPendingBit                 0x08000930   Section        0  stm32f10x_exti.o(i.EXTI_ClearITPendingBit)
    i.EXTI_GetITStatus                       0x0800093c   Section        0  stm32f10x_exti.o(i.EXTI_GetITStatus)
    i.EXTI_Init                              0x0800095c   Section        0  stm32f10x_exti.o(i.EXTI_Init)
    i.Flatten                                0x080009d0   Section        0  nnom_flatten.o(i.Flatten)
    i.GPIO_EXTILineConfig                    0x08000a1c   Section        0  stm32f10x_gpio.o(i.GPIO_EXTILineConfig)
    i.GPIO_Init                              0x08000a44   Section        0  stm32f10x_gpio.o(i.GPIO_Init)
    i.GPIO_WriteBit                          0x08000aea   Section        0  stm32f10x_gpio.o(i.GPIO_WriteBit)
    i.HardFault_Handler                      0x08000af6   Section        0  stm32f10x_it.o(i.HardFault_Handler)
    i.I2C_AcknowledgeConfig                  0x08000af8   Section        0  stm32f10x_i2c.o(i.I2C_AcknowledgeConfig)
    i.I2C_CheckEvent                         0x08000b10   Section        0  stm32f10x_i2c.o(i.I2C_CheckEvent)
    i.I2C_Cmd                                0x08000b28   Section        0  stm32f10x_i2c.o(i.I2C_Cmd)
    i.I2C_GenerateSTART                      0x08000b40   Section        0  stm32f10x_i2c.o(i.I2C_GenerateSTART)
    i.I2C_GenerateSTOP                       0x08000b58   Section        0  stm32f10x_i2c.o(i.I2C_GenerateSTOP)
    i.I2C_Init                               0x08000b70   Section        0  stm32f10x_i2c.o(i.I2C_Init)
    i.I2C_ReceiveData                        0x08000c30   Section        0  stm32f10x_i2c.o(i.I2C_ReceiveData)
    i.I2C_Send7bitAddress                    0x08000c36   Section        0  stm32f10x_i2c.o(i.I2C_Send7bitAddress)
    i.I2C_SendData                           0x08000c48   Section        0  stm32f10x_i2c.o(i.I2C_SendData)
    i.Key_Init                               0x08000c4c   Section        0  key.o(i.Key_Init)
    i.MPU6050_GetData                        0x08000cc4   Section        0  mpu6050.o(i.MPU6050_GetData)
    i.MPU6050_GetDataArray                   0x08000d56   Section        0  mpu6050.o(i.MPU6050_GetDataArray)
    i.MPU6050_Init                           0x08000d88   Section        0  mpu6050.o(i.MPU6050_Init)
    i.MPU6050_ReadReg                        0x08000e2c   Section        0  mpu6050.o(i.MPU6050_ReadReg)
    i.MPU6050_WaitEvent                      0x08000ec4   Section        0  mpu6050.o(i.MPU6050_WaitEvent)
    i.MPU6050_WriteReg                       0x08000ee4   Section        0  mpu6050.o(i.MPU6050_WriteReg)
    i.MemManage_Handler                      0x08000f4c   Section        0  stm32f10x_it.o(i.MemManage_Handler)
    i.NMI_Handler                            0x08000f4e   Section        0  stm32f10x_it.o(i.NMI_Handler)
    i.NVIC_Init                              0x08000f50   Section        0  misc.o(i.NVIC_Init)
    i.NVIC_PriorityGroupConfig               0x08000fb4   Section        0  misc.o(i.NVIC_PriorityGroupConfig)
    i.OLED_Clear                             0x08000fc8   Section        0  oled.o(i.OLED_Clear)
    i.OLED_I2C_Init                          0x08000ff0   Section        0  oled.o(i.OLED_I2C_Init)
    i.OLED_I2C_SendByte                      0x08001040   Section        0  oled.o(i.OLED_I2C_SendByte)
    i.OLED_I2C_Start                         0x080010a4   Section        0  oled.o(i.OLED_I2C_Start)
    i.OLED_I2C_Stop                          0x080010dc   Section        0  oled.o(i.OLED_I2C_Stop)
    i.OLED_Init                              0x0800110c   Section        0  oled.o(i.OLED_Init)
    i.OLED_Pow                               0x080011b8   Section        0  oled.o(i.OLED_Pow)
    i.OLED_SetCursor                         0x080011c8   Section        0  oled.o(i.OLED_SetCursor)
    i.OLED_ShowChar                          0x080011ec   Section        0  oled.o(i.OLED_ShowChar)
    i.OLED_ShowNum                           0x08001244   Section        0  oled.o(i.OLED_ShowNum)
    i.OLED_ShowString                        0x08001284   Section        0  oled.o(i.OLED_ShowString)
    i.OLED_WriteCommand                      0x080012aa   Section        0  oled.o(i.OLED_WriteCommand)
    i.OLED_WriteData                         0x080012cc   Section        0  oled.o(i.OLED_WriteData)
    i.PendSV_Handler                         0x080012ee   Section        0  stm32f10x_it.o(i.PendSV_Handler)
    i.RCC_APB1PeriphClockCmd                 0x080012f0   Section        0  stm32f10x_rcc.o(i.RCC_APB1PeriphClockCmd)
    i.RCC_APB2PeriphClockCmd                 0x0800130c   Section        0  stm32f10x_rcc.o(i.RCC_APB2PeriphClockCmd)
    i.RCC_GetClocksFreq                      0x08001328   Section        0  stm32f10x_rcc.o(i.RCC_GetClocksFreq)
    i.SVC_Handler                            0x080013d4   Section        0  stm32f10x_it.o(i.SVC_Handler)
    i.Serial_Init                            0x080013d8   Section        0  serial.o(i.Serial_Init)
    i.Serial_Pow                             0x08001444   Section        0  serial.o(i.Serial_Pow)
    i.Serial_SendByte                        0x08001454   Section        0  serial.o(i.Serial_SendByte)
    i.Serial_SendNumber                      0x08001474   Section        0  serial.o(i.Serial_SendNumber)
    i.Serial_SendString                      0x080014aa   Section        0  serial.o(i.Serial_SendString)
    i.SetSysClock                            0x080014c2   Section        0  system_stm32f10x.o(i.SetSysClock)
    SetSysClock                              0x080014c3   Thumb Code     4  system_stm32f10x.o(i.SetSysClock)
    i.SetSysClockTo72                        0x080014c8   Section        0  system_stm32f10x.o(i.SetSysClockTo72)
    SetSysClockTo72                          0x080014c9   Thumb Code   166  system_stm32f10x.o(i.SetSysClockTo72)
    i.Softmax                                0x08001578   Section        0  nnom_softmax.o(i.Softmax)
    i.SysTick_Handler                        0x080015c0   Section        0  stm32f10x_it.o(i.SysTick_Handler)
    i.SystemInit                             0x080015c4   Section        0  system_stm32f10x.o(i.SystemInit)
    i.USART_Cmd                              0x08001614   Section        0  stm32f10x_usart.o(i.USART_Cmd)
    i.USART_GetFlagStatus                    0x0800162c   Section        0  stm32f10x_usart.o(i.USART_GetFlagStatus)
    i.USART_Init                             0x0800163c   Section        0  stm32f10x_usart.o(i.USART_Init)
    i.USART_SendData                         0x080016f8   Section        0  stm32f10x_usart.o(i.USART_SendData)
    i.UsageFault_Handler                     0x08001700   Section        0  stm32f10x_it.o(i.UsageFault_Handler)
    i.__0printf                              0x08001704   Section        0  printfa.o(i.__0printf)
    i.__NNOM_SSAT                            0x08001724   Section        0  nnom_local.o(i.__NNOM_SSAT)
    __NNOM_SSAT                              0x08001725   Thumb Code    28  nnom_local.o(i.__NNOM_SSAT)
    i.__NNOM_SSAT                            0x08001740   Section        0  nnom_local_q15.o(i.__NNOM_SSAT)
    __NNOM_SSAT                              0x08001741   Thumb Code    28  nnom_local_q15.o(i.__NNOM_SSAT)
    i.__NNOM_USAT                            0x0800175c   Section        0  nnom_local.o(i.__NNOM_USAT)
    __NNOM_USAT                              0x0800175d   Thumb Code    24  nnom_local.o(i.__NNOM_USAT)
    i.__scatterload_copy                     0x08001774   Section       14  handlers.o(i.__scatterload_copy)
    i.__scatterload_null                     0x08001782   Section        2  handlers.o(i.__scatterload_null)
    i.__scatterload_zeroinit                 0x08001784   Section       14  handlers.o(i.__scatterload_zeroinit)
    i._fp_digits                             0x08001794   Section        0  printfa.o(i._fp_digits)
    _fp_digits                               0x08001795   Thumb Code   366  printfa.o(i._fp_digits)
    i._printf_core                           0x08001918   Section        0  printfa.o(i._printf_core)
    _printf_core                             0x08001919   Thumb Code  1744  printfa.o(i._printf_core)
    i._printf_post_padding                   0x08001ff4   Section        0  printfa.o(i._printf_post_padding)
    _printf_post_padding                     0x08001ff5   Thumb Code    36  printfa.o(i._printf_post_padding)
    i._printf_pre_padding                    0x08002018   Section        0  printfa.o(i._printf_pre_padding)
    _printf_pre_padding                      0x08002019   Thumb Code    46  printfa.o(i._printf_pre_padding)
    i.act_get_dec_bit                        0x08002046   Section        0  nnom_activation.o(i.act_get_dec_bit)
    i.act_leaky_relu                         0x08002060   Section        0  nnom_activation.o(i.act_leaky_relu)
    i.allocate_block                         0x08002090   Section        0  nnom.o(i.allocate_block)
    allocate_block                           0x08002091   Thumb Code    46  nnom.o(i.allocate_block)
    i.allocate_hook                          0x080020c4   Section        0  nnom.o(i.allocate_hook)
    allocate_hook                            0x080020c5   Thumb Code    44  nnom.o(i.allocate_hook)
    i.allocate_io                            0x080020f0   Section        0  nnom.o(i.allocate_io)
    allocate_io                              0x080020f1   Thumb Code    52  nnom.o(i.allocate_io)
    i.block_mem_set                          0x08002124   Section        0  nnom.o(i.block_mem_set)
    i.check_model_version                    0x08002148   Section        0  nnom.o(i.check_model_version)
    i.compile_layers                         0x080021e4   Section        0  nnom.o(i.compile_layers)
    i.conv2d_build                           0x080023fe   Section        0  nnom_conv2d.o(i.conv2d_build)
    i.conv2d_free                            0x080024f2   Section        0  nnom_conv2d.o(i.conv2d_free)
    i.conv2d_run                             0x0800250c   Section        0  nnom_conv2d.o(i.conv2d_run)
    i.conv2d_s                               0x08002614   Section        0  nnom_conv2d.o(i.conv2d_s)
    i.conv_output_length                     0x0800275c   Section        0  nnom_conv2d.o(i.conv_output_length)
    i.default_build                          0x08002780   Section        0  nnom_baselayer.o(i.default_build)
    i.delete_tensor                          0x080027ca   Section        0  nnom_tensor.o(i.delete_tensor)
    i.dense_build                            0x080027d4   Section        0  nnom_dense.o(i.dense_build)
    i.dense_free                             0x080028a4   Section        0  nnom_dense.o(i.dense_free)
    i.dense_run                              0x080028be   Section        0  nnom_dense.o(i.dense_run)
    i.dense_s                                0x08002918   Section        0  nnom_dense.o(i.dense_s)
    i.dilation                               0x08002994   Section        0  nnom_layers.o(i.dilation)
    i.find_last                              0x0800299a   Section        0  nnom.o(i.find_last)
    find_last                                0x0800299b   Thumb Code    18  nnom.o(i.find_last)
    i.flatten_build                          0x080029ac   Section        0  nnom_flatten.o(i.flatten_build)
    i.flatten_run                            0x080029f8   Section        0  nnom_flatten.o(i.flatten_run)
    i.flatten_s                              0x080029fc   Section        0  nnom_flatten.o(i.flatten_s)
    i.fputc                                  0x08002a0c   Section        0  serial.o(i.fputc)
    i.input_build                            0x08002a1a   Section        0  nnom_input.o(i.input_build)
    i.input_run                              0x08002a44   Section        0  nnom_input.o(i.input_run)
    i.input_s                                0x08002a64   Section        0  nnom_input.o(i.input_s)
    i.io_init                                0x08002b54   Section        0  nnom_layers.o(i.io_init)
    i.io_mem_size                            0x08002b5c   Section        0  nnom.o(i.io_mem_size)
    io_mem_size                              0x08002b5d   Thumb Code    30  nnom.o(i.io_mem_size)
    i.kernel                                 0x08002b7a   Section        0  nnom_layers.o(i.kernel)
    i.layer_run                              0x08002b80   Section        0  nnom.o(i.layer_run)
    i.layer_shortcut_add                     0x08002bc4   Section        0  nnom.o(i.layer_shortcut_add)
    layer_shortcut_add                       0x08002bc5   Thumb Code    32  nnom.o(i.layer_shortcut_add)
    i.leaky_relu_run                         0x08002be4   Section        0  nnom_activation.o(i.leaky_relu_run)
    leaky_relu_run                           0x08002be5   Thumb Code    54  nnom_activation.o(i.leaky_relu_run)
    i.local_convolve_HWC_q15_nonsquare       0x08002c1a   Section        0  nnom_local_q15.o(i.local_convolve_HWC_q15_nonsquare)
    i.local_convolve_HWC_q7_nonsquare        0x08002de4   Section        0  nnom_local.o(i.local_convolve_HWC_q7_nonsquare)
    i.local_fully_connected_q7_opt           0x08002f94   Section        0  nnom_local.o(i.local_fully_connected_q7_opt)
    i.local_leaky_relu_q15                   0x080031cc   Section        0  nnom_local_q15.o(i.local_leaky_relu_q15)
    i.local_leaky_relu_q7                    0x080031f0   Section        0  nnom_local.o(i.local_leaky_relu_q7)
    i.local_softmax_q7                       0x08003210   Section        0  nnom_local.o(i.local_softmax_q7)
    i.main                                   0x08003298   Section        0  main.o(i.main)
    i.mem_analysis_result                    0x080033b8   Section        0  nnom.o(i.mem_analysis_result)
    i.model_active                           0x08003444   Section        0  nnom.o(i.model_active)
    model_active                             0x08003445   Thumb Code     8  nnom.o(i.model_active)
    i.model_add                              0x0800344c   Section        0  nnom.o(i.model_add)
    model_add                                0x0800344d   Thumb Code    50  nnom.o(i.model_add)
    i.model_compile                          0x08003484   Section        0  nnom.o(i.model_compile)
    i.model_feed_data                        0x0800366c   Section        0  main.o(i.model_feed_data)
    i.model_hook                             0x0800372c   Section        0  nnom.o(i.model_hook)
    model_hook                               0x0800372d   Thumb Code    40  nnom.o(i.model_hook)
    i.model_merge                            0x08003754   Section        0  nnom.o(i.model_merge)
    model_merge                              0x08003755   Thumb Code    10  nnom.o(i.model_merge)
    i.model_mergex                           0x0800375e   Section        0  nnom.o(i.model_mergex)
    model_mergex                             0x0800375f   Thumb Code    50  nnom.o(i.model_mergex)
    i.model_run                              0x08003790   Section        0  nnom.o(i.model_run)
    i.model_run_to                           0x08003798   Section        0  nnom.o(i.model_run_to)
    i.model_set_ops                          0x080038a4   Section        0  nnom.o(i.model_set_ops)
    model_set_ops                            0x080038a5   Thumb Code    34  nnom.o(i.model_set_ops)
    i.new_model                              0x080038c8   Section        0  nnom.o(i.new_model)
    i.new_tensor                             0x0800391c   Section        0  nnom_tensor.o(i.new_tensor)
    i.nnom_alignto                           0x080039ac   Section        0  nnom.o(i.nnom_alignto)
    i.nnom_free                              0x080039c6   Section        0  nnom.o(i.nnom_free)
    i.nnom_hook_length                       0x080039c8   Section        0  nnom.o(i.nnom_hook_length)
    i.nnom_malloc                            0x080039dc   Section        0  nnom.o(i.nnom_malloc)
    i.nnom_mem                               0x08003a1c   Section        0  nnom.o(i.nnom_mem)
    i.nnom_model_create                      0x08003a48   Section        0  main.o(i.nnom_model_create)
    nnom_model_create                        0x08003a49   Thumb Code   170  main.o(i.nnom_model_create)
    i.nnom_set_static_buf                    0x08003b00   Section        0  nnom.o(i.nnom_set_static_buf)
    i.output_run                             0x08003b10   Section        0  nnom_output.o(i.output_run)
    i.output_s                               0x08003b30   Section        0  nnom_output.o(i.output_s)
    i.print_layer_info                       0x08003b60   Section        0  nnom.o(i.print_layer_info)
    print_layer_info                         0x08003b61   Thumb Code   288  nnom.o(i.print_layer_info)
    i.print_memory_block_info                0x08003d28   Section        0  nnom.o(i.print_memory_block_info)
    print_memory_block_info                  0x08003d29   Thumb Code    64  nnom.o(i.print_memory_block_info)
    i.release_block                          0x08003d7c   Section        0  nnom.o(i.release_block)
    release_block                            0x08003d7d   Thumb Code    20  nnom.o(i.release_block)
    i.release_comp_mem                       0x08003d90   Section        0  nnom.o(i.release_comp_mem)
    release_comp_mem                         0x08003d91   Thumb Code    14  nnom.o(i.release_comp_mem)
    i.release_input_mem                      0x08003d9e   Section        0  nnom.o(i.release_input_mem)
    release_input_mem                        0x08003d9f   Thumb Code    20  nnom.o(i.release_input_mem)
    i.round                                  0x08003db4   Section        0  round.o(i.round)
    i.set_tailed_activation                  0x08003e48   Section        0  nnom.o(i.set_tailed_activation)
    i.shape                                  0x08003e9c   Section        0  nnom_layers.o(i.shape)
    i.softmax_build                          0x08003eb6   Section        0  nnom_softmax.o(i.softmax_build)
    i.softmax_run                            0x08003ef0   Section        0  nnom_softmax.o(i.softmax_run)
    i.softmax_s                              0x08003f12   Section        0  nnom_softmax.o(i.softmax_s)
    i.stride                                 0x08003f22   Section        0  nnom_layers.o(i.stride)
    i.tensor_cpy_attr                        0x08003f28   Section        0  nnom_tensor.o(i.tensor_cpy_attr)
    i.tensor_get_num_channel                 0x08003f7e   Section        0  nnom_tensor.o(i.tensor_get_num_channel)
    i.tensor_mem_set                         0x08003f8a   Section        0  nnom.o(i.tensor_mem_set)
    i.tensor_set_attr                        0x08003fbc   Section        0  nnom_tensor.o(i.tensor_set_attr)
    i.tensor_set_attr_v                      0x08004006   Section        0  nnom_tensor.o(i.tensor_set_attr_v)
    i.tensor_size                            0x08004030   Section        0  nnom_tensor.o(i.tensor_size)
    .constdata                               0x08004052   Section     1520  oled.o(.constdata)
    .constdata                               0x08004642   Section        4  main.o(.constdata)
    .constdata                               0x08004648   Section        4  main.o(.constdata)
    .constdata                               0x0800464c   Section        4  main.o(.constdata)
    .constdata                               0x08004650   Section       20  main.o(.constdata)
    .constdata                               0x08004664   Section      128  main.o(.constdata)
    .constdata                               0x080046e4   Section      270  main.o(.constdata)
    .constdata                               0x080047f2   Section        6  main.o(.constdata)
    .constdata                               0x080047f8   Section        4  main.o(.constdata)
    .constdata                               0x080047fc   Section        4  main.o(.constdata)
    .constdata                               0x08004800   Section       20  main.o(.constdata)
    .constdata                               0x08004814   Section       30  main.o(.constdata)
    .constdata                               0x08004832   Section        2  main.o(.constdata)
    .constdata                               0x08004834   Section        4  main.o(.constdata)
    .constdata                               0x08004838   Section        4  main.o(.constdata)
    .constdata                               0x0800483c   Section       20  main.o(.constdata)
    .constdata                               0x08004850   Section        4  main.o(.constdata)
    .constdata                               0x08004854   Section        4  main.o(.constdata)
    .constdata                               0x08004858   Section     1350  main.o(.constdata)
    .constdata                               0x08004d9e   Section        6  main.o(.constdata)
    .constdata                               0x08004da4   Section        4  main.o(.constdata)
    .constdata                               0x08004da8   Section        4  main.o(.constdata)
    .constdata                               0x08004dac   Section       20  main.o(.constdata)
    .constdata                               0x08004dc0   Section       15  main.o(.constdata)
    .constdata                               0x08004dd0   Section        2  main.o(.constdata)
    .constdata                               0x08004dd4   Section        4  main.o(.constdata)
    .constdata                               0x08004dd8   Section        4  main.o(.constdata)
    .constdata                               0x08004ddc   Section       20  main.o(.constdata)
    .constdata                               0x08004df0   Section        4  main.o(.constdata)
    .constdata                               0x08004df4   Section        4  main.o(.constdata)
    .constdata                               0x08004df8   Section     3315  main.o(.constdata)
    .constdata                               0x08005aec   Section        4  main.o(.constdata)
    .constdata                               0x08005af0   Section        4  main.o(.constdata)
    .constdata                               0x08005af4   Section        4  main.o(.constdata)
    .constdata                               0x08005af8   Section       20  main.o(.constdata)
    .constdata                               0x08005b0c   Section       13  main.o(.constdata)
    .constdata                               0x08005b1a   Section        2  main.o(.constdata)
    .constdata                               0x08005b1c   Section        4  main.o(.constdata)
    .constdata                               0x08005b20   Section        4  main.o(.constdata)
    .constdata                               0x08005b24   Section       20  main.o(.constdata)
    .constdata                               0x08005b38   Section        4  main.o(.constdata)
    .constdata                               0x08005b3c   Section        4  main.o(.constdata)
    .constdata                               0x08005b40   Section        2  main.o(.constdata)
    .constdata                               0x08005b44   Section        4  main.o(.constdata)
    .constdata                               0x08005b48   Section        4  main.o(.constdata)
    .constdata                               0x08005b4c   Section       20  main.o(.constdata)
    .constdata                               0x08005b60   Section      492  nnom.o(.constdata)
    .constdata                               0x08005d4c   Section        4  nnom_dense.o(.constdata)
    .conststring                             0x08005d50   Section       60  main.o(.conststring)
    .conststring                             0x08005d8c   Section      701  nnom.o(.conststring)
    .data                                    0x20000000   Section       20  stm32f10x_rcc.o(.data)
    ADCPrescTable                            0x20000000   Data           4  stm32f10x_rcc.o(.data)
    APBAHBPrescTable                         0x20000004   Data          16  stm32f10x_rcc.o(.data)
    .data                                    0x20000014   Section        8  main.o(.data)
    .data                                    0x2000001c   Section       16  nnom.o(.data)
    nnom_static_buf                          0x20000020   Data           4  nnom.o(.data)
    nnom_static_buf_size                     0x20000024   Data           4  nnom.o(.data)
    nnom_static_buf_curr                     0x20000028   Data           4  nnom.o(.data)
    .data                                    0x2000002c   Section        4  stdout.o(.data)
    .bss                                     0x20000030   Section    10592  main.o(.bss)
    nnom_input_data                          0x20000030   Data         450  main.o(.bss)
    nnom_output_data                         0x200001f2   Data          13  main.o(.bss)
    model                                    0x20000200   Data         136  main.o(.bss)
    STACK                                    0x20002990   Section     1024  startup_stm32f10x_md.o(STACK)

    Global Symbols

    Symbol Name                              Value     Ov Type        Size  Object(Section)

    BuildAttributes$$THM_ISAv4$P$D$K$B$S$PE$A:L22UL41UL21$X:L11$S22US41US21$IEEE1$IW$USESV6$~STKCKD$USESV7$~SHL$OTIME$ROPI$IEEEJ$EBA8$MICROLIB$REQ8$PRES8$EABIv2 0x00000000   Number         0  anon$$obj.o ABSOLUTE
    __ARM_use_no_argv                        0x00000000   Number         0  main.o ABSOLUTE
    _printf_a                                0x00000000   Number         0  stubs.o ABSOLUTE
    _printf_c                                0x00000000   Number         0  stubs.o ABSOLUTE
    _printf_charcount                        0x00000000   Number         0  stubs.o ABSOLUTE
    _printf_d                                0x00000000   Number         0  stubs.o ABSOLUTE
    _printf_e                                0x00000000   Number         0  stubs.o ABSOLUTE
    _printf_f                                0x00000000   Number         0  stubs.o ABSOLUTE
    _printf_flags                            0x00000000   Number         0  stubs.o ABSOLUTE
    _printf_fp_dec                           0x00000000   Number         0  stubs.o ABSOLUTE
    _printf_fp_hex                           0x00000000   Number         0  stubs.o ABSOLUTE
    _printf_g                                0x00000000   Number         0  stubs.o ABSOLUTE
    _printf_i                                0x00000000   Number         0  stubs.o ABSOLUTE
    _printf_int_dec                          0x00000000   Number         0  stubs.o ABSOLUTE
    _printf_l                                0x00000000   Number         0  stubs.o ABSOLUTE
    _printf_lc                               0x00000000   Number         0  stubs.o ABSOLUTE
    _printf_ll                               0x00000000   Number         0  stubs.o ABSOLUTE
    _printf_lld                              0x00000000   Number         0  stubs.o ABSOLUTE
    _printf_lli                              0x00000000   Number         0  stubs.o ABSOLUTE
    _printf_llo                              0x00000000   Number         0  stubs.o ABSOLUTE
    _printf_llu                              0x00000000   Number         0  stubs.o ABSOLUTE
    _printf_llx                              0x00000000   Number         0  stubs.o ABSOLUTE
    _printf_longlong_dec                     0x00000000   Number         0  stubs.o ABSOLUTE
    _printf_longlong_hex                     0x00000000   Number         0  stubs.o ABSOLUTE
    _printf_longlong_oct                     0x00000000   Number         0  stubs.o ABSOLUTE
    _printf_ls                               0x00000000   Number         0  stubs.o ABSOLUTE
    _printf_mbtowc                           0x00000000   Number         0  stubs.o ABSOLUTE
    _printf_n                                0x00000000   Number         0  stubs.o ABSOLUTE
    _printf_o                                0x00000000   Number         0  stubs.o ABSOLUTE
    _printf_p                                0x00000000   Number         0  stubs.o ABSOLUTE
    _printf_percent                          0x00000000   Number         0  stubs.o ABSOLUTE
    _printf_pre_padding                      0x00000000   Number         0  stubs.o ABSOLUTE
    _printf_return_value                     0x00000000   Number         0  stubs.o ABSOLUTE
    _printf_s                                0x00000000   Number         0  stubs.o ABSOLUTE
    _printf_sizespec                         0x00000000   Number         0  stubs.o ABSOLUTE
    _printf_str                              0x00000000   Number         0  stubs.o ABSOLUTE
    _printf_truncate_signed                  0x00000000   Number         0  stubs.o ABSOLUTE
    _printf_truncate_unsigned                0x00000000   Number         0  stubs.o ABSOLUTE
    _printf_u                                0x00000000   Number         0  stubs.o ABSOLUTE
    _printf_wc                               0x00000000   Number         0  stubs.o ABSOLUTE
    _printf_wctomb                           0x00000000   Number         0  stubs.o ABSOLUTE
    _printf_widthprec                        0x00000000   Number         0  stubs.o ABSOLUTE
    _printf_x                                0x00000000   Number         0  stubs.o ABSOLUTE
    __cpp_initialize__aeabi_                  - Undefined Weak Reference
    __cxa_finalize                            - Undefined Weak Reference
    __decompress                              - Undefined Weak Reference
    _clock_init                               - Undefined Weak Reference
    _microlib_exit                            - Undefined Weak Reference
    __Vectors_Size                           0x000000ec   Number         0  startup_stm32f10x_md.o ABSOLUTE
    __Vectors                                0x08000000   Data           4  startup_stm32f10x_md.o(RESET)
    __Vectors_End                            0x080000ec   Data           0  startup_stm32f10x_md.o(RESET)
    __main                                   0x080000ed   Thumb Code     0  entry.o(.ARM.Collect$$$$00000000)
    _main_stk                                0x080000ed   Thumb Code     0  entry2.o(.ARM.Collect$$$$00000001)
    _main_scatterload                        0x080000f1   Thumb Code     0  entry5.o(.ARM.Collect$$$$00000004)
    __main_after_scatterload                 0x080000f5   Thumb Code     0  entry5.o(.ARM.Collect$$$$00000004)
    _main_clock                              0x080000f5   Thumb Code     0  entry7b.o(.ARM.Collect$$$$00000008)
    _main_cpp_init                           0x080000f5   Thumb Code     0  entry8b.o(.ARM.Collect$$$$0000000A)
    _main_init                               0x080000f5   Thumb Code     0  entry9a.o(.ARM.Collect$$$$0000000B)
    __rt_final_cpp                           0x080000fd   Thumb Code     0  entry10a.o(.ARM.Collect$$$$0000000D)
    __rt_final_exit                          0x080000fd   Thumb Code     0  entry11a.o(.ARM.Collect$$$$0000000F)
    Reset_Handler                            0x08000101   Thumb Code     8  startup_stm32f10x_md.o(.text)
    ADC1_2_IRQHandler                        0x0800011b   Thumb Code     0  startup_stm32f10x_md.o(.text)
    CAN1_RX1_IRQHandler                      0x0800011b   Thumb Code     0  startup_stm32f10x_md.o(.text)
    CAN1_SCE_IRQHandler                      0x0800011b   Thumb Code     0  startup_stm32f10x_md.o(.text)
    DMA1_Channel1_IRQHandler                 0x0800011b   Thumb Code     0  startup_stm32f10x_md.o(.text)
    DMA1_Channel2_IRQHandler                 0x0800011b   Thumb Code     0  startup_stm32f10x_md.o(.text)
    DMA1_Channel3_IRQHandler                 0x0800011b   Thumb Code     0  startup_stm32f10x_md.o(.text)
    DMA1_Channel4_IRQHandler                 0x0800011b   Thumb Code     0  startup_stm32f10x_md.o(.text)
    DMA1_Channel5_IRQHandler                 0x0800011b   Thumb Code     0  startup_stm32f10x_md.o(.text)
    DMA1_Channel6_IRQHandler                 0x0800011b   Thumb Code     0  startup_stm32f10x_md.o(.text)
    DMA1_Channel7_IRQHandler                 0x0800011b   Thumb Code     0  startup_stm32f10x_md.o(.text)
    EXTI0_IRQHandler                         0x0800011b   Thumb Code     0  startup_stm32f10x_md.o(.text)
    EXTI1_IRQHandler                         0x0800011b   Thumb Code     0  startup_stm32f10x_md.o(.text)
    EXTI2_IRQHandler                         0x0800011b   Thumb Code     0  startup_stm32f10x_md.o(.text)
    EXTI3_IRQHandler                         0x0800011b   Thumb Code     0  startup_stm32f10x_md.o(.text)
    EXTI4_IRQHandler                         0x0800011b   Thumb Code     0  startup_stm32f10x_md.o(.text)
    EXTI9_5_IRQHandler                       0x0800011b   Thumb Code     0  startup_stm32f10x_md.o(.text)
    FLASH_IRQHandler                         0x0800011b   Thumb Code     0  startup_stm32f10x_md.o(.text)
    I2C1_ER_IRQHandler                       0x0800011b   Thumb Code     0  startup_stm32f10x_md.o(.text)
    I2C1_EV_IRQHandler                       0x0800011b   Thumb Code     0  startup_stm32f10x_md.o(.text)
    I2C2_ER_IRQHandler                       0x0800011b   Thumb Code     0  startup_stm32f10x_md.o(.text)
    I2C2_EV_IRQHandler                       0x0800011b   Thumb Code     0  startup_stm32f10x_md.o(.text)
    PVD_IRQHandler                           0x0800011b   Thumb Code     0  startup_stm32f10x_md.o(.text)
    RCC_IRQHandler                           0x0800011b   Thumb Code     0  startup_stm32f10x_md.o(.text)
    RTCAlarm_IRQHandler                      0x0800011b   Thumb Code     0  startup_stm32f10x_md.o(.text)
    RTC_IRQHandler                           0x0800011b   Thumb Code     0  startup_stm32f10x_md.o(.text)
    SPI1_IRQHandler                          0x0800011b   Thumb Code     0  startup_stm32f10x_md.o(.text)
    SPI2_IRQHandler                          0x0800011b   Thumb Code     0  startup_stm32f10x_md.o(.text)
    TAMPER_IRQHandler                        0x0800011b   Thumb Code     0  startup_stm32f10x_md.o(.text)
    TIM1_BRK_IRQHandler                      0x0800011b   Thumb Code     0  startup_stm32f10x_md.o(.text)
    TIM1_CC_IRQHandler                       0x0800011b   Thumb Code     0  startup_stm32f10x_md.o(.text)
    TIM1_TRG_COM_IRQHandler                  0x0800011b   Thumb Code     0  startup_stm32f10x_md.o(.text)
    TIM1_UP_IRQHandler                       0x0800011b   Thumb Code     0  startup_stm32f10x_md.o(.text)
    TIM2_IRQHandler                          0x0800011b   Thumb Code     0  startup_stm32f10x_md.o(.text)
    TIM3_IRQHandler                          0x0800011b   Thumb Code     0  startup_stm32f10x_md.o(.text)
    TIM4_IRQHandler                          0x0800011b   Thumb Code     0  startup_stm32f10x_md.o(.text)
    USART1_IRQHandler                        0x0800011b   Thumb Code     0  startup_stm32f10x_md.o(.text)
    USART2_IRQHandler                        0x0800011b   Thumb Code     0  startup_stm32f10x_md.o(.text)
    USART3_IRQHandler                        0x0800011b   Thumb Code     0  startup_stm32f10x_md.o(.text)
    USBWakeUp_IRQHandler                     0x0800011b   Thumb Code     0  startup_stm32f10x_md.o(.text)
    USB_HP_CAN1_TX_IRQHandler                0x0800011b   Thumb Code     0  startup_stm32f10x_md.o(.text)
    USB_LP_CAN1_RX0_IRQHandler               0x0800011b   Thumb Code     0  startup_stm32f10x_md.o(.text)
    WWDG_IRQHandler                          0x0800011b   Thumb Code     0  startup_stm32f10x_md.o(.text)
    __aeabi_uldivmod                         0x08000125   Thumb Code    98  uldiv.o(.text)
    __aeabi_lasr                             0x08000187   Thumb Code    36  llsshr.o(.text)
    _ll_sshift_r                             0x08000187   Thumb Code     0  llsshr.o(.text)
    __aeabi_memcpy                           0x080001ab   Thumb Code    36  memcpya.o(.text)
    __aeabi_memcpy4                          0x080001ab   Thumb Code     0  memcpya.o(.text)
    __aeabi_memcpy8                          0x080001ab   Thumb Code     0  memcpya.o(.text)
    __aeabi_memset                           0x080001cf   Thumb Code    14  memseta.o(.text)
    __aeabi_memset4                          0x080001cf   Thumb Code     0  memseta.o(.text)
    __aeabi_memset8                          0x080001cf   Thumb Code     0  memseta.o(.text)
    __aeabi_memclr                           0x080001dd   Thumb Code     4  memseta.o(.text)
    __aeabi_memclr4                          0x080001dd   Thumb Code     0  memseta.o(.text)
    __aeabi_memclr8                          0x080001dd   Thumb Code     0  memseta.o(.text)
    _memset$wrapper                          0x080001e1   Thumb Code    18  memseta.o(.text)
    __ARM_scalbnf                            0x080001f3   Thumb Code    24  fscalb.o(.text)
    scalbnf                                  0x080001f3   Thumb Code     0  fscalb.o(.text)
    __ARM_scalbn                             0x0800020b   Thumb Code    46  dscalb.o(.text)
    scalbn                                   0x0800020b   Thumb Code     0  dscalb.o(.text)
    __aeabi_i2d                              0x08000239   Thumb Code    34  dflti.o(.text)
    __aeabi_f2iz                             0x0800025b   Thumb Code    50  ffixi.o(.text)
    __aeabi_d2iz                             0x0800028d   Thumb Code    62  dfixi.o(.text)
    __aeabi_f2d                              0x080002cb   Thumb Code    38  f2d.o(.text)
    __aeabi_d2f                              0x080002f1   Thumb Code    56  d2f.o(.text)
    __aeabi_uidiv                            0x08000329   Thumb Code     0  uidiv.o(.text)
    __aeabi_uidivmod                         0x08000329   Thumb Code    44  uidiv.o(.text)
    __aeabi_llsl                             0x08000355   Thumb Code    30  llshl.o(.text)
    _ll_shift_l                              0x08000355   Thumb Code     0  llshl.o(.text)
    __aeabi_llsr                             0x08000373   Thumb Code    32  llushr.o(.text)
    _ll_ushift_r                             0x08000373   Thumb Code     0  llushr.o(.text)
    __I$use$fp                               0x08000393   Thumb Code     0  iusefp.o(.text)
    _float_round                             0x08000393   Thumb Code    18  fepilogue.o(.text)
    _float_epilogue                          0x080003a5   Thumb Code    92  fepilogue.o(.text)
    _double_round                            0x08000401   Thumb Code    30  depilogue.o(.text)
    _double_epilogue                         0x0800041f   Thumb Code   156  depilogue.o(.text)
    __aeabi_dadd                             0x080004bb   Thumb Code   322  dadd.o(.text)
    __aeabi_dsub                             0x080005fd   Thumb Code     6  dadd.o(.text)
    __aeabi_drsub                            0x08000603   Thumb Code     6  dadd.o(.text)
    __aeabi_dmul                             0x08000609   Thumb Code   228  dmul.o(.text)
    __aeabi_ddiv                             0x080006ed   Thumb Code   222  ddiv.o(.text)
    _drnd                                    0x080007cd   Thumb Code   132  drnd.o(.text)
    __aeabi_d2ulz                            0x08000855   Thumb Code    48  dfixul.o(.text)
    __aeabi_cdcmpeq                          0x08000885   Thumb Code     0  cdcmple.o(.text)
    __aeabi_cdcmple                          0x08000885   Thumb Code    48  cdcmple.o(.text)
    __aeabi_cdrcmple                         0x080008b5   Thumb Code    48  cdrcmple.o(.text)
    __scatterload                            0x080008e5   Thumb Code    28  init.o(.text)
    __scatterload_rt2                        0x080008e5   Thumb Code     0  init.o(.text)
    BusFault_Handler                         0x08000909   Thumb Code     2  stm32f10x_it.o(i.BusFault_Handler)
    DebugMon_Handler                         0x0800090b   Thumb Code     2  stm32f10x_it.o(i.DebugMon_Handler)
    EXTI15_10_IRQHandler                     0x0800090d   Thumb Code    32  main.o(i.EXTI15_10_IRQHandler)
    EXTI_ClearITPendingBit                   0x08000931   Thumb Code     6  stm32f10x_exti.o(i.EXTI_ClearITPendingBit)
    EXTI_GetITStatus                         0x0800093d   Thumb Code    28  stm32f10x_exti.o(i.EXTI_GetITStatus)
    EXTI_Init                                0x0800095d   Thumb Code   110  stm32f10x_exti.o(i.EXTI_Init)
    Flatten                                  0x080009d1   Thumb Code    66  nnom_flatten.o(i.Flatten)
    GPIO_EXTILineConfig                      0x08000a1d   Thumb Code    34  stm32f10x_gpio.o(i.GPIO_EXTILineConfig)
    GPIO_Init                                0x08000a45   Thumb Code   166  stm32f10x_gpio.o(i.GPIO_Init)
    GPIO_WriteBit                            0x08000aeb   Thumb Code    12  stm32f10x_gpio.o(i.GPIO_WriteBit)
    HardFault_Handler                        0x08000af7   Thumb Code     2  stm32f10x_it.o(i.HardFault_Handler)
    I2C_AcknowledgeConfig                    0x08000af9   Thumb Code    24  stm32f10x_i2c.o(i.I2C_AcknowledgeConfig)
    I2C_CheckEvent                           0x08000b11   Thumb Code    24  stm32f10x_i2c.o(i.I2C_CheckEvent)
    I2C_Cmd                                  0x08000b29   Thumb Code    24  stm32f10x_i2c.o(i.I2C_Cmd)
    I2C_GenerateSTART                        0x08000b41   Thumb Code    24  stm32f10x_i2c.o(i.I2C_GenerateSTART)
    I2C_GenerateSTOP                         0x08000b59   Thumb Code    24  stm32f10x_i2c.o(i.I2C_GenerateSTOP)
    I2C_Init                                 0x08000b71   Thumb Code   182  stm32f10x_i2c.o(i.I2C_Init)
    I2C_ReceiveData                          0x08000c31   Thumb Code     6  stm32f10x_i2c.o(i.I2C_ReceiveData)
    I2C_Send7bitAddress                      0x08000c37   Thumb Code    18  stm32f10x_i2c.o(i.I2C_Send7bitAddress)
    I2C_SendData                             0x08000c49   Thumb Code     4  stm32f10x_i2c.o(i.I2C_SendData)
    Key_Init                                 0x08000c4d   Thumb Code   114  key.o(i.Key_Init)
    MPU6050_GetData                          0x08000cc5   Thumb Code   146  mpu6050.o(i.MPU6050_GetData)
    MPU6050_GetDataArray                     0x08000d57   Thumb Code    48  mpu6050.o(i.MPU6050_GetDataArray)
    MPU6050_Init                             0x08000d89   Thumb Code   156  mpu6050.o(i.MPU6050_Init)
    MPU6050_ReadReg                          0x08000e2d   Thumb Code   140  mpu6050.o(i.MPU6050_ReadReg)
    MPU6050_WaitEvent                        0x08000ec5   Thumb Code    32  mpu6050.o(i.MPU6050_WaitEvent)
    MPU6050_WriteReg                         0x08000ee5   Thumb Code    90  mpu6050.o(i.MPU6050_WriteReg)
    MemManage_Handler                        0x08000f4d   Thumb Code     2  stm32f10x_it.o(i.MemManage_Handler)
    NMI_Handler                              0x08000f4f   Thumb Code     2  stm32f10x_it.o(i.NMI_Handler)
    NVIC_Init                                0x08000f51   Thumb Code    96  misc.o(i.NVIC_Init)
    NVIC_PriorityGroupConfig                 0x08000fb5   Thumb Code    10  misc.o(i.NVIC_PriorityGroupConfig)
    OLED_Clear                               0x08000fc9   Thumb Code    38  oled.o(i.OLED_Clear)
    OLED_I2C_Init                            0x08000ff1   Thumb Code    76  oled.o(i.OLED_I2C_Init)
    OLED_I2C_SendByte                        0x08001041   Thumb Code    94  oled.o(i.OLED_I2C_SendByte)
    OLED_I2C_Start                           0x080010a5   Thumb Code    52  oled.o(i.OLED_I2C_Start)
    OLED_I2C_Stop                            0x080010dd   Thumb Code    42  oled.o(i.OLED_I2C_Stop)
    OLED_Init                                0x0800110d   Thumb Code   172  oled.o(i.OLED_Init)
    OLED_Pow                                 0x080011b9   Thumb Code    16  oled.o(i.OLED_Pow)
    OLED_SetCursor                           0x080011c9   Thumb Code    34  oled.o(i.OLED_SetCursor)
    OLED_ShowChar                            0x080011ed   Thumb Code    82  oled.o(i.OLED_ShowChar)
    OLED_ShowNum                             0x08001245   Thumb Code    64  oled.o(i.OLED_ShowNum)
    OLED_ShowString                          0x08001285   Thumb Code    38  oled.o(i.OLED_ShowString)
    OLED_WriteCommand                        0x080012ab   Thumb Code    34  oled.o(i.OLED_WriteCommand)
    OLED_WriteData                           0x080012cd   Thumb Code    34  oled.o(i.OLED_WriteData)
    PendSV_Handler                           0x080012ef   Thumb Code     2  stm32f10x_it.o(i.PendSV_Handler)
    RCC_APB1PeriphClockCmd                   0x080012f1   Thumb Code    22  stm32f10x_rcc.o(i.RCC_APB1PeriphClockCmd)
    RCC_APB2PeriphClockCmd                   0x0800130d   Thumb Code    22  stm32f10x_rcc.o(i.RCC_APB2PeriphClockCmd)
    RCC_GetClocksFreq                        0x08001329   Thumb Code   154  stm32f10x_rcc.o(i.RCC_GetClocksFreq)
    SVC_Handler                              0x080013d5   Thumb Code     2  stm32f10x_it.o(i.SVC_Handler)
    Serial_Init                              0x080013d9   Thumb Code   100  serial.o(i.Serial_Init)
    Serial_Pow                               0x08001445   Thumb Code    16  serial.o(i.Serial_Pow)
    Serial_SendByte                          0x08001455   Thumb Code    26  serial.o(i.Serial_SendByte)
    Serial_SendNumber                        0x08001475   Thumb Code    54  serial.o(i.Serial_SendNumber)
    Serial_SendString                        0x080014ab   Thumb Code    24  serial.o(i.Serial_SendString)
    Softmax                                  0x08001579   Thumb Code    64  nnom_softmax.o(i.Softmax)
    SysTick_Handler                          0x080015c1   Thumb Code     2  stm32f10x_it.o(i.SysTick_Handler)
    SystemInit                               0x080015c5   Thumb Code    64  system_stm32f10x.o(i.SystemInit)
    USART_Cmd                                0x08001615   Thumb Code    24  stm32f10x_usart.o(i.USART_Cmd)
    USART_GetFlagStatus                      0x0800162d   Thumb Code    14  stm32f10x_usart.o(i.USART_GetFlagStatus)
    USART_Init                               0x0800163d   Thumb Code   182  stm32f10x_usart.o(i.USART_Init)
    USART_SendData                           0x080016f9   Thumb Code     8  stm32f10x_usart.o(i.USART_SendData)
    UsageFault_Handler                       0x08001701   Thumb Code     2  stm32f10x_it.o(i.UsageFault_Handler)
    __0printf                                0x08001705   Thumb Code    22  printfa.o(i.__0printf)
    __1printf                                0x08001705   Thumb Code     0  printfa.o(i.__0printf)
    __2printf                                0x08001705   Thumb Code     0  printfa.o(i.__0printf)
    __c89printf                              0x08001705   Thumb Code     0  printfa.o(i.__0printf)
    printf                                   0x08001705   Thumb Code     0  printfa.o(i.__0printf)
    __scatterload_copy                       0x08001775   Thumb Code    14  handlers.o(i.__scatterload_copy)
    __scatterload_null                       0x08001783   Thumb Code     2  handlers.o(i.__scatterload_null)
    __scatterload_zeroinit                   0x08001785   Thumb Code    14  handlers.o(i.__scatterload_zeroinit)
    act_get_dec_bit                          0x08002047   Thumb Code    24  nnom_activation.o(i.act_get_dec_bit)
    act_leaky_relu                           0x08002061   Thumb Code    44  nnom_activation.o(i.act_leaky_relu)
    block_mem_set                            0x08002125   Thumb Code    34  nnom.o(i.block_mem_set)
    check_model_version                      0x08002149   Thumb Code    62  nnom.o(i.check_model_version)
    compile_layers                           0x080021e5   Thumb Code   538  nnom.o(i.compile_layers)
    conv2d_build                             0x080023ff   Thumb Code   244  nnom_conv2d.o(i.conv2d_build)
    conv2d_free                              0x080024f3   Thumb Code    26  nnom_conv2d.o(i.conv2d_free)
    conv2d_run                               0x0800250d   Thumb Code   262  nnom_conv2d.o(i.conv2d_run)
    conv2d_s                                 0x08002615   Thumb Code   314  nnom_conv2d.o(i.conv2d_s)
    conv_output_length                       0x0800275d   Thumb Code    36  nnom_conv2d.o(i.conv_output_length)
    default_build                            0x08002781   Thumb Code    74  nnom_baselayer.o(i.default_build)
    delete_tensor                            0x080027cb   Thumb Code    10  nnom_tensor.o(i.delete_tensor)
    dense_build                              0x080027d5   Thumb Code   202  nnom_dense.o(i.dense_build)
    dense_free                               0x080028a5   Thumb Code    26  nnom_dense.o(i.dense_free)
    dense_run                                0x080028bf   Thumb Code    90  nnom_dense.o(i.dense_run)
    dense_s                                  0x08002919   Thumb Code   110  nnom_dense.o(i.dense_s)
    dilation                                 0x08002995   Thumb Code     6  nnom_layers.o(i.dilation)
    flatten_build                            0x080029ad   Thumb Code    76  nnom_flatten.o(i.flatten_build)
    flatten_run                              0x080029f9   Thumb Code     4  nnom_flatten.o(i.flatten_run)
    flatten_s                                0x080029fd   Thumb Code    16  nnom_flatten.o(i.flatten_s)
    fputc                                    0x08002a0d   Thumb Code    14  serial.o(i.fputc)
    input_build                              0x08002a1b   Thumb Code    42  nnom_input.o(i.input_build)
    input_run                                0x08002a45   Thumb Code    30  nnom_input.o(i.input_run)
    input_s                                  0x08002a65   Thumb Code   230  nnom_input.o(i.input_s)
    io_init                                  0x08002b55   Thumb Code     8  nnom_layers.o(i.io_init)
    kernel                                   0x08002b7b   Thumb Code     6  nnom_layers.o(i.kernel)
    layer_run                                0x08002b81   Thumb Code    44  nnom.o(i.layer_run)
    local_convolve_HWC_q15_nonsquare         0x08002c1b   Thumb Code   458  nnom_local_q15.o(i.local_convolve_HWC_q15_nonsquare)
    local_convolve_HWC_q7_nonsquare          0x08002de5   Thumb Code   432  nnom_local.o(i.local_convolve_HWC_q7_nonsquare)
    local_fully_connected_q7_opt             0x08002f95   Thumb Code   568  nnom_local.o(i.local_fully_connected_q7_opt)
    local_leaky_relu_q15                     0x080031cd   Thumb Code    36  nnom_local_q15.o(i.local_leaky_relu_q15)
    local_leaky_relu_q7                      0x080031f1   Thumb Code    32  nnom_local.o(i.local_leaky_relu_q7)
    local_softmax_q7                         0x08003211   Thumb Code   136  nnom_local.o(i.local_softmax_q7)
    main                                     0x08003299   Thumb Code   226  main.o(i.main)
    mem_analysis_result                      0x080033b9   Thumb Code    52  nnom.o(i.mem_analysis_result)
    model_compile                            0x08003485   Thumb Code   218  nnom.o(i.model_compile)
    model_feed_data                          0x0800366d   Thumb Code   174  main.o(i.model_feed_data)
    model_run                                0x08003791   Thumb Code     6  nnom.o(i.model_run)
    model_run_to                             0x08003799   Thumb Code   138  nnom.o(i.model_run_to)
    new_model                                0x080038c9   Thumb Code    62  nnom.o(i.new_model)
    new_tensor                               0x0800391d   Thumb Code   106  nnom_tensor.o(i.new_tensor)
    nnom_alignto                             0x080039ad   Thumb Code    26  nnom.o(i.nnom_alignto)
    nnom_free                                0x080039c7   Thumb Code     2  nnom.o(i.nnom_free)
    nnom_hook_length                         0x080039c9   Thumb Code    20  nnom.o(i.nnom_hook_length)
    nnom_malloc                              0x080039dd   Thumb Code    52  nnom.o(i.nnom_malloc)
    nnom_mem                                 0x08003a1d   Thumb Code    40  nnom.o(i.nnom_mem)
    nnom_set_static_buf                      0x08003b01   Thumb Code    12  nnom.o(i.nnom_set_static_buf)
    output_run                               0x08003b11   Thumb Code    30  nnom_output.o(i.output_run)
    output_s                                 0x08003b31   Thumb Code    40  nnom_output.o(i.output_s)
    round                                    0x08003db5   Thumb Code   136  round.o(i.round)
    set_tailed_activation                    0x08003e49   Thumb Code    58  nnom.o(i.set_tailed_activation)
    shape                                    0x08003e9d   Thumb Code    26  nnom_layers.o(i.shape)
    softmax_build                            0x08003eb7   Thumb Code    58  nnom_softmax.o(i.softmax_build)
    softmax_run                              0x08003ef1   Thumb Code    34  nnom_softmax.o(i.softmax_run)
    softmax_s                                0x08003f13   Thumb Code    16  nnom_softmax.o(i.softmax_s)
    stride                                   0x08003f23   Thumb Code     6  nnom_layers.o(i.stride)
    tensor_cpy_attr                          0x08003f29   Thumb Code    86  nnom_tensor.o(i.tensor_cpy_attr)
    tensor_get_num_channel                   0x08003f7f   Thumb Code    12  nnom_tensor.o(i.tensor_get_num_channel)
    tensor_mem_set                           0x08003f8b   Thumb Code    50  nnom.o(i.tensor_mem_set)
    tensor_set_attr                          0x08003fbd   Thumb Code    74  nnom_tensor.o(i.tensor_set_attr)
    tensor_set_attr_v                        0x08004007   Thumb Code    42  nnom_tensor.o(i.tensor_set_attr_v)
    tensor_size                              0x08004031   Thumb Code    34  nnom_tensor.o(i.tensor_size)
    OLED_F8x16                               0x08004052   Data        1520  oled.o(.constdata)
    tensor_input_1_dim                       0x08004642   Data           4  main.o(.constdata)
    tensor_input_1_dec                       0x08004648   Data           4  main.o(.constdata)
    tensor_input_1_offset                    0x0800464c   Data           4  main.o(.constdata)
    tensor_input_1                           0x08004650   Data          20  main.o(.constdata)
    flatten_config                           0x08004664   Data           4  main.o(.constdata)
    softmax_config                           0x08004668   Data           4  main.o(.constdata)
    input_1_config                           0x0800466c   Data           8  main.o(.constdata)
    output0_config                           0x08004674   Data           8  main.o(.constdata)
    conv1d_config                            0x0800467c   Data          40  main.o(.constdata)
    conv1d_1_config                          0x080046a4   Data          40  main.o(.constdata)
    dense_config                             0x080046cc   Data          24  main.o(.constdata)
    tensor_conv1d_kernel_0_data              0x080046e4   Data         270  main.o(.constdata)
    tensor_conv1d_kernel_0_dim               0x080047f2   Data           6  main.o(.constdata)
    tensor_conv1d_kernel_0_dec               0x080047f8   Data           4  main.o(.constdata)
    tensor_conv1d_kernel_0_offset            0x080047fc   Data           4  main.o(.constdata)
    tensor_conv1d_kernel_0                   0x08004800   Data          20  main.o(.constdata)
    tensor_conv1d_bias_0_data                0x08004814   Data          30  main.o(.constdata)
    tensor_conv1d_bias_0_dim                 0x08004832   Data           2  main.o(.constdata)
    tensor_conv1d_bias_0_dec                 0x08004834   Data           4  main.o(.constdata)
    tensor_conv1d_bias_0_offset              0x08004838   Data           4  main.o(.constdata)
    tensor_conv1d_bias_0                     0x0800483c   Data          20  main.o(.constdata)
    conv1d_output_shift                      0x08004850   Data           4  main.o(.constdata)
    conv1d_bias_shift                        0x08004854   Data           4  main.o(.constdata)
    tensor_conv1d_1_kernel_0_data            0x08004858   Data        1350  main.o(.constdata)
    tensor_conv1d_1_kernel_0_dim             0x08004d9e   Data           6  main.o(.constdata)
    tensor_conv1d_1_kernel_0_dec             0x08004da4   Data           4  main.o(.constdata)
    tensor_conv1d_1_kernel_0_offset          0x08004da8   Data           4  main.o(.constdata)
    tensor_conv1d_1_kernel_0                 0x08004dac   Data          20  main.o(.constdata)
    tensor_conv1d_1_bias_0_data              0x08004dc0   Data          15  main.o(.constdata)
    tensor_conv1d_1_bias_0_dim               0x08004dd0   Data           2  main.o(.constdata)
    tensor_conv1d_1_bias_0_dec               0x08004dd4   Data           4  main.o(.constdata)
    tensor_conv1d_1_bias_0_offset            0x08004dd8   Data           4  main.o(.constdata)
    tensor_conv1d_1_bias_0                   0x08004ddc   Data          20  main.o(.constdata)
    conv1d_1_output_shift                    0x08004df0   Data           4  main.o(.constdata)
    conv1d_1_bias_shift                      0x08004df4   Data           4  main.o(.constdata)
    tensor_dense_kernel_0_data               0x08004df8   Data        3315  main.o(.constdata)
    tensor_dense_kernel_0_dim                0x08005aec   Data           4  main.o(.constdata)
    tensor_dense_kernel_0_dec                0x08005af0   Data           4  main.o(.constdata)
    tensor_dense_kernel_0_offset             0x08005af4   Data           4  main.o(.constdata)
    tensor_dense_kernel_0                    0x08005af8   Data          20  main.o(.constdata)
    tensor_dense_bias_0_data                 0x08005b0c   Data          13  main.o(.constdata)
    tensor_dense_bias_0_dim                  0x08005b1a   Data           2  main.o(.constdata)
    tensor_dense_bias_0_dec                  0x08005b1c   Data           4  main.o(.constdata)
    tensor_dense_bias_0_offset               0x08005b20   Data           4  main.o(.constdata)
    tensor_dense_bias_0                      0x08005b24   Data          20  main.o(.constdata)
    dense_output_shift                       0x08005b38   Data           4  main.o(.constdata)
    dense_bias_shift                         0x08005b3c   Data           4  main.o(.constdata)
    tensor_output0_dim                       0x08005b40   Data           2  main.o(.constdata)
    tensor_output0_dec                       0x08005b44   Data           4  main.o(.constdata)
    tensor_output0_offset                    0x08005b48   Data           4  main.o(.constdata)
    tensor_output0                           0x08005b4c   Data          20  main.o(.constdata)
    default_layer_names                      0x08005b60   Data         396  nnom.o(.constdata)
    default_activation_names                 0x08005cec   Data          64  nnom.o(.constdata)
    default_cell_names                       0x08005d2c   Data          32  nnom.o(.constdata)
    Region$$Table$$Base                      0x0800604c   Number         0  anon$$obj.o(Region$$Table)
    Region$$Table$$Limit                     0x0800606c   Number         0  anon$$obj.o(Region$$Table)
    mpustatus                                0x20000014   Data           4  main.o(.data)
    model                                    0x20000018   Data           4  main.o(.data)
    nnom_memory_taken                        0x2000001c   Data           4  nnom.o(.data)
    __stdout                                 0x2000002c   Data           4  stdout.o(.data)
    static_buf                               0x20000288   Data        8192  main.o(.bss)
    mpu                                      0x20002288   Data        1800  main.o(.bss)
    __initial_sp                             0x20002d90   Data           0  startup_stm32f10x_md.o(STACK)



==============================================================================

Memory Map of the image

  Image Entry point : 0x080000ed

  Load Region LR_IROM1 (Base: 0x08000000, Size: 0x0000609c, Max: 0x00010000, ABSOLUTE)

    Execution Region ER_IROM1 (Exec base: 0x08000000, Load base: 0x08000000, Size: 0x0000606c, Max: 0x00010000, ABSOLUTE)

    Exec Addr    Load Addr    Size         Type   Attr      Idx    E Section Name        Object

    0x08000000   0x08000000   0x000000ec   Data   RO            3    RESET               startup_stm32f10x_md.o
    0x080000ec   0x080000ec   0x00000000   Code   RO         5908  * .ARM.Collect$$$$00000000  mc_w.l(entry.o)
    0x080000ec   0x080000ec   0x00000004   Code   RO         6208    .ARM.Collect$$$$00000001  mc_w.l(entry2.o)
    0x080000f0   0x080000f0   0x00000004   Code   RO         6211    .ARM.Collect$$$$00000004  mc_w.l(entry5.o)
    0x080000f4   0x080000f4   0x00000000   Code   RO         6213    .ARM.Collect$$$$00000008  mc_w.l(entry7b.o)
    0x080000f4   0x080000f4   0x00000000   Code   RO         6215    .ARM.Collect$$$$0000000A  mc_w.l(entry8b.o)
    0x080000f4   0x080000f4   0x00000008   Code   RO         6216    .ARM.Collect$$$$0000000B  mc_w.l(entry9a.o)
    0x080000fc   0x080000fc   0x00000000   Code   RO         6218    .ARM.Collect$$$$0000000D  mc_w.l(entry10a.o)
    0x080000fc   0x080000fc   0x00000000   Code   RO         6220    .ARM.Collect$$$$0000000F  mc_w.l(entry11a.o)
    0x080000fc   0x080000fc   0x00000004   Code   RO         6209    .ARM.Collect$$$$00002712  mc_w.l(entry2.o)
    0x08000100   0x08000100   0x00000024   Code   RO            4    .text               startup_stm32f10x_md.o
    0x08000124   0x08000124   0x00000062   Code   RO         5911    .text               mc_w.l(uldiv.o)
    0x08000186   0x08000186   0x00000024   Code   RO         5915    .text               mc_w.l(llsshr.o)
    0x080001aa   0x080001aa   0x00000024   Code   RO         5917    .text               mc_w.l(memcpya.o)
    0x080001ce   0x080001ce   0x00000024   Code   RO         5919    .text               mc_w.l(memseta.o)
    0x080001f2   0x080001f2   0x00000018   Code   RO         6190    .text               mf_w.l(fscalb.o)
    0x0800020a   0x0800020a   0x0000002e   Code   RO         6192    .text               mf_w.l(dscalb.o)
    0x08000238   0x08000238   0x00000022   Code   RO         6196    .text               mf_w.l(dflti.o)
    0x0800025a   0x0800025a   0x00000032   Code   RO         6198    .text               mf_w.l(ffixi.o)
    0x0800028c   0x0800028c   0x0000003e   Code   RO         6200    .text               mf_w.l(dfixi.o)
    0x080002ca   0x080002ca   0x00000026   Code   RO         6202    .text               mf_w.l(f2d.o)
    0x080002f0   0x080002f0   0x00000038   Code   RO         6204    .text               mf_w.l(d2f.o)
    0x08000328   0x08000328   0x0000002c   Code   RO         6223    .text               mc_w.l(uidiv.o)
    0x08000354   0x08000354   0x0000001e   Code   RO         6225    .text               mc_w.l(llshl.o)
    0x08000372   0x08000372   0x00000020   Code   RO         6227    .text               mc_w.l(llushr.o)
    0x08000392   0x08000392   0x00000000   Code   RO         6229    .text               mc_w.l(iusefp.o)
    0x08000392   0x08000392   0x0000006e   Code   RO         6230    .text               mf_w.l(fepilogue.o)
    0x08000400   0x08000400   0x000000ba   Code   RO         6232    .text               mf_w.l(depilogue.o)
    0x080004ba   0x080004ba   0x0000014e   Code   RO         6234    .text               mf_w.l(dadd.o)
    0x08000608   0x08000608   0x000000e4   Code   RO         6236    .text               mf_w.l(dmul.o)
    0x080006ec   0x080006ec   0x000000de   Code   RO         6238    .text               mf_w.l(ddiv.o)
    0x080007ca   0x080007ca   0x00000002   PAD
    0x080007cc   0x080007cc   0x00000088   Code   RO         6240    .text               mf_w.l(drnd.o)
    0x08000854   0x08000854   0x00000030   Code   RO         6242    .text               mf_w.l(dfixul.o)
    0x08000884   0x08000884   0x00000030   Code   RO         6244    .text               mf_w.l(cdcmple.o)
    0x080008b4   0x080008b4   0x00000030   Code   RO         6246    .text               mf_w.l(cdrcmple.o)
    0x080008e4   0x080008e4   0x00000024   Code   RO         6248    .text               mc_w.l(init.o)
    0x08000908   0x08000908   0x00000002   Code   RO         3712    i.BusFault_Handler  stm32f10x_it.o
    0x0800090a   0x0800090a   0x00000002   Code   RO         3713    i.DebugMon_Handler  stm32f10x_it.o
    0x0800090c   0x0800090c   0x00000024   Code   RO         3506    i.EXTI15_10_IRQHandler  main.o
    0x08000930   0x08000930   0x0000000c   Code   RO          985    i.EXTI_ClearITPendingBit  stm32f10x_exti.o
    0x0800093c   0x0800093c   0x00000020   Code   RO          989    i.EXTI_GetITStatus  stm32f10x_exti.o
    0x0800095c   0x0800095c   0x00000074   Code   RO          990    i.EXTI_Init         stm32f10x_exti.o
    0x080009d0   0x080009d0   0x0000004c   Code   RO         5390    i.Flatten           nnom_flatten.o
    0x08000a1c   0x08000a1c   0x00000028   Code   RO         1344    i.GPIO_EXTILineConfig  stm32f10x_gpio.o
    0x08000a44   0x08000a44   0x000000a6   Code   RO         1347    i.GPIO_Init         stm32f10x_gpio.o
    0x08000aea   0x08000aea   0x0000000c   Code   RO         1358    i.GPIO_WriteBit     stm32f10x_gpio.o
    0x08000af6   0x08000af6   0x00000002   Code   RO         3714    i.HardFault_Handler  stm32f10x_it.o
    0x08000af8   0x08000af8   0x00000018   Code   RO         1459    i.I2C_AcknowledgeConfig  stm32f10x_i2c.o
    0x08000b10   0x08000b10   0x00000018   Code   RO         1461    i.I2C_CheckEvent    stm32f10x_i2c.o
    0x08000b28   0x08000b28   0x00000018   Code   RO         1464    i.I2C_Cmd           stm32f10x_i2c.o
    0x08000b40   0x08000b40   0x00000018   Code   RO         1471    i.I2C_GenerateSTART  stm32f10x_i2c.o
    0x08000b58   0x08000b58   0x00000018   Code   RO         1472    i.I2C_GenerateSTOP  stm32f10x_i2c.o
    0x08000b70   0x08000b70   0x000000c0   Code   RO         1478    i.I2C_Init          stm32f10x_i2c.o
    0x08000c30   0x08000c30   0x00000006   Code   RO         1483    i.I2C_ReceiveData   stm32f10x_i2c.o
    0x08000c36   0x08000c36   0x00000012   Code   RO         1485    i.I2C_Send7bitAddress  stm32f10x_i2c.o
    0x08000c48   0x08000c48   0x00000004   Code   RO         1486    i.I2C_SendData      stm32f10x_i2c.o
    0x08000c4c   0x08000c4c   0x00000078   Code   RO         3268    i.Key_Init          key.o
    0x08000cc4   0x08000cc4   0x00000092   Code   RO         3452    i.MPU6050_GetData   mpu6050.o
    0x08000d56   0x08000d56   0x00000030   Code   RO         3453    i.MPU6050_GetDataArray  mpu6050.o
    0x08000d86   0x08000d86   0x00000002   PAD
    0x08000d88   0x08000d88   0x000000a4   Code   RO         3455    i.MPU6050_Init      mpu6050.o
    0x08000e2c   0x08000e2c   0x00000098   Code   RO         3456    i.MPU6050_ReadReg   mpu6050.o
    0x08000ec4   0x08000ec4   0x00000020   Code   RO         3457    i.MPU6050_WaitEvent  mpu6050.o
    0x08000ee4   0x08000ee4   0x00000068   Code   RO         3458    i.MPU6050_WriteReg  mpu6050.o
    0x08000f4c   0x08000f4c   0x00000002   Code   RO         3715    i.MemManage_Handler  stm32f10x_it.o
    0x08000f4e   0x08000f4e   0x00000002   Code   RO         3716    i.NMI_Handler       stm32f10x_it.o
    0x08000f50   0x08000f50   0x00000064   Code   RO          137    i.NVIC_Init         misc.o
    0x08000fb4   0x08000fb4   0x00000014   Code   RO          138    i.NVIC_PriorityGroupConfig  misc.o
    0x08000fc8   0x08000fc8   0x00000026   Code   RO         3283    i.OLED_Clear        oled.o
    0x08000fee   0x08000fee   0x00000002   PAD
    0x08000ff0   0x08000ff0   0x00000050   Code   RO         3284    i.OLED_I2C_Init     oled.o
    0x08001040   0x08001040   0x00000064   Code   RO         3285    i.OLED_I2C_SendByte  oled.o
    0x080010a4   0x080010a4   0x00000038   Code   RO         3286    i.OLED_I2C_Start    oled.o
    0x080010dc   0x080010dc   0x00000030   Code   RO         3287    i.OLED_I2C_Stop     oled.o
    0x0800110c   0x0800110c   0x000000ac   Code   RO         3288    i.OLED_Init         oled.o
    0x080011b8   0x080011b8   0x00000010   Code   RO         3289    i.OLED_Pow          oled.o
    0x080011c8   0x080011c8   0x00000022   Code   RO         3290    i.OLED_SetCursor    oled.o
    0x080011ea   0x080011ea   0x00000002   PAD
    0x080011ec   0x080011ec   0x00000058   Code   RO         3292    i.OLED_ShowChar     oled.o
    0x08001244   0x08001244   0x00000040   Code   RO         3294    i.OLED_ShowNum      oled.o
    0x08001284   0x08001284   0x00000026   Code   RO         3296    i.OLED_ShowString   oled.o
    0x080012aa   0x080012aa   0x00000022   Code   RO         3297    i.OLED_WriteCommand  oled.o
    0x080012cc   0x080012cc   0x00000022   Code   RO         3298    i.OLED_WriteData    oled.o
    0x080012ee   0x080012ee   0x00000002   Code   RO         3717    i.PendSV_Handler    stm32f10x_it.o
    0x080012f0   0x080012f0   0x0000001c   Code   RO         1775    i.RCC_APB1PeriphClockCmd  stm32f10x_rcc.o
    0x0800130c   0x0800130c   0x0000001c   Code   RO         1777    i.RCC_APB2PeriphClockCmd  stm32f10x_rcc.o
    0x08001328   0x08001328   0x000000ac   Code   RO         1785    i.RCC_GetClocksFreq  stm32f10x_rcc.o
    0x080013d4   0x080013d4   0x00000002   Code   RO         3718    i.SVC_Handler       stm32f10x_it.o
    0x080013d6   0x080013d6   0x00000002   PAD
    0x080013d8   0x080013d8   0x0000006c   Code   RO         3391    i.Serial_Init       serial.o
    0x08001444   0x08001444   0x00000010   Code   RO         3392    i.Serial_Pow        serial.o
    0x08001454   0x08001454   0x00000020   Code   RO         3395    i.Serial_SendByte   serial.o
    0x08001474   0x08001474   0x00000036   Code   RO         3396    i.Serial_SendNumber  serial.o
    0x080014aa   0x080014aa   0x00000018   Code   RO         3397    i.Serial_SendString  serial.o
    0x080014c2   0x080014c2   0x00000004   Code   RO           24    i.SetSysClock       system_stm32f10x.o
    0x080014c6   0x080014c6   0x00000002   PAD
    0x080014c8   0x080014c8   0x000000b0   Code   RO           25    i.SetSysClockTo72   system_stm32f10x.o
    0x08001578   0x08001578   0x00000048   Code   RO         5786    i.Softmax           nnom_softmax.o
    0x080015c0   0x080015c0   0x00000002   Code   RO         3719    i.SysTick_Handler   stm32f10x_it.o
    0x080015c2   0x080015c2   0x00000002   PAD
    0x080015c4   0x080015c4   0x00000050   Code   RO           27    i.SystemInit        system_stm32f10x.o
    0x08001614   0x08001614   0x00000018   Code   RO         2960    i.USART_Cmd         stm32f10x_usart.o
    0x0800162c   0x0800162c   0x0000000e   Code   RO         2963    i.USART_GetFlagStatus  stm32f10x_usart.o
    0x0800163a   0x0800163a   0x00000002   PAD
    0x0800163c   0x0800163c   0x000000bc   Code   RO         2967    i.USART_Init        stm32f10x_usart.o
    0x080016f8   0x080016f8   0x00000008   Code   RO         2977    i.USART_SendData    stm32f10x_usart.o
    0x08001700   0x08001700   0x00000002   Code   RO         3720    i.UsageFault_Handler  stm32f10x_it.o
    0x08001702   0x08001702   0x00000002   PAD
    0x08001704   0x08001704   0x00000020   Code   RO         6156    i.__0printf         mc_w.l(printfa.o)
    0x08001724   0x08001724   0x0000001c   Code   RO         3775    i.__NNOM_SSAT       nnom_local.o
    0x08001740   0x08001740   0x0000001c   Code   RO         4112    i.__NNOM_SSAT       nnom_local_q15.o
    0x0800175c   0x0800175c   0x00000018   Code   RO         3776    i.__NNOM_USAT       nnom_local.o
    0x08001774   0x08001774   0x0000000e   Code   RO         6252    i.__scatterload_copy  mc_w.l(handlers.o)
    0x08001782   0x08001782   0x00000002   Code   RO         6253    i.__scatterload_null  mc_w.l(handlers.o)
    0x08001784   0x08001784   0x0000000e   Code   RO         6254    i.__scatterload_zeroinit  mc_w.l(handlers.o)
    0x08001792   0x08001792   0x00000002   PAD
    0x08001794   0x08001794   0x00000184   Code   RO         6163    i._fp_digits        mc_w.l(printfa.o)
    0x08001918   0x08001918   0x000006dc   Code   RO         6164    i._printf_core      mc_w.l(printfa.o)
    0x08001ff4   0x08001ff4   0x00000024   Code   RO         6165    i._printf_post_padding  mc_w.l(printfa.o)
    0x08002018   0x08002018   0x0000002e   Code   RO         6166    i._printf_pre_padding  mc_w.l(printfa.o)
    0x08002046   0x08002046   0x00000018   Code   RO         4981    i.act_get_dec_bit   nnom_activation.o
    0x0800205e   0x0800205e   0x00000002   PAD
    0x08002060   0x08002060   0x00000030   Code   RO         4984    i.act_leaky_relu    nnom_activation.o
    0x08002090   0x08002090   0x00000034   Code   RO         4359    i.allocate_block    nnom.o
    0x080020c4   0x080020c4   0x0000002c   Code   RO         4360    i.allocate_hook     nnom.o
    0x080020f0   0x080020f0   0x00000034   Code   RO         4361    i.allocate_io       nnom.o
    0x08002124   0x08002124   0x00000022   Code   RO         4362    i.block_mem_set     nnom.o
    0x08002146   0x08002146   0x00000002   PAD
    0x08002148   0x08002148   0x0000009c   Code   RO         4363    i.check_model_version  nnom.o
    0x080021e4   0x080021e4   0x0000021a   Code   RO         4364    i.compile_layers    nnom.o
    0x080023fe   0x080023fe   0x000000f4   Code   RO         5216    i.conv2d_build      nnom_conv2d.o
    0x080024f2   0x080024f2   0x0000001a   Code   RO         5217    i.conv2d_free       nnom_conv2d.o
    0x0800250c   0x0800250c   0x00000106   Code   RO         5218    i.conv2d_run        nnom_conv2d.o
    0x08002612   0x08002612   0x00000002   PAD
    0x08002614   0x08002614   0x00000148   Code   RO         5219    i.conv2d_s          nnom_conv2d.o
    0x0800275c   0x0800275c   0x00000024   Code   RO         5220    i.conv_output_length  nnom_conv2d.o
    0x08002780   0x08002780   0x0000004a   Code   RO         5154    i.default_build     nnom_baselayer.o
    0x080027ca   0x080027ca   0x0000000a   Code   RO         4742    i.delete_tensor     nnom_tensor.o
    0x080027d4   0x080027d4   0x000000d0   Code   RO         5324    i.dense_build       nnom_dense.o
    0x080028a4   0x080028a4   0x0000001a   Code   RO         5325    i.dense_free        nnom_dense.o
    0x080028be   0x080028be   0x0000005a   Code   RO         5326    i.dense_run         nnom_dense.o
    0x08002918   0x08002918   0x0000007c   Code   RO         5327    i.dense_s           nnom_dense.o
    0x08002994   0x08002994   0x00000006   Code   RO         4688    i.dilation          nnom_layers.o
    0x0800299a   0x0800299a   0x00000012   Code   RO         4365    i.find_last         nnom.o
    0x080029ac   0x080029ac   0x0000004c   Code   RO         5391    i.flatten_build     nnom_flatten.o
    0x080029f8   0x080029f8   0x00000004   Code   RO         5392    i.flatten_run       nnom_flatten.o
    0x080029fc   0x080029fc   0x00000010   Code   RO         5393    i.flatten_s         nnom_flatten.o
    0x08002a0c   0x08002a0c   0x0000000e   Code   RO         3398    i.fputc             serial.o
    0x08002a1a   0x08002a1a   0x0000002a   Code   RO         5499    i.input_build       nnom_input.o
    0x08002a44   0x08002a44   0x0000001e   Code   RO         5500    i.input_run         nnom_input.o
    0x08002a62   0x08002a62   0x00000002   PAD
    0x08002a64   0x08002a64   0x000000f0   Code   RO         5501    i.input_s           nnom_input.o
    0x08002b54   0x08002b54   0x00000008   Code   RO         4690    i.io_init           nnom_layers.o
    0x08002b5c   0x08002b5c   0x0000001e   Code   RO         4367    i.io_mem_size       nnom.o
    0x08002b7a   0x08002b7a   0x00000006   Code   RO         4691    i.kernel            nnom_layers.o
    0x08002b80   0x08002b80   0x00000044   Code   RO         4370    i.layer_run         nnom.o
    0x08002bc4   0x08002bc4   0x00000020   Code   RO         4371    i.layer_shortcut_add  nnom.o
    0x08002be4   0x08002be4   0x00000036   Code   RO         4994    i.leaky_relu_run    nnom_activation.o
    0x08002c1a   0x08002c1a   0x000001ca   Code   RO         4123    i.local_convolve_HWC_q15_nonsquare  nnom_local_q15.o
    0x08002de4   0x08002de4   0x000001b0   Code   RO         3784    i.local_convolve_HWC_q7_nonsquare  nnom_local.o
    0x08002f94   0x08002f94   0x00000238   Code   RO         3792    i.local_fully_connected_q7_opt  nnom_local.o
    0x080031cc   0x080031cc   0x00000024   Code   RO         4134    i.local_leaky_relu_q15  nnom_local_q15.o
    0x080031f0   0x080031f0   0x00000020   Code   RO         3795    i.local_leaky_relu_q7  nnom_local.o
    0x08003210   0x08003210   0x00000088   Code   RO         3807    i.local_softmax_q7  nnom_local.o
    0x08003298   0x08003298   0x00000120   Code   RO         3507    i.main              main.o
    0x080033b8   0x080033b8   0x0000008c   Code   RO         4372    i.mem_analysis_result  nnom.o
    0x08003444   0x08003444   0x00000008   Code   RO         4373    i.model_active      nnom.o
    0x0800344c   0x0800344c   0x00000038   Code   RO         4374    i.model_add         nnom.o
    0x08003484   0x08003484   0x000001e8   Code   RO         4375    i.model_compile     nnom.o
    0x0800366c   0x0800366c   0x000000c0   Code   RO         3508    i.model_feed_data   main.o
    0x0800372c   0x0800372c   0x00000028   Code   RO         4378    i.model_hook        nnom.o
    0x08003754   0x08003754   0x0000000a   Code   RO         4379    i.model_merge       nnom.o
    0x0800375e   0x0800375e   0x00000032   Code   RO         4380    i.model_mergex      nnom.o
    0x08003790   0x08003790   0x00000006   Code   RO         4381    i.model_run         nnom.o
    0x08003796   0x08003796   0x00000002   PAD
    0x08003798   0x08003798   0x0000010c   Code   RO         4382    i.model_run_to      nnom.o
    0x080038a4   0x080038a4   0x00000022   Code   RO         4384    i.model_set_ops     nnom.o
    0x080038c6   0x080038c6   0x00000002   PAD
    0x080038c8   0x080038c8   0x00000054   Code   RO         4385    i.new_model         nnom.o
    0x0800391c   0x0800391c   0x00000090   Code   RO         4744    i.new_tensor        nnom_tensor.o
    0x080039ac   0x080039ac   0x0000001a   Code   RO         4386    i.nnom_alignto      nnom.o
    0x080039c6   0x080039c6   0x00000002   Code   RO         4387    i.nnom_free         nnom.o
    0x080039c8   0x080039c8   0x00000014   Code   RO         4388    i.nnom_hook_length  nnom.o
    0x080039dc   0x080039dc   0x00000040   Code   RO         4390    i.nnom_malloc       nnom.o
    0x08003a1c   0x08003a1c   0x0000002c   Code   RO         4391    i.nnom_mem          nnom.o
    0x08003a48   0x08003a48   0x000000b8   Code   RO         3509    i.nnom_model_create  main.o
    0x08003b00   0x08003b00   0x00000010   Code   RO         4393    i.nnom_set_static_buf  nnom.o
    0x08003b10   0x08003b10   0x0000001e   Code   RO         5679    i.output_run        nnom_output.o
    0x08003b2e   0x08003b2e   0x00000002   PAD
    0x08003b30   0x08003b30   0x00000030   Code   RO         5680    i.output_s          nnom_output.o
    0x08003b60   0x08003b60   0x000001c8   Code   RO         4394    i.print_layer_info  nnom.o
    0x08003d28   0x08003d28   0x00000054   Code   RO         4395    i.print_memory_block_info  nnom.o
    0x08003d7c   0x08003d7c   0x00000014   Code   RO         4396    i.release_block     nnom.o
    0x08003d90   0x08003d90   0x0000000e   Code   RO         4397    i.release_comp_mem  nnom.o
    0x08003d9e   0x08003d9e   0x00000014   Code   RO         4398    i.release_input_mem  nnom.o
    0x08003db2   0x08003db2   0x00000002   PAD
    0x08003db4   0x08003db4   0x00000094   Code   RO         5906    i.round             m_ws.l(round.o)
    0x08003e48   0x08003e48   0x00000054   Code   RO         4400    i.set_tailed_activation  nnom.o
    0x08003e9c   0x08003e9c   0x0000001a   Code   RO         4692    i.shape             nnom_layers.o
    0x08003eb6   0x08003eb6   0x0000003a   Code   RO         5787    i.softmax_build     nnom_softmax.o
    0x08003ef0   0x08003ef0   0x00000022   Code   RO         5788    i.softmax_run       nnom_softmax.o
    0x08003f12   0x08003f12   0x00000010   Code   RO         5789    i.softmax_s         nnom_softmax.o
    0x08003f22   0x08003f22   0x00000006   Code   RO         4694    i.stride            nnom_layers.o
    0x08003f28   0x08003f28   0x00000056   Code   RO         4746    i.tensor_cpy_attr   nnom_tensor.o
    0x08003f7e   0x08003f7e   0x0000000c   Code   RO         4747    i.tensor_get_num_channel  nnom_tensor.o
    0x08003f8a   0x08003f8a   0x00000032   Code   RO         4401    i.tensor_mem_set    nnom.o
    0x08003fbc   0x08003fbc   0x0000004a   Code   RO         4749    i.tensor_set_attr   nnom_tensor.o
    0x08004006   0x08004006   0x0000002a   Code   RO         4750    i.tensor_set_attr_v  nnom_tensor.o
    0x08004030   0x08004030   0x00000022   Code   RO         4751    i.tensor_size       nnom_tensor.o
    0x08004052   0x08004052   0x000005f0   Data   RO         3299    .constdata          oled.o
    0x08004642   0x08004642   0x00000004   Data   RO         3511    .constdata          main.o
    0x08004646   0x08004646   0x00000002   PAD
    0x08004648   0x08004648   0x00000004   Data   RO         3512    .constdata          main.o
    0x0800464c   0x0800464c   0x00000004   Data   RO         3513    .constdata          main.o
    0x08004650   0x08004650   0x00000014   Data   RO         3514    .constdata          main.o
    0x08004664   0x08004664   0x00000080   Data   RO         3515    .constdata          main.o
    0x080046e4   0x080046e4   0x0000010e   Data   RO         3516    .constdata          main.o
    0x080047f2   0x080047f2   0x00000006   Data   RO         3517    .constdata          main.o
    0x080047f8   0x080047f8   0x00000004   Data   RO         3518    .constdata          main.o
    0x080047fc   0x080047fc   0x00000004   Data   RO         3519    .constdata          main.o
    0x08004800   0x08004800   0x00000014   Data   RO         3520    .constdata          main.o
    0x08004814   0x08004814   0x0000001e   Data   RO         3521    .constdata          main.o
    0x08004832   0x08004832   0x00000002   Data   RO         3522    .constdata          main.o
    0x08004834   0x08004834   0x00000004   Data   RO         3523    .constdata          main.o
    0x08004838   0x08004838   0x00000004   Data   RO         3524    .constdata          main.o
    0x0800483c   0x0800483c   0x00000014   Data   RO         3525    .constdata          main.o
    0x08004850   0x08004850   0x00000004   Data   RO         3526    .constdata          main.o
    0x08004854   0x08004854   0x00000004   Data   RO         3527    .constdata          main.o
    0x08004858   0x08004858   0x00000546   Data   RO         3528    .constdata          main.o
    0x08004d9e   0x08004d9e   0x00000006   Data   RO         3529    .constdata          main.o
    0x08004da4   0x08004da4   0x00000004   Data   RO         3530    .constdata          main.o
    0x08004da8   0x08004da8   0x00000004   Data   RO         3531    .constdata          main.o
    0x08004dac   0x08004dac   0x00000014   Data   RO         3532    .constdata          main.o
    0x08004dc0   0x08004dc0   0x0000000f   Data   RO         3533    .constdata          main.o
    0x08004dcf   0x08004dcf   0x00000001   PAD
    0x08004dd0   0x08004dd0   0x00000002   Data   RO         3534    .constdata          main.o
    0x08004dd2   0x08004dd2   0x00000002   PAD
    0x08004dd4   0x08004dd4   0x00000004   Data   RO         3535    .constdata          main.o
    0x08004dd8   0x08004dd8   0x00000004   Data   RO         3536    .constdata          main.o
    0x08004ddc   0x08004ddc   0x00000014   Data   RO         3537    .constdata          main.o
    0x08004df0   0x08004df0   0x00000004   Data   RO         3538    .constdata          main.o
    0x08004df4   0x08004df4   0x00000004   Data   RO         3539    .constdata          main.o
    0x08004df8   0x08004df8   0x00000cf3   Data   RO         3540    .constdata          main.o
    0x08005aeb   0x08005aeb   0x00000001   PAD
    0x08005aec   0x08005aec   0x00000004   Data   RO         3541    .constdata          main.o
    0x08005af0   0x08005af0   0x00000004   Data   RO         3542    .constdata          main.o
    0x08005af4   0x08005af4   0x00000004   Data   RO         3543    .constdata          main.o
    0x08005af8   0x08005af8   0x00000014   Data   RO         3544    .constdata          main.o
    0x08005b0c   0x08005b0c   0x0000000d   Data   RO         3545    .constdata          main.o
    0x08005b19   0x08005b19   0x00000001   PAD
    0x08005b1a   0x08005b1a   0x00000002   Data   RO         3546    .constdata          main.o
    0x08005b1c   0x08005b1c   0x00000004   Data   RO         3547    .constdata          main.o
    0x08005b20   0x08005b20   0x00000004   Data   RO         3548    .constdata          main.o
    0x08005b24   0x08005b24   0x00000014   Data   RO         3549    .constdata          main.o
    0x08005b38   0x08005b38   0x00000004   Data   RO         3550    .constdata          main.o
    0x08005b3c   0x08005b3c   0x00000004   Data   RO         3551    .constdata          main.o
    0x08005b40   0x08005b40   0x00000002   Data   RO         3552    .constdata          main.o
    0x08005b42   0x08005b42   0x00000002   PAD
    0x08005b44   0x08005b44   0x00000004   Data   RO         3553    .constdata          main.o
    0x08005b48   0x08005b48   0x00000004   Data   RO         3554    .constdata          main.o
    0x08005b4c   0x08005b4c   0x00000014   Data   RO         3555    .constdata          main.o
    0x08005b60   0x08005b60   0x000001ec   Data   RO         4402    .constdata          nnom.o
    0x08005d4c   0x08005d4c   0x00000004   Data   RO         5328    .constdata          nnom_dense.o
    0x08005d50   0x08005d50   0x0000003c   Data   RO         3556    .conststring        main.o
    0x08005d8c   0x08005d8c   0x000002bd   Data   RO         4403    .conststring        nnom.o
    0x08006049   0x08006049   0x00000003   PAD
    0x0800604c   0x0800604c   0x00000020   Data   RO         6250    Region$$Table       anon$$obj.o


    Execution Region RW_IRAM1 (Exec base: 0x20000000, Load base: 0x0800606c, Size: 0x00002d90, Max: 0x00005000, ABSOLUTE)

    Exec Addr    Load Addr    Size         Type   Attr      Idx    E Section Name        Object

    0x20000000   0x0800606c   0x00000014   Data   RW         1805    .data               stm32f10x_rcc.o
    0x20000014   0x08006080   0x00000008   Data   RW         3558    .data               main.o
    0x2000001c   0x08006088   0x00000010   Data   RW         4404    .data               nnom.o
    0x2000002c   0x08006098   0x00000004   Data   RW         6222    .data               mc_w.l(stdout.o)
    0x20000030        -       0x00002960   Zero   RW         3510    .bss                main.o
    0x20002990        -       0x00000400   Zero   RW            1    STACK               startup_stm32f10x_md.o


==============================================================================

Image component sizes


      Code (inc. data)   RO Data    RW Data    ZI Data      Debug   Object Name

         0          0          0          0          0       4508   core_cm3.o
       120          6          0          0          0        559   key.o
       700         98       5457          8      10592      39919   main.o
       120         14          0          0          0     206899   misc.o
       646         34          0          0          0       4565   mpu6050.o
      3108        874       1193         16          0      27482   nnom.o
       126         12          0          0          0       2331   nnom_activation.o
        74          0          0          0          0        568   nnom_baselayer.o
       896         14          0          0          0       4162   nnom_conv2d.o
       448         20          4          0          0       3353   nnom_dense.o
       172         10          0          0          0       2840   nnom_flatten.o
       312         10          0          0          0       2376   nnom_input.o
        52          0          0          0          0       3211   nnom_layers.o
      1220          0          0          0          0      18444   nnom_local.o
       522          0          0          0          0       4810   nnom_local_q15.o
        78          8          0          0          0       1608   nnom_output.o
       180          8          0          0          0       2848   nnom_softmax.o
       402         38          0          0          0       5208   nnom_tensor.o
       802         26       1520          0          0       7589   oled.o
       248         14          0          0          0       4977   serial.o
        36          8        236          0       1024        808   startup_stm32f10x_md.o
         0          0          0          0          0       1648   stm32f10x_adc.o
       160         16          0          0          0       4200   stm32f10x_exti.o
       218          6          0          0          0      11386   stm32f10x_gpio.o
       340         10          0          0          0      14732   stm32f10x_i2c.o
        18          0          0          0          0       3642   stm32f10x_it.o
       228         30          0         20          0      13106   stm32f10x_rcc.o
       234          6          0          0          0       9988   stm32f10x_usart.o
       260         26          0          0          0      32729   system_stm32f10x.o

    ----------------------------------------------------------------------
     11752       1288       8454         44      11616     440496   Object Totals
         0          0         32          0          0          0   (incl. Generated)
        32          0         12          0          0          0   (incl. Padding)

    ----------------------------------------------------------------------

      Code (inc. data)   RO Data    RW Data    ZI Data      Debug   Library Member Name

       148         12          0          0          0         88   round.o
         0          0          0          0          0          0   entry.o
         0          0          0          0          0          0   entry10a.o
         0          0          0          0          0          0   entry11a.o
         8          4          0          0          0          0   entry2.o
         4          0          0          0          0          0   entry5.o
         0          0          0          0          0          0   entry7b.o
         0          0          0          0          0          0   entry8b.o
         8          4          0          0          0          0   entry9a.o
        30          0          0          0          0          0   handlers.o
        36          8          0          0          0         68   init.o
         0          0          0          0          0          0   iusefp.o
        30          0          0          0          0         68   llshl.o
        36          0          0          0          0         68   llsshr.o
        32          0          0          0          0         68   llushr.o
        36          0          0          0          0         68   memcpya.o
        36          0          0          0          0        108   memseta.o
      2258         90          0          0          0        452   printfa.o
         0          0          0          4          0          0   stdout.o
        44          0          0          0          0         80   uidiv.o
        98          0          0          0          0         92   uldiv.o
        48          0          0          0          0         68   cdcmple.o
        48          0          0          0          0         68   cdrcmple.o
        56          0          0          0          0         88   d2f.o
       334          0          0          0          0        148   dadd.o
       222          0          0          0          0        100   ddiv.o
       186          0          0          0          0        176   depilogue.o
        62          0          0          0          0         80   dfixi.o
        48          0          0          0          0         68   dfixul.o
        34          0          0          0          0         76   dflti.o
       228          0          0          0          0         96   dmul.o
       136          4          0          0          0         92   drnd.o
        46          0          0          0          0         80   dscalb.o
        38          0          0          0          0         68   f2d.o
       110          0          0          0          0        168   fepilogue.o
        50          0          0          0          0         68   ffixi.o
        24          0          0          0          0         68   fscalb.o

    ----------------------------------------------------------------------
      4478        122          0          4          0       2672   Library Totals
         4          0          0          0          0          0   (incl. Padding)

    ----------------------------------------------------------------------

      Code (inc. data)   RO Data    RW Data    ZI Data      Debug   Library Name

       148         12          0          0          0         88   m_ws.l
      2656        106          0          4          0       1072   mc_w.l
      1670          4          0          0          0       1512   mf_w.l

    ----------------------------------------------------------------------
      4478        122          0          4          0       2672   Library Totals

    ----------------------------------------------------------------------

==============================================================================


      Code (inc. data)   RO Data    RW Data    ZI Data      Debug   

     16230       1410       8454         48      11616     434480   Grand Totals
     16230       1410       8454         48      11616     434480   ELF Image Totals
     16230       1410       8454         48          0          0   ROM Totals

==============================================================================

    Total RO  Size (Code + RO Data)                24684 (  24.11kB)
    Total RW  Size (RW Data + ZI Data)             11664 (  11.39kB)
    Total ROM Size (Code + RO Data + RW Data)      24732 (  24.15kB)

==============================================================================

