Component: ARM Compiler 5.06 update 5 (build 528) Tool: armlink [4d35e2]

==============================================================================

Section Cross References

    startup_stm32f10x_md.o(RESET) refers to startup_stm32f10x_md.o(STACK) for __initial_sp
    startup_stm32f10x_md.o(RESET) refers to startup_stm32f10x_md.o(.text) for Reset_Handler
    startup_stm32f10x_md.o(RESET) refers to stm32f10x_it.o(i.NMI_Handler) for NMI_Handler
    startup_stm32f10x_md.o(RESET) refers to stm32f10x_it.o(i.HardFault_Handler) for HardFault_Handler
    startup_stm32f10x_md.o(RESET) refers to stm32f10x_it.o(i.MemManage_Handler) for MemManage_Handler
    startup_stm32f10x_md.o(RESET) refers to stm32f10x_it.o(i.BusFault_Handler) for BusFault_Handler
    startup_stm32f10x_md.o(RESET) refers to stm32f10x_it.o(i.UsageFault_Handler) for UsageFault_Handler
    startup_stm32f10x_md.o(RESET) refers to stm32f10x_it.o(i.SVC_Handler) for SVC_Handler
    startup_stm32f10x_md.o(RESET) refers to stm32f10x_it.o(i.DebugMon_Handler) for DebugMon_Handler
    startup_stm32f10x_md.o(RESET) refers to stm32f10x_it.o(i.PendSV_Handler) for PendSV_Handler
    startup_stm32f10x_md.o(RESET) refers to stm32f10x_it.o(i.SysTick_Handler) for SysTick_Handler
    startup_stm32f10x_md.o(RESET) refers to main.o(i.EXTI15_10_IRQHandler) for EXTI15_10_IRQHandler
    startup_stm32f10x_md.o(.text) refers to system_stm32f10x.o(i.SystemInit) for SystemInit
    startup_stm32f10x_md.o(.text) refers to entry.o(.ARM.Collect$$$$00000000) for __main
    system_stm32f10x.o(i.SetSysClock) refers to system_stm32f10x.o(i.SetSysClockTo72) for SetSysClockTo72
    system_stm32f10x.o(i.SystemCoreClockUpdate) refers to system_stm32f10x.o(.data) for .data
    system_stm32f10x.o(i.SystemInit) refers to system_stm32f10x.o(i.SetSysClock) for SetSysClock
    stm32f10x_adc.o(i.ADC_DeInit) refers to stm32f10x_rcc.o(i.RCC_APB2PeriphResetCmd) for RCC_APB2PeriphResetCmd
    stm32f10x_bkp.o(i.BKP_DeInit) refers to stm32f10x_rcc.o(i.RCC_BackupResetCmd) for RCC_BackupResetCmd
    stm32f10x_can.o(i.CAN_DeInit) refers to stm32f10x_rcc.o(i.RCC_APB1PeriphResetCmd) for RCC_APB1PeriphResetCmd
    stm32f10x_can.o(i.CAN_GetITStatus) refers to stm32f10x_can.o(i.CheckITStatus) for CheckITStatus
    stm32f10x_cec.o(i.CEC_DeInit) refers to stm32f10x_rcc.o(i.RCC_APB1PeriphResetCmd) for RCC_APB1PeriphResetCmd
    stm32f10x_dac.o(i.DAC_DeInit) refers to stm32f10x_rcc.o(i.RCC_APB1PeriphResetCmd) for RCC_APB1PeriphResetCmd
    stm32f10x_flash.o(i.FLASH_EnableWriteProtection) refers to stm32f10x_flash.o(i.FLASH_WaitForLastOperation) for FLASH_WaitForLastOperation
    stm32f10x_flash.o(i.FLASH_EraseAllBank1Pages) refers to stm32f10x_flash.o(i.FLASH_WaitForLastBank1Operation) for FLASH_WaitForLastBank1Operation
    stm32f10x_flash.o(i.FLASH_EraseAllPages) refers to stm32f10x_flash.o(i.FLASH_WaitForLastOperation) for FLASH_WaitForLastOperation
    stm32f10x_flash.o(i.FLASH_EraseOptionBytes) refers to stm32f10x_flash.o(i.FLASH_GetReadOutProtectionStatus) for FLASH_GetReadOutProtectionStatus
    stm32f10x_flash.o(i.FLASH_EraseOptionBytes) refers to stm32f10x_flash.o(i.FLASH_WaitForLastOperation) for FLASH_WaitForLastOperation
    stm32f10x_flash.o(i.FLASH_ErasePage) refers to stm32f10x_flash.o(i.FLASH_WaitForLastOperation) for FLASH_WaitForLastOperation
    stm32f10x_flash.o(i.FLASH_ProgramHalfWord) refers to stm32f10x_flash.o(i.FLASH_WaitForLastOperation) for FLASH_WaitForLastOperation
    stm32f10x_flash.o(i.FLASH_ProgramOptionByteData) refers to stm32f10x_flash.o(i.FLASH_WaitForLastOperation) for FLASH_WaitForLastOperation
    stm32f10x_flash.o(i.FLASH_ProgramWord) refers to stm32f10x_flash.o(i.FLASH_WaitForLastOperation) for FLASH_WaitForLastOperation
    stm32f10x_flash.o(i.FLASH_ReadOutProtection) refers to stm32f10x_flash.o(i.FLASH_WaitForLastOperation) for FLASH_WaitForLastOperation
    stm32f10x_flash.o(i.FLASH_UserOptionByteConfig) refers to stm32f10x_flash.o(i.FLASH_WaitForLastOperation) for FLASH_WaitForLastOperation
    stm32f10x_flash.o(i.FLASH_WaitForLastBank1Operation) refers to stm32f10x_flash.o(i.FLASH_GetBank1Status) for FLASH_GetBank1Status
    stm32f10x_flash.o(i.FLASH_WaitForLastOperation) refers to stm32f10x_flash.o(i.FLASH_GetBank1Status) for FLASH_GetBank1Status
    stm32f10x_gpio.o(i.GPIO_AFIODeInit) refers to stm32f10x_rcc.o(i.RCC_APB2PeriphResetCmd) for RCC_APB2PeriphResetCmd
    stm32f10x_gpio.o(i.GPIO_DeInit) refers to stm32f10x_rcc.o(i.RCC_APB2PeriphResetCmd) for RCC_APB2PeriphResetCmd
    stm32f10x_i2c.o(i.I2C_DeInit) refers to stm32f10x_rcc.o(i.RCC_APB1PeriphResetCmd) for RCC_APB1PeriphResetCmd
    stm32f10x_i2c.o(i.I2C_Init) refers to stm32f10x_rcc.o(i.RCC_GetClocksFreq) for RCC_GetClocksFreq
    stm32f10x_pwr.o(i.PWR_DeInit) refers to stm32f10x_rcc.o(i.RCC_APB1PeriphResetCmd) for RCC_APB1PeriphResetCmd
    stm32f10x_rcc.o(i.RCC_GetClocksFreq) refers to stm32f10x_rcc.o(.data) for .data
[...]
    i.MPU6050_GetData                        0x08000df0   Section        0  mpu6050.o(i.MPU6050_GetData)
    i.MPU6050_GetDataArray                   0x08000e82   Section        0  mpu6050.o(i.MPU6050_GetDataArray)
    i.MPU6050_Init                           0x08000eb4   Section        0  mpu6050.o(i.MPU6050_Init)
    i.MPU6050_ReadReg                        0x08000f58   Section        0  mpu6050.o(i.MPU6050_ReadReg)
    i.MPU6050_WaitEvent                      0x08000ff0   Section        0  mpu6050.o(i.MPU6050_WaitEvent)
    i.MPU6050_WriteReg                       0x08001010   Section        0  mpu6050.o(i.MPU6050_WriteReg)
    i.MaxPool                                0x08001078   Section        0  nnom_maxpool.o(i.MaxPool)
    i.MemManage_Handler                      0x08001124   Section        0  stm32f10x_it.o(i.MemManage_Handler)
    i.NMI_Handler                            0x08001126   Section        0  stm32f10x_it.o(i.NMI_Handler)
    i.NVIC_Init                              0x08001128   Section        0  misc.o(i.NVIC_Init)
    i.NVIC_PriorityGroupConfig               0x0800118c   Section        0  misc.o(i.NVIC_PriorityGroupConfig)
    i.OLED_Clear                             0x080011a0   Section        0  oled.o(i.OLED_Clear)
    i.OLED_I2C_Init                          0x080011c8   Section        0  oled.o(i.OLED_I2C_Init)
    i.OLED_I2C_SendByte                      0x08001218   Section        0  oled.o(i.OLED_I2C_SendByte)
    i.OLED_I2C_Start                         0x0800127c   Section        0  oled.o(i.OLED_I2C_Start)
    i.OLED_I2C_Stop                          0x080012b4   Section        0  oled.o(i.OLED_I2C_Stop)
    i.OLED_Init                              0x080012e4   Section        0  oled.o(i.OLED_Init)
    i.OLED_Pow                               0x08001390   Section        0  oled.o(i.OLED_Pow)
    i.OLED_SetCursor                         0x080013a0   Section        0  oled.o(i.OLED_SetCursor)
    i.OLED_ShowChar                          0x080013c4   Section        0  oled.o(i.OLED_ShowChar)
    i.OLED_ShowNum                           0x0800141c   Section        0  oled.o(i.OLED_ShowNum)
    i.OLED_ShowString                        0x0800145c   Section        0  oled.o(i.OLED_ShowString)
    i.OLED_WriteCommand                      0x08001482   Section        0  oled.o(i.OLED_WriteCommand)
    i.OLED_WriteData                         0x080014a4   Section        0  oled.o(i.OLED_WriteData)
    i.PendSV_Handler                         0x080014c6   Section        0  stm32f10x_it.o(i.PendSV_Handler)
    i.RCC_APB1PeriphClockCmd                 0x080014c8   Section        0  stm32f10x_rcc.o(i.RCC_APB1PeriphClockCmd)
    i.RCC_APB2PeriphClockCmd                 0x080014e4   Section        0  stm32f10x_rcc.o(i.RCC_APB2PeriphClockCmd)
    i.RCC_GetClocksFreq                      0x08001500   Section        0  stm32f10x_rcc.o(i.RCC_GetClocksFreq)
    i.SVC_Handler                            0x080015ac   Section        0  stm32f10x_it.o(i.SVC_Handler)
    i.Serial_AutoSendNumber                  0x080015ae   Section        0  serial.o(i.Serial_AutoSendNumber)
    i.Serial_Init                            0x080015f4   Section        0  serial.o(i.Serial_Init)
    i.Serial_SendByte                        0x08001660   Section        0  serial.o(i.Serial_SendByte)
    i.Serial_SendFloat                       0x08001680   Section        0  serial.o(i.Serial_SendFloat)
    i.Serial_SendString                      0x080016e8   Section        0  serial.o(i.Serial_SendString)
    i.SetSysClock                            0x08001700   Section        0  system_stm32f10x.o(i.SetSysClock)
    SetSysClock                              0x08001701   Thumb Code     4  system_stm32f10x.o(i.SetSysClock)
    i.SetSysClockTo72                        0x08001704   Section        0  system_stm32f10x.o(i.SetSysClockTo72)
    SetSysClockTo72                          0x08001705   Thumb Code   166  system_stm32f10x.o(i.SetSysClockTo72)
    i.Softmax                                0x080017b4   Section        0  nnom_softmax.o(i.Softmax)
    i.SysTick_Handler                        0x080017fc   Section        0  stm32f10x_it.o(i.SysTick_Handler)
    i.SystemInit                             0x08001800   Section        0  system_stm32f10x.o(i.SystemInit)
    i.USART_Cmd                              0x08001850   Section        0  stm32f10x_usart.o(i.USART_Cmd)
    i.USART_GetFlagStatus                    0x08001868   Section        0  stm32f10x_usart.o(i.USART_GetFlagStatus)
    i.USART_Init                             0x08001878   Section        0  stm32f10x_usart.o(i.USART_Init)
    i.USART_SendData                         0x08001934   Section        0  stm32f10x_usart.o(i.USART_SendData)
    i.UsageFault_Handler                     0x0800193c   Section        0  stm32f10x_it.o(i.UsageFault_Handler)
    i.__0printf                              0x08001940   Section        0  printfa.o(i.__0printf)
    i.__NNOM_SSAT                            0x08001960   Section        0  nnom_local.o(i.__NNOM_SSAT)
    __NNOM_SSAT                              0x08001961   Thumb Code    28  nnom_local.o(i.__NNOM_SSAT)
    i.__NNOM_SSAT                            0x0800197c   Section        0  nnom_local_q15.o(i.__NNOM_SSAT)
    __NNOM_SSAT                              0x0800197d   Thumb Code    28  nnom_local_q15.o(i.__NNOM_SSAT)
    i.__NNOM_USAT                            0x08001998   Section        0  nnom_local.o(i.__NNOM_USAT)
    __NNOM_USAT                              0x08001999   Thumb Code    24  nnom_local.o(i.__NNOM_USAT)
    i.__scatterload_copy                     0x080019b0   Section       14  handlers.o(i.__scatterload_copy)
    i.__scatterload_null                     0x080019be   Section        2  handlers.o(i.__scatterload_null)
    i.__scatterload_zeroinit                 0x080019c0   Section       14  handlers.o(i.__scatterload_zeroinit)
    i._fp_digits                             0x080019d0   Section        0  printfa.o(i._fp_digits)
    _fp_digits                               0x080019d1   Thumb Code   366  printfa.o(i._fp_digits)
    i._printf_core                           0x08001b54   Section        0  printfa.o(i._printf_core)
    _printf_core                             0x08001b55   Thumb Code  1744  printfa.o(i._printf_core)
    i._printf_post_padding                   0x08002230   Section        0  printfa.o(i._printf_post_padding)
    _printf_post_padding                     0x08002231   Thumb Code    36  printfa.o(i._printf_post_padding)
    i._printf_pre_padding                    0x08002254   Section        0  printfa.o(i._printf_pre_padding)
    _printf_pre_padding                      0x08002255   Thumb Code    46  printfa.o(i._printf_pre_padding)
    i.act_get_dec_bit                        0x08002282   Section        0  nnom_activation.o(i.act_get_dec_bit)
    i.act_relu                               0x0800229c   Section        0  nnom_activation.o(i.act_relu)
    i.allocate_block                         0x080022b8   Section        0  nnom.o(i.allocate_block)
    allocate_block                           0x080022b9   Thumb Code    46  nnom.o(i.allocate_block)
    i.allocate_hook                          0x080022ec   Section        0  nnom.o(i.allocate_hook)
    allocate_hook                            0x080022ed   Thumb Code    44  nnom.o(i.allocate_hook)
    i.allocate_io                            0x08002318   Section        0  nnom.o(i.allocate_io)
    allocate_io                              0x08002319   Thumb Code    52  nnom.o(i.allocate_io)
    i.block_mem_set                          0x0800234c   Section        0  nnom.o(i.block_mem_set)
    i.check_model_version                    0x08002370   Section        0  nnom.o(i.check_model_version)
    i.compile_layers                         0x0800240c   Section        0  nnom.o(i.compile_layers)
    i.conv2d_build                           0x08002626   Section        0  nnom_conv2d.o(i.conv2d_build)
    i.conv2d_free                            0x0800271a   Section        0  nnom_conv2d.o(i.conv2d_free)
    i.conv2d_run                             0x08002734   Section        0  nnom_conv2d.o(i.conv2d_run)
    i.conv2d_s                               0x0800283c   Section        0  nnom_conv2d.o(i.conv2d_s)
    i.conv_output_length                     0x08002984   Section        0  nnom_conv2d.o(i.conv_output_length)
    i.default_build                          0x080029a8   Section        0  nnom_baselayer.o(i.default_build)
    i.delete_tensor                          0x080029f2   Section        0  nnom_tensor.o(i.delete_tensor)
    i.dense_build                            0x080029fc   Section        0  nnom_dense.o(i.dense_build)
    i.dense_free                             0x08002acc   Section        0  nnom_dense.o(i.dense_free)
    i.dense_run                              0x08002ae6   Section        0  nnom_dense.o(i.dense_run)
    i.dense_s                                0x08002b40   Section        0  nnom_dense.o(i.dense_s)
    i.dilation                               0x08002bbc   Section        0  nnom_layers.o(i.dilation)
    i.find_last                              0x08002bc2   Section        0  nnom.o(i.find_last)
    find_last                                0x08002bc3   Thumb Code    18  nnom.o(i.find_last)
    i.flatten_build                          0x08002bd4   Section        0  nnom_flatten.o(i.flatten_build)
    i.flatten_run                            0x08002c20   Section        0  nnom_flatten.o(i.flatten_run)
    i.flatten_s                              0x08002c24   Section        0  nnom_flatten.o(i.flatten_s)
    i.fputc                                  0x08002c34   Section        0  serial.o(i.fputc)
    i.input_build                            0x08002c42   Section        0  nnom_input.o(i.input_build)
    i.input_run                              0x08002c6c   Section        0  nnom_input.o(i.input_run)
    i.input_s                                0x08002c8c   Section        0  nnom_input.o(i.input_s)
    i.io_init                                0x08002d7c   Section        0  nnom_layers.o(i.io_init)
    i.io_mem_size                            0x08002d84   Section        0  nnom.o(i.io_mem_size)
    io_mem_size                              0x08002d85   Thumb Code    30  nnom.o(i.io_mem_size)
    i.kernel                                 0x08002da2   Section        0  nnom_layers.o(i.kernel)
    i.layer_run                              0x08002da8   Section        0  nnom.o(i.layer_run)
    i.layer_shortcut_add                     0x08002dec   Section        0  nnom.o(i.layer_shortcut_add)
    layer_shortcut_add                       0x08002ded   Thumb Code    32  nnom.o(i.layer_shortcut_add)
    i.local_convolve_HWC_q15_nonsquare       0x08002e0c   Section        0  nnom_local_q15.o(i.local_convolve_HWC_q15_nonsquare)
    i.local_convolve_HWC_q7_nonsquare        0x08002fd6   Section        0  nnom_local.o(i.local_convolve_HWC_q7_nonsquare)
    i.local_fully_connected_q7_opt           0x08003186   Section        0  nnom_local.o(i.local_fully_connected_q7_opt)
    i.local_maxpool_q7_HWC                   0x080033be   Section        0  nnom_local.o(i.local_maxpool_q7_HWC)
    i.local_relu_q15                         0x0800346a   Section        0  nnom_local_q15.o(i.local_relu_q15)
    i.local_relu_q7                          0x08003486   Section        0  nnom_local.o(i.local_relu_q7)
    i.local_softmax_q7                       0x0800349e   Section        0  nnom_local.o(i.local_softmax_q7)
    i.main                                   0x08003528   Section        0  main.o(i.main)
    i.maxpool_build                          0x08003614   Section        0  nnom_maxpool.o(i.maxpool_build)
    i.maxpool_run                            0x080036f4   Section        0  nnom_maxpool.o(i.maxpool_run)
    i.maxpool_s                              0x0800374a   Section        0  nnom_maxpool.o(i.maxpool_s)
    i.mem_analysis_result                    0x080037ac   Section        0  nnom.o(i.mem_analysis_result)
    i.model_active                           0x08003838   Section        0  nnom.o(i.model_active)
    model_active                             0x08003839   Thumb Code     8  nnom.o(i.model_active)
    i.model_add                              0x08003840   Section        0  nnom.o(i.model_add)
    model_add                                0x08003841   Thumb Code    50  nnom.o(i.model_add)
    i.model_compile                          0x08003878   Section        0  nnom.o(i.model_compile)
    i.model_feed_data                        0x08003a60   Section        0  main.o(i.model_feed_data)
    i.model_hook                             0x08003bb4   Section        0  nnom.o(i.model_hook)
    model_hook                               0x08003bb5   Thumb Code    40  nnom.o(i.model_hook)
    i.model_merge                            0x08003bdc   Section        0  nnom.o(i.model_merge)
    model_merge                              0x08003bdd   Thumb Code    10  nnom.o(i.model_merge)
    i.model_mergex                           0x08003be6   Section        0  nnom.o(i.model_mergex)
    model_mergex                             0x08003be7   Thumb Code    50  nnom.o(i.model_mergex)
    i.model_run                              0x08003c18   Section        0  nnom.o(i.model_run)
    i.model_run_to                           0x08003c20   Section        0  nnom.o(i.model_run_to)
    i.model_set_ops                          0x08003d2c   Section        0  nnom.o(i.model_set_ops)
    model_set_ops                            0x08003d2d   Thumb Code    34  nnom.o(i.model_set_ops)
    i.new_model                              0x08003d50   Section        0  nnom.o(i.new_model)
    i.new_tensor                             0x08003da4   Section        0  nnom_tensor.o(i.new_tensor)
    i.nnom_alignto                           0x08003e34   Section        0  nnom.o(i.nnom_alignto)
    i.nnom_free                              0x08003e4e   Section        0  nnom.o(i.nnom_free)
    i.nnom_hook_length                       0x08003e50   Section        0  nnom.o(i.nnom_hook_length)
    i.nnom_malloc                            0x08003e64   Section        0  nnom.o(i.nnom_malloc)
    i.nnom_mem                               0x08003ea4   Section        0  nnom.o(i.nnom_mem)
    i.nnom_model_create                      0x08003ed0   Section        0  main.o(i.nnom_model_create)
    nnom_model_create                        0x08003ed1   Thumb Code   180  main.o(i.nnom_model_create)
    i.nnom_set_static_buf                    0x08003f8c   Section        0  nnom.o(i.nnom_set_static_buf)
    i.output_run                             0x08003f9c   Section        0  nnom_output.o(i.output_run)
    i.output_s                               0x08003fbc   Section        0  nnom_output.o(i.output_s)
    i.print_layer_info                       0x08003fec   Section        0  nnom.o(i.print_layer_info)
    print_layer_info                         0x08003fed   Thumb Code   288  nnom.o(i.print_layer_info)
    i.print_memory_block_info                0x080041b4   Section        0  nnom.o(i.print_memory_block_info)
    print_memory_block_info                  0x080041b5   Thumb Code    64  nnom.o(i.print_memory_block_info)
    i.release_block                          0x08004208   Section        0  nnom.o(i.release_block)
    release_block                            0x08004209   Thumb Code    20  nnom.o(i.release_block)
    i.release_comp_mem                       0x0800421c   Section        0  nnom.o(i.release_comp_mem)
    release_comp_mem                         0x0800421d   Thumb Code    14  nnom.o(i.release_comp_mem)
    i.release_input_mem                      0x0800422a   Section        0  nnom.o(i.release_input_mem)
    release_input_mem                        0x0800422b   Thumb Code    20  nnom.o(i.release_input_mem)
    i.relu_run                               0x0800423e   Section        0  nnom_activation.o(i.relu_run)
    relu_run                                 0x0800423f   Thumb Code    46  nnom_activation.o(i.relu_run)
    i.round                                  0x0800426c   Section        0  round.o(i.round)
    i.set_tailed_activation                  0x08004300   Section        0  nnom.o(i.set_tailed_activation)
    i.shape                                  0x08004354   Section        0  nnom_layers.o(i.shape)
    i.softmax_build                          0x0800436e   Section        0  nnom_softmax.o(i.softmax_build)
    i.softmax_run                            0x080043a8   Section        0  nnom_softmax.o(i.softmax_run)
    i.softmax_s                              0x080043ca   Section        0  nnom_softmax.o(i.softmax_s)
    i.stride                                 0x080043da   Section        0  nnom_layers.o(i.stride)
    i.tensor_cpy_attr                        0x080043e0   Section        0  nnom_tensor.o(i.tensor_cpy_attr)
    i.tensor_get_num_channel                 0x08004436   Section        0  nnom_tensor.o(i.tensor_get_num_channel)
    i.tensor_mem_set                         0x08004442   Section        0  nnom.o(i.tensor_mem_set)
    i.tensor_set_attr                        0x08004474   Section        0  nnom_tensor.o(i.tensor_set_attr)
    i.tensor_set_attr_v                      0x080044be   Section        0  nnom_tensor.o(i.tensor_set_attr_v)
    i.tensor_size                            0x080044e8   Section        0  nnom_tensor.o(i.tensor_size)
    .constdata                               0x0800450a   Section     1520  oled.o(.constdata)
    .constdata                               0x08004afa   Section        4  main.o(.constdata)
    .constdata                               0x08004b00   Section        4  main.o(.constdata)
    .constdata                               0x08004b04   Section        4  main.o(.constdata)
    .constdata                               0x08004b08   Section       20  main.o(.constdata)
    .constdata                               0x08004b1c   Section      144  main.o(.constdata)
    .constdata                               0x08004bac   Section      270  main.o(.constdata)
    .constdata                               0x08004cba   Section        6  main.o(.constdata)
    .constdata                               0x08004cc0   Section        4  main.o(.constdata)
    .constdata                               0x08004cc4   Section        4  main.o(.constdata)
    .constdata                               0x08004cc8   Section       20  main.o(.constdata)
    .constdata                               0x08004cdc   Section       30  main.o(.constdata)
    .constdata                               0x08004cfa   Section        2  main.o(.constdata)
    .constdata                               0x08004cfc   Section        4  main.o(.constdata)
    .constdata                               0x08004d00   Section        4  main.o(.constdata)
    .constdata                               0x08004d04   Section       20  main.o(.constdata)
    .constdata                               0x08004d18   Section        4  main.o(.constdata)
    .constdata                               0x08004d1c   Section        4  main.o(.constdata)
    .constdata                               0x08004d20   Section     1350  main.o(.constdata)
    .constdata                               0x08005266   Section        6  main.o(.constdata)
    .constdata                               0x0800526c   Section        4  main.o(.constdata)
    .constdata                               0x08005270   Section        4  main.o(.constdata)
    .constdata                               0x08005274   Section       20  main.o(.constdata)
    .constdata                               0x08005288   Section       15  main.o(.constdata)
    .constdata                               0x08005298   Section        2  main.o(.constdata)
    .constdata                               0x0800529c   Section        4  main.o(.constdata)
    .constdata                               0x080052a0   Section        4  main.o(.constdata)
    .constdata                               0x080052a4   Section       20  main.o(.constdata)
    .constdata                               0x080052b8   Section        4  main.o(.constdata)
    .constdata                               0x080052bc   Section        4  main.o(.constdata)
    .constdata                               0x080052c0   Section      975  main.o(.constdata)
    .constdata                               0x08005690   Section        4  main.o(.constdata)
    .constdata                               0x08005694   Section        4  main.o(.constdata)
    .constdata                               0x08005698   Section        4  main.o(.constdata)
    .constdata                               0x0800569c   Section       20  main.o(.constdata)
    .constdata                               0x080056b0   Section       13  main.o(.constdata)
    .constdata                               0x080056be   Section        2  main.o(.constdata)
    .constdata                               0x080056c0   Section        4  main.o(.constdata)
    .constdata                               0x080056c4   Section        4  main.o(.constdata)
    .constdata                               0x080056c8   Section       20  main.o(.constdata)
    .constdata                               0x080056dc   Section        4  main.o(.constdata)
    .constdata                               0x080056e0   Section        4  main.o(.constdata)
    .constdata                               0x080056e4   Section        2  main.o(.constdata)
    .constdata                               0x080056e8   Section        4  main.o(.constdata)
    .constdata                               0x080056ec   Section        4  main.o(.constdata)
    .constdata                               0x080056f0   Section       20  main.o(.constdata)
    .constdata                               0x08005704   Section      492  nnom.o(.constdata)
    .constdata                               0x080058f0   Section        4  nnom_dense.o(.constdata)
    .conststring                             0x080058f4   Section       76  main.o(.conststring)
    .conststring                             0x08005940   Section      701  nnom.o(.conststring)
    .data                                    0x20000000   Section       20  stm32f10x_rcc.o(.data)
    ADCPrescTable                            0x20000000   Data           4  stm32f10x_rcc.o(.data)
    APBAHBPrescTable                         0x20000004   Data          16  stm32f10x_rcc.o(.data)
    .data                                    0x20000014   Section        8  main.o(.data)
    .data                                    0x2000001c   Section       16  nnom.o(.data)
    nnom_static_buf                          0x20000020   Data           4  nnom.o(.data)
    nnom_static_buf_size                     0x20000024   Data           4  nnom.o(.data)
    nnom_static_buf_curr                     0x20000028   Data           4  nnom.o(.data)
    .data                                    0x2000002c   Section        4  stdout.o(.data)
    .bss                                     0x20000030   Section    10592  main.o(.bss)
    nnom_input_data                          0x20000030   Data         450  main.o(.bss)
    nnom_output_data                         0x200001f2   Data          13  main.o(.bss)
    model                                    0x20000200   Data         136  main.o(.bss)
    STACK                                    0x20002990   Section     1024  startup_stm32f10x_md.o(STACK)

    Global Symbols

    Symbol Name                              Value     Ov Type        Size  Object(Section)

    BuildAttributes$$THM_ISAv4$P$D$K$B$S$PE$A:L22UL41UL21$X:L11$S22US41US21$IEEE1$IW$USESV6$~STKCKD$USESV7$~SHL$OTIME$ROPI$IEEEJ$EBA8$MICROLIB$REQ8$PRES8$EABIv2 0x00000000   Number         0  anon$$obj.o ABSOLUTE
    __ARM_use_no_argv                        0x00000000   Number         0  main.o ABSOLUTE
    _printf_a                                0x00000000   Number         0  stubs.o ABSOLUTE
    _printf_c                                0x00000000   Number         0  stubs.o ABSOLUTE
    _printf_charcount                        0x00000000   Number         0  stubs.o ABSOLUTE
    _printf_d                                0x00000000   Number         0  stubs.o ABSOLUTE
    _printf_e                                0x00000000   Number         0  stubs.o ABSOLUTE
    _printf_f                                0x00000000   Number         0  stubs.o ABSOLUTE
    _printf_flags                            0x00000000   Number         0  stubs.o ABSOLUTE
    _printf_fp_dec                           0x00000000   Number         0  stubs.o ABSOLUTE
    _printf_fp_hex                           0x00000000   Number         0  stubs.o ABSOLUTE
    _printf_g                                0x00000000   Number         0  stubs.o ABSOLUTE
    _printf_i                                0x00000000   Number         0  stubs.o ABSOLUTE
    _printf_int_dec                          0x00000000   Number         0  stubs.o ABSOLUTE
    _printf_l                                0x00000000   Number         0  stubs.o ABSOLUTE
    _printf_lc                               0x00000000   Number         0  stubs.o ABSOLUTE
    _printf_ll                               0x00000000   Number         0  stubs.o ABSOLUTE
    _printf_lld                              0x00000000   Number         0  stubs.o ABSOLUTE
    _printf_lli                              0x00000000   Number         0  stubs.o ABSOLUTE
    _printf_llo                              0x00000000   Number         0  stubs.o ABSOLUTE
    _printf_llu                              0x00000000   Number         0  stubs.o ABSOLUTE
    _printf_llx                              0x00000000   Number         0  stubs.o ABSOLUTE
    _printf_longlong_dec                     0x00000000   Number         0  stubs.o ABSOLUTE
    _printf_longlong_hex                     0x00000000   Number         0  stubs.o ABSOLUTE
    _printf_longlong_oct                     0x00000000   Number         0  stubs.o ABSOLUTE
    _printf_ls                               0x00000000   Number         0  stubs.o ABSOLUTE
    _printf_mbtowc                           0x00000000   Number         0  stubs.o ABSOLUTE
    _printf_n                                0x00000000   Number         0  stubs.o ABSOLUTE
    _printf_o                                0x00000000   Number         0  stubs.o ABSOLUTE
    _printf_p                                0x00000000   Number         0  stubs.o ABSOLUTE
    _printf_percent                          0x00000000   Number         0  stubs.o ABSOLUTE
    _printf_pre_padding                      0x00000000   Number         0  stubs.o ABSOLUTE
    _printf_return_value                     0x00000000   Number         0  stubs.o ABSOLUTE
    _printf_s                                0x00000000   Number         0  stubs.o ABSOLUTE
    _printf_sizespec                         0x00000000   Number         0  stubs.o ABSOLUTE
    _printf_str                              0x00000000   Number         0  stubs.o ABSOLUTE
    _printf_truncate_signed                  0x00000000   Number         0  stubs.o ABSOLUTE
    _printf_truncate_unsigned                0x00000000   Number         0  stubs.o ABSOLUTE
    _printf_u                                0x00000000   Number         0  stubs.o ABSOLUTE
    _printf_wc                               0x00000000   Number         0  stubs.o ABSOLUTE
    _printf_wctomb                           0x00000000   Number         0  stubs.o ABSOLUTE
    _printf_widthprec                        0x00000000   Number         0  stubs.o ABSOLUTE
    _printf_x                                0x00000000   Number         0  stubs.o ABSOLUTE
    __cpp_initialize__aeabi_                  - Undefined Weak Reference
    __cxa_finalize                            - Undefined Weak Reference
    __decompress                              - Undefined Weak Reference
    _clock_init                               - Undefined Weak Reference
    _microlib_exit                            - Undefined Weak Reference
    __Vectors_Size                           0x000000ec   Number         0  startup_stm32f10x_md.o ABSOLUTE
    __Vectors                                0x08000000   Data           4  startup_stm32f10x_md.o(RESET)
    __Vectors_End                            0x080000ec   Data           0  startup_stm32f10x_md.o(RESET)
    __main                                   0x080000ed   Thumb Code     0  entry.o(.ARM.Collect$$$$00000000)
    _main_stk                                0x080000ed   Thumb Code     0  entry2.o(.ARM.Collect$$$$00000001)
    _main_scatterload                        0x080000f1   Thumb Code     0  entry5.o(.ARM.Collect$$$$00000004)
    __main_after_scatterload                 0x080000f5   Thumb Code     0  entry5.o(.ARM.Collect$$$$00000004)
    _main_clock                              0x080000f5   Thumb Code     0  entry7b.o(.ARM.Collect$$$$00000008)
    _main_cpp_init                           0x080000f5   Thumb Code     0  entry8b.o(.ARM.Collect$$$$0000000A)
    _main_init                               0x080000f5   Thumb Code     0  entry9a.o(.ARM.Collect$$$$0000000B)
    __rt_final_cpp                           0x080000fd   Thumb Code     0  entry10a.o(.ARM.Collect$$$$0000000D)
    __rt_final_exit                          0x080000fd   Thumb Code     0  entry11a.o(.ARM.Collect$$$$0000000F)
    Reset_Handler                            0x08000101   Thumb Code     8  startup_stm32f10x_md.o(.text)
    ADC1_2_IRQHandler                        0x0800011b   Thumb Code     0  startup_stm32f10x_md.o(.text)
    CAN1_RX1_IRQHandler                      0x0800011b   Thumb Code     0  startup_stm32f10x_md.o(.text)
    CAN1_SCE_IRQHandler                      0x0800011b   Thumb Code     0  startup_stm32f10x_md.o(.text)
    DMA1_Channel1_IRQHandler                 0x0800011b   Thumb Code     0  startup_stm32f10x_md.o(.text)
    DMA1_Channel2_IRQHandler                 0x0800011b   Thumb Code     0  startup_stm32f10x_md.o(.text)
    DMA1_Channel3_IRQHandler                 0x0800011b   Thumb Code     0  startup_stm32f10x_md.o(.text)
    DMA1_Channel4_IRQHandler                 0x0800011b   Thumb Code     0  startup_stm32f10x_md.o(.text)
    DMA1_Channel5_IRQHandler                 0x0800011b   Thumb Code     0  startup_stm32f10x_md.o(.text)
    DMA1_Channel6_IRQHandler                 0x0800011b   Thumb Code     0  startup_stm32f10x_md.o(.text)
    DMA1_Channel7_IRQHandler                 0x0800011b   Thumb Code     0  startup_stm32f10x_md.o(.text)
    EXTI0_IRQHandler                         0x0800011b   Thumb Code     0  startup_stm32f10x_md.o(.text)
    EXTI1_IRQHandler                         0x0800011b   Thumb Code     0  startup_stm32f10x_md.o(.text)
    EXTI2_IRQHandler                         0x0800011b   Thumb Code     0  startup_stm32f10x_md.o(.text)
    EXTI3_IRQHandler                         0x0800011b   Thumb Code     0  startup_stm32f10x_md.o(.text)
    EXTI4_IRQHandler                         0x0800011b   Thumb Code     0  startup_stm32f10x_md.o(.text)
    EXTI9_5_IRQHandler                       0x0800011b   Thumb Code     0  startup_stm32f10x_md.o(.text)
    FLASH_IRQHandler                         0x0800011b   Thumb Code     0  startup_stm32f10x_md.o(.text)
    I2C1_ER_IRQHandler                       0x0800011b   Thumb Code     0  startup_stm32f10x_md.o(.text)
    I2C1_EV_IRQHandler                       0x0800011b   Thumb Code     0  startup_stm32f10x_md.o(.text)
    I2C2_ER_IRQHandler                       0x0800011b   Thumb Code     0  startup_stm32f10x_md.o(.text)
    I2C2_EV_IRQHandler                       0x0800011b   Thumb Code     0  startup_stm32f10x_md.o(.text)
    PVD_IRQHandler                           0x0800011b   Thumb Code     0  startup_stm32f10x_md.o(.text)
    RCC_IRQHandler                           0x0800011b   Thumb Code     0  startup_stm32f10x_md.o(.text)
    RTCAlarm_IRQHandler                      0x0800011b   Thumb Code     0  startup_stm32f10x_md.o(.text)
    RTC_IRQHandler                           0x0800011b   Thumb Code     0  startup_stm32f10x_md.o(.text)
    SPI1_IRQHandler                          0x0800011b   Thumb Code     0  startup_stm32f10x_md.o(.text)
    SPI2_IRQHandler                          0x0800011b   Thumb Code     0  startup_stm32f10x_md.o(.text)
    TAMPER_IRQHandler                        0x0800011b   Thumb Code     0  startup_stm32f10x_md.o(.text)
    TIM1_BRK_IRQHandler                      0x0800011b   Thumb Code     0  startup_stm32f10x_md.o(.text)
    TIM1_CC_IRQHandler                       0x0800011b   Thumb Code     0  startup_stm32f10x_md.o(.text)
    TIM1_TRG_COM_IRQHandler                  0x0800011b   Thumb Code     0  startup_stm32f10x_md.o(.text)
    TIM1_UP_IRQHandler                       0x0800011b   Thumb Code     0  startup_stm32f10x_md.o(.text)
    TIM2_IRQHandler                          0x0800011b   Thumb Code     0  startup_stm32f10x_md.o(.text)
    TIM3_IRQHandler                          0x0800011b   Thumb Code     0  startup_stm32f10x_md.o(.text)
    TIM4_IRQHandler                          0x0800011b   Thumb Code     0  startup_stm32f10x_md.o(.text)
    USART1_IRQHandler                        0x0800011b   Thumb Code     0  startup_stm32f10x_md.o(.text)
    USART2_IRQHandler                        0x0800011b   Thumb Code     0  startup_stm32f10x_md.o(.text)
    USART3_IRQHandler                        0x0800011b   Thumb Code     0  startup_stm32f10x_md.o(.text)
    USBWakeUp_IRQHandler                     0x0800011b   Thumb Code     0  startup_stm32f10x_md.o(.text)
    USB_HP_CAN1_TX_IRQHandler                0x0800011b   Thumb Code     0  startup_stm32f10x_md.o(.text)
    USB_LP_CAN1_RX0_IRQHandler               0x0800011b   Thumb Code     0  startup_stm32f10x_md.o(.text)
    WWDG_IRQHandler                          0x0800011b   Thumb Code     0  startup_stm32f10x_md.o(.text)
    __aeabi_uldivmod                         0x08000125   Thumb Code    98  uldiv.o(.text)
    __aeabi_lasr                             0x08000187   Thumb Code    36  llsshr.o(.text)
    _ll_sshift_r                             0x08000187   Thumb Code     0  llsshr.o(.text)
    __aeabi_memcpy                           0x080001ab   Thumb Code    36  memcpya.o(.text)
    __aeabi_memcpy4                          0x080001ab   Thumb Code     0  memcpya.o(.text)
    __aeabi_memcpy8                          0x080001ab   Thumb Code     0  memcpya.o(.text)
    __aeabi_memset                           0x080001cf   Thumb Code    14  memseta.o(.text)
    __aeabi_memset4                          0x080001cf   Thumb Code     0  memseta.o(.text)
    __aeabi_memset8                          0x080001cf   Thumb Code     0  memseta.o(.text)
    __aeabi_memclr                           0x080001dd   Thumb Code     4  memseta.o(.text)
    __aeabi_memclr4                          0x080001dd   Thumb Code     0  memseta.o(.text)
    __aeabi_memclr8                          0x080001dd   Thumb Code     0  memseta.o(.text)
    _memset$wrapper                          0x080001e1   Thumb Code    18  memseta.o(.text)
    __aeabi_fadd                             0x080001f3   Thumb Code   164  fadd.o(.text)
    __aeabi_fsub                             0x08000297   Thumb Code     6  fadd.o(.text)
    __aeabi_frsub                            0x0800029d   Thumb Code     6  fadd.o(.text)
    __aeabi_fmul                             0x080002a3   Thumb Code   100  fmul.o(.text)
    __aeabi_dadd                             0x08000307   Thumb Code   322  dadd.o(.text)
    __aeabi_dsub                             0x08000449   Thumb Code     6  dadd.o(.text)
    __aeabi_drsub                            0x0800044f   Thumb Code     6  dadd.o(.text)
    __ARM_scalbn                             0x08000455   Thumb Code    46  dscalb.o(.text)
    scalbn                                   0x08000455   Thumb Code     0  dscalb.o(.text)
    __aeabi_ui2f                             0x08000483   Thumb Code    10  ffltui.o(.text)
    __aeabi_i2d                              0x0800048d   Thumb Code    34  dflti.o(.text)
    __aeabi_f2uiz                            0x080004af   Thumb Code    40  ffixui.o(.text)
    __aeabi_d2iz                             0x080004d7   Thumb Code    62  dfixi.o(.text)
    __aeabi_d2uiz                            0x08000515   Thumb Code    50  dfixui.o(.text)
    __aeabi_f2d                              0x08000547   Thumb Code    38  f2d.o(.text)
    __aeabi_d2f                              0x0800056d   Thumb Code    56  d2f.o(.text)
    __aeabi_uidiv                            0x080005a5   Thumb Code     0  uidiv.o(.text)
    __aeabi_uidivmod                         0x080005a5   Thumb Code    44  uidiv.o(.text)
    __aeabi_llsl                             0x080005d1   Thumb Code    30  llshl.o(.text)
    _ll_shift_l                              0x080005d1   Thumb Code     0  llshl.o(.text)
    __aeabi_llsr                             0x080005ef   Thumb Code    32  llushr.o(.text)
    _ll_ushift_r                             0x080005ef   Thumb Code     0  llushr.o(.text)
    __I$use$fp                               0x0800060f   Thumb Code     0  iusefp.o(.text)
    _float_round                             0x0800060f   Thumb Code    18  fepilogue.o(.text)
    _float_epilogue                          0x08000621   Thumb Code    92  fepilogue.o(.text)
    _double_round                            0x0800067d   Thumb Code    30  depilogue.o(.text)
    _double_epilogue                         0x0800069b   Thumb Code   156  depilogue.o(.text)
    __aeabi_dmul                             0x08000737   Thumb Code   228  dmul.o(.text)
    __aeabi_ddiv                             0x0800081b   Thumb Code   222  ddiv.o(.text)
    _drnd                                    0x080008f9   Thumb Code   132  drnd.o(.text)
    __aeabi_d2ulz                            0x08000981   Thumb Code    48  dfixul.o(.text)
    __aeabi_cdcmpeq                          0x080009b1   Thumb Code     0  cdcmple.o(.text)
    __aeabi_cdcmple                          0x080009b1   Thumb Code    48  cdcmple.o(.text)
    __aeabi_cdrcmple                         0x080009e1   Thumb Code    48  cdrcmple.o(.text)
    __scatterload                            0x08000a11   Thumb Code    28  init.o(.text)
    __scatterload_rt2                        0x08000a11   Thumb Code     0  init.o(.text)
    BusFault_Handler                         0x08000a35   Thumb Code     2  stm32f10x_it.o(i.BusFault_Handler)
    DebugMon_Handler                         0x08000a37   Thumb Code     2  stm32f10x_it.o(i.DebugMon_Handler)
    EXTI15_10_IRQHandler                     0x08000a39   Thumb Code    32  main.o(i.EXTI15_10_IRQHandler)
    EXTI_ClearITPendingBit                   0x08000a5d   Thumb Code     6  stm32f10x_exti.o(i.EXTI_ClearITPendingBit)
    EXTI_GetITStatus                         0x08000a69   Thumb Code    28  stm32f10x_exti.o(i.EXTI_GetITStatus)
    EXTI_Init                                0x08000a89   Thumb Code   110  stm32f10x_exti.o(i.EXTI_Init)
    Flatten                                  0x08000afd   Thumb Code    66  nnom_flatten.o(i.Flatten)
    GPIO_EXTILineConfig                      0x08000b49   Thumb Code    34  stm32f10x_gpio.o(i.GPIO_EXTILineConfig)
    GPIO_Init                                0x08000b71   Thumb Code   166  stm32f10x_gpio.o(i.GPIO_Init)
    GPIO_WriteBit                            0x08000c17   Thumb Code    12  stm32f10x_gpio.o(i.GPIO_WriteBit)
    HardFault_Handler                        0x08000c23   Thumb Code     2  stm32f10x_it.o(i.HardFault_Handler)
    I2C_AcknowledgeConfig                    0x08000c25   Thumb Code    24  stm32f10x_i2c.o(i.I2C_AcknowledgeConfig)
    I2C_CheckEvent                           0x08000c3d   Thumb Code    24  stm32f10x_i2c.o(i.I2C_CheckEvent)
    I2C_Cmd                                  0x08000c55   Thumb Code    24  stm32f10x_i2c.o(i.I2C_Cmd)
    I2C_GenerateSTART                        0x08000c6d   Thumb Code    24  stm32f10x_i2c.o(i.I2C_GenerateSTART)
    I2C_GenerateSTOP                         0x08000c85   Thumb Code    24  stm32f10x_i2c.o(i.I2C_GenerateSTOP)
    I2C_Init                                 0x08000c9d   Thumb Code   182  stm32f10x_i2c.o(i.I2C_Init)
    I2C_ReceiveData                          0x08000d5d   Thumb Code     6  stm32f10x_i2c.o(i.I2C_ReceiveData)
    I2C_Send7bitAddress                      0x08000d63   Thumb Code    18  stm32f10x_i2c.o(i.I2C_Send7bitAddress)
    I2C_SendData                             0x08000d75   Thumb Code     4  stm32f10x_i2c.o(i.I2C_SendData)
    Key_Init                                 0x08000d79   Thumb Code   114  key.o(i.Key_Init)
    MPU6050_GetData                          0x08000df1   Thumb Code   146  mpu6050.o(i.MPU6050_GetData)
    MPU6050_GetDataArray                     0x08000e83   Thumb Code    48  mpu6050.o(i.MPU6050_GetDataArray)
    MPU6050_Init                             0x08000eb5   Thumb Code   156  mpu6050.o(i.MPU6050_Init)
    MPU6050_ReadReg                          0x08000f59   Thumb Code   140  mpu6050.o(i.MPU6050_ReadReg)
    MPU6050_WaitEvent                        0x08000ff1   Thumb Code    32  mpu6050.o(i.MPU6050_WaitEvent)
    MPU6050_WriteReg                         0x08001011   Thumb Code    90  mpu6050.o(i.MPU6050_WriteReg)
    MaxPool                                  0x08001079   Thumb Code   164  nnom_maxpool.o(i.MaxPool)
    MemManage_Handler                        0x08001125   Thumb Code     2  stm32f10x_it.o(i.MemManage_Handler)
    NMI_Handler                              0x08001127   Thumb Code     2  stm32f10x_it.o(i.NMI_Handler)
    NVIC_Init                                0x08001129   Thumb Code    96  misc.o(i.NVIC_Init)
    NVIC_PriorityGroupConfig                 0x0800118d   Thumb Code    10  misc.o(i.NVIC_PriorityGroupConfig)
    OLED_Clear                               0x080011a1   Thumb Code    38  oled.o(i.OLED_Clear)
    OLED_I2C_Init                            0x080011c9   Thumb Code    76  oled.o(i.OLED_I2C_Init)
    OLED_I2C_SendByte                        0x08001219   Thumb Code    94  oled.o(i.OLED_I2C_SendByte)
    OLED_I2C_Start                           0x0800127d   Thumb Code    52  oled.o(i.OLED_I2C_Start)
    OLED_I2C_Stop                            0x080012b5   Thumb Code    42  oled.o(i.OLED_I2C_Stop)
    OLED_Init                                0x080012e5   Thumb Code   172  oled.o(i.OLED_Init)
    OLED_Pow                                 0x08001391   Thumb Code    16  oled.o(i.OLED_Pow)
    OLED_SetCursor                           0x080013a1   Thumb Code    34  oled.o(i.OLED_SetCursor)
    OLED_ShowChar                            0x080013c5   Thumb Code    82  oled.o(i.OLED_ShowChar)
    OLED_ShowNum                             0x0800141d   Thumb Code    64  oled.o(i.OLED_ShowNum)
    OLED_ShowString                          0x0800145d   Thumb Code    38  oled.o(i.OLED_ShowString)
    OLED_WriteCommand                        0x08001483   Thumb Code    34  oled.o(i.OLED_WriteCommand)
    OLED_WriteData                           0x080014a5   Thumb Code    34  oled.o(i.OLED_WriteData)
    PendSV_Handler                           0x080014c7   Thumb Code     2  stm32f10x_it.o(i.PendSV_Handler)
    RCC_APB1PeriphClockCmd                   0x080014c9   Thumb Code    22  stm32f10x_rcc.o(i.RCC_APB1PeriphClockCmd)
    RCC_APB2PeriphClockCmd                   0x080014e5   Thumb Code    22  stm32f10x_rcc.o(i.RCC_APB2PeriphClockCmd)
    RCC_GetClocksFreq                        0x08001501   Thumb Code   154  stm32f10x_rcc.o(i.RCC_GetClocksFreq)
    SVC_Handler                              0x080015ad   Thumb Code     2  stm32f10x_it.o(i.SVC_Handler)
    Serial_AutoSendNumber                    0x080015af   Thumb Code    68  serial.o(i.Serial_AutoSendNumber)
    Serial_Init                              0x080015f5   Thumb Code   100  serial.o(i.Serial_Init)
    Serial_SendByte                          0x08001661   Thumb Code    26  serial.o(i.Serial_SendByte)
    Serial_SendFloat                         0x08001681   Thumb Code    96  serial.o(i.Serial_SendFloat)
    Serial_SendString                        0x080016e9   Thumb Code    24  serial.o(i.Serial_SendString)
    Softmax                                  0x080017b5   Thumb Code    64  nnom_softmax.o(i.Softmax)
    SysTick_Handler                          0x080017fd   Thumb Code     2  stm32f10x_it.o(i.SysTick_Handler)
    SystemInit                               0x08001801   Thumb Code    64  system_stm32f10x.o(i.SystemInit)
    USART_Cmd                                0x08001851   Thumb Code    24  stm32f10x_usart.o(i.USART_Cmd)
    USART_GetFlagStatus                      0x08001869   Thumb Code    14  stm32f10x_usart.o(i.USART_GetFlagStatus)
    USART_Init                               0x08001879   Thumb Code   182  stm32f10x_usart.o(i.USART_Init)
    USART_SendData                           0x08001935   Thumb Code     8  stm32f10x_usart.o(i.USART_SendData)
    UsageFault_Handler                       0x0800193d   Thumb Code     2  stm32f10x_it.o(i.UsageFault_Handler)
    __0printf                                0x08001941   Thumb Code    22  printfa.o(i.__0printf)
    __1printf                                0x08001941   Thumb Code     0  printfa.o(i.__0printf)
    __2printf                                0x08001941   Thumb Code     0  printfa.o(i.__0printf)
    __c89printf                              0x08001941   Thumb Code     0  printfa.o(i.__0printf)
    printf                                   0x08001941   Thumb Code     0  printfa.o(i.__0printf)
    __scatterload_copy                       0x080019b1   Thumb Code    14  handlers.o(i.__scatterload_copy)
    __scatterload_null                       0x080019bf   Thumb Code     2  handlers.o(i.__scatterload_null)
    __scatterload_zeroinit                   0x080019c1   Thumb Code    14  handlers.o(i.__scatterload_zeroinit)
    act_get_dec_bit                          0x08002283   Thumb Code    24  nnom_activation.o(i.act_get_dec_bit)
    act_relu                                 0x0800229d   Thumb Code    24  nnom_activation.o(i.act_relu)
    block_mem_set                            0x0800234d   Thumb Code    34  nnom.o(i.block_mem_set)
    check_model_version                      0x08002371   Thumb Code    62  nnom.o(i.check_model_version)
    compile_layers                           0x0800240d   Thumb Code   538  nnom.o(i.compile_layers)
    conv2d_build                             0x08002627   Thumb Code   244  nnom_conv2d.o(i.conv2d_build)
    conv2d_free                              0x0800271b   Thumb Code    26  nnom_conv2d.o(i.conv2d_free)
    conv2d_run                               0x08002735   Thumb Code   262  nnom_conv2d.o(i.conv2d_run)
    conv2d_s                                 0x0800283d   Thumb Code   314  nnom_conv2d.o(i.conv2d_s)
    conv_output_length                       0x08002985   Thumb Code    36  nnom_conv2d.o(i.conv_output_length)
    default_build                            0x080029a9   Thumb Code    74  nnom_baselayer.o(i.default_build)
    delete_tensor                            0x080029f3   Thumb Code    10  nnom_tensor.o(i.delete_tensor)
    dense_build                              0x080029fd   Thumb Code   202  nnom_dense.o(i.dense_build)
    dense_free                               0x08002acd   Thumb Code    26  nnom_dense.o(i.dense_free)
    dense_run                                0x08002ae7   Thumb Code    90  nnom_dense.o(i.dense_run)
    dense_s                                  0x08002b41   Thumb Code   110  nnom_dense.o(i.dense_s)
    dilation                                 0x08002bbd   Thumb Code     6  nnom_layers.o(i.dilation)
    flatten_build                            0x08002bd5   Thumb Code    76  nnom_flatten.o(i.flatten_build)
    flatten_run                              0x08002c21   Thumb Code     4  nnom_flatten.o(i.flatten_run)
    flatten_s                                0x08002c25   Thumb Code    16  nnom_flatten.o(i.flatten_s)
    fputc                                    0x08002c35   Thumb Code    14  serial.o(i.fputc)
    input_build                              0x08002c43   Thumb Code    42  nnom_input.o(i.input_build)
    input_run                                0x08002c6d   Thumb Code    30  nnom_input.o(i.input_run)
    input_s                                  0x08002c8d   Thumb Code   230  nnom_input.o(i.input_s)
    io_init                                  0x08002d7d   Thumb Code     8  nnom_layers.o(i.io_init)
    kernel                                   0x08002da3   Thumb Code     6  nnom_layers.o(i.kernel)
    layer_run                                0x08002da9   Thumb Code    44  nnom.o(i.layer_run)
    local_convolve_HWC_q15_nonsquare         0x08002e0d   Thumb Code   458  nnom_local_q15.o(i.local_convolve_HWC_q15_nonsquare)
    local_convolve_HWC_q7_nonsquare          0x08002fd7   Thumb Code   432  nnom_local.o(i.local_convolve_HWC_q7_nonsquare)
    local_fully_connected_q7_opt             0x08003187   Thumb Code   568  nnom_local.o(i.local_fully_connected_q7_opt)
    local_maxpool_q7_HWC                     0x080033bf   Thumb Code   172  nnom_local.o(i.local_maxpool_q7_HWC)
    local_relu_q15                           0x0800346b   Thumb Code    28  nnom_local_q15.o(i.local_relu_q15)
    local_relu_q7                            0x08003487   Thumb Code    24  nnom_local.o(i.local_relu_q7)
    local_softmax_q7                         0x0800349f   Thumb Code   136  nnom_local.o(i.local_softmax_q7)
    main                                     0x08003529   Thumb Code   188  main.o(i.main)
    maxpool_build                            0x08003615   Thumb Code   224  nnom_maxpool.o(i.maxpool_build)
    maxpool_run                              0x080036f5   Thumb Code    86  nnom_maxpool.o(i.maxpool_run)
    maxpool_s                                0x0800374b   Thumb Code    98  nnom_maxpool.o(i.maxpool_s)
    mem_analysis_result                      0x080037ad   Thumb Code    52  nnom.o(i.mem_analysis_result)
    model_compile                            0x08003879   Thumb Code   218  nnom.o(i.model_compile)
    model_feed_data                          0x08003a61   Thumb Code   316  main.o(i.model_feed_data)
    model_run                                0x08003c19   Thumb Code     6  nnom.o(i.model_run)
    model_run_to                             0x08003c21   Thumb Code   138  nnom.o(i.model_run_to)
    new_model                                0x08003d51   Thumb Code    62  nnom.o(i.new_model)
    new_tensor                               0x08003da5   Thumb Code   106  nnom_tensor.o(i.new_tensor)
    nnom_alignto                             0x08003e35   Thumb Code    26  nnom.o(i.nnom_alignto)
    nnom_free                                0x08003e4f   Thumb Code     2  nnom.o(i.nnom_free)
    nnom_hook_length                         0x08003e51   Thumb Code    20  nnom.o(i.nnom_hook_length)
    nnom_malloc                              0x08003e65   Thumb Code    52  nnom.o(i.nnom_malloc)
    nnom_mem                                 0x08003ea5   Thumb Code    40  nnom.o(i.nnom_mem)
    nnom_set_static_buf                      0x08003f8d   Thumb Code    12  nnom.o(i.nnom_set_static_buf)
    output_run                               0x08003f9d   Thumb Code    30  nnom_output.o(i.output_run)
    output_s                                 0x08003fbd   Thumb Code    40  nnom_output.o(i.output_s)
    round                                    0x0800426d   Thumb Code   136  round.o(i.round)
    set_tailed_activation                    0x08004301   Thumb Code    58  nnom.o(i.set_tailed_activation)
    shape                                    0x08004355   Thumb Code    26  nnom_layers.o(i.shape)
    softmax_build                            0x0800436f   Thumb Code    58  nnom_softmax.o(i.softmax_build)
    softmax_run                              0x080043a9   Thumb Code    34  nnom_softmax.o(i.softmax_run)
    softmax_s                                0x080043cb   Thumb Code    16  nnom_softmax.o(i.softmax_s)
    stride                                   0x080043db   Thumb Code     6  nnom_layers.o(i.stride)
    tensor_cpy_attr                          0x080043e1   Thumb Code    86  nnom_tensor.o(i.tensor_cpy_attr)
    tensor_get_num_channel                   0x08004437   Thumb Code    12  nnom_tensor.o(i.tensor_get_num_channel)
    tensor_mem_set                           0x08004443   Thumb Code    50  nnom.o(i.tensor_mem_set)
    tensor_set_attr                          0x08004475   Thumb Code    74  nnom_tensor.o(i.tensor_set_attr)
    tensor_set_attr_v                        0x080044bf   Thumb Code    42  nnom_tensor.o(i.tensor_set_attr_v)
    tensor_size                              0x080044e9   Thumb Code    34  nnom_tensor.o(i.tensor_size)
    OLED_F8x16                               0x0800450a   Data        1520  oled.o(.constdata)
    tensor_input_1_dim                       0x08004afa   Data           4  main.o(.constdata)
    tensor_input_1_dec                       0x08004b00   Data           4  main.o(.constdata)
    tensor_input_1_offset                    0x08004b04   Data           4  main.o(.constdata)
    tensor_input_1                           0x08004b08   Data          20  main.o(.constdata)
    flatten_config                           0x08004b1c   Data           4  main.o(.constdata)
    softmax_config                           0x08004b20   Data           4  main.o(.constdata)
    input_1_config                           0x08004b24   Data           8  main.o(.constdata)
    output0_config                           0x08004b2c   Data           8  main.o(.constdata)
    conv1d_config                            0x08004b34   Data          40  main.o(.constdata)
    conv1d_1_config                          0x08004b5c   Data          40  main.o(.constdata)
    max_pooling1d_config                     0x08004b84   Data          16  main.o(.constdata)
    dense_config                             0x08004b94   Data          24  main.o(.constdata)
    tensor_conv1d_kernel_0_data              0x08004bac   Data         270  main.o(.constdata)
    tensor_conv1d_kernel_0_dim               0x08004cba   Data           6  main.o(.constdata)
    tensor_conv1d_kernel_0_dec               0x08004cc0   Data           4  main.o(.constdata)
    tensor_conv1d_kernel_0_offset            0x08004cc4   Data           4  main.o(.constdata)
    tensor_conv1d_kernel_0                   0x08004cc8   Data          20  main.o(.constdata)
    tensor_conv1d_bias_0_data                0x08004cdc   Data          30  main.o(.constdata)
    tensor_conv1d_bias_0_dim                 0x08004cfa   Data           2  main.o(.constdata)
    tensor_conv1d_bias_0_dec                 0x08004cfc   Data           4  main.o(.constdata)
    tensor_conv1d_bias_0_offset              0x08004d00   Data           4  main.o(.constdata)
    tensor_conv1d_bias_0                     0x08004d04   Data          20  main.o(.constdata)
    conv1d_output_shift                      0x08004d18   Data           4  main.o(.constdata)
    conv1d_bias_shift                        0x08004d1c   Data           4  main.o(.constdata)
    tensor_conv1d_1_kernel_0_data            0x08004d20   Data        1350  main.o(.constdata)
    tensor_conv1d_1_kernel_0_dim             0x08005266   Data           6  main.o(.constdata)
    tensor_conv1d_1_kernel_0_dec             0x0800526c   Data           4  main.o(.constdata)
    tensor_conv1d_1_kernel_0_offset          0x08005270   Data           4  main.o(.constdata)
    tensor_conv1d_1_kernel_0                 0x08005274   Data          20  main.o(.constdata)
    tensor_conv1d_1_bias_0_data              0x08005288   Data          15  main.o(.constdata)
    tensor_conv1d_1_bias_0_dim               0x08005298   Data           2  main.o(.constdata)
    tensor_conv1d_1_bias_0_dec               0x0800529c   Data           4  main.o(.constdata)
    tensor_conv1d_1_bias_0_offset            0x080052a0   Data           4  main.o(.constdata)
    tensor_conv1d_1_bias_0                   0x080052a4   Data          20  main.o(.constdata)
    conv1d_1_output_shift                    0x080052b8   Data           4  main.o(.constdata)
    conv1d_1_bias_shift                      0x080052bc   Data           4  main.o(.constdata)
    tensor_dense_kernel_0_data               0x080052c0   Data         975  main.o(.constdata)
    tensor_dense_kernel_0_dim                0x08005690   Data           4  main.o(.constdata)
    tensor_dense_kernel_0_dec                0x08005694   Data           4  main.o(.constdata)
    tensor_dense_kernel_0_offset             0x08005698   Data           4  main.o(.constdata)
    tensor_dense_kernel_0                    0x0800569c   Data          20  main.o(.constdata)
    tensor_dense_bias_0_data                 0x080056b0   Data          13  main.o(.constdata)
    tensor_dense_bias_0_dim                  0x080056be   Data           2  main.o(.constdata)
    tensor_dense_bias_0_dec                  0x080056c0   Data           4  main.o(.constdata)
    tensor_dense_bias_0_offset               0x080056c4   Data           4  main.o(.constdata)
    tensor_dense_bias_0                      0x080056c8   Data          20  main.o(.constdata)
    dense_output_shift                       0x080056dc   Data           4  main.o(.constdata)
    dense_bias_shift                         0x080056e0   Data           4  main.o(.constdata)
    tensor_output0_dim                       0x080056e4   Data           2  main.o(.constdata)
    tensor_output0_dec                       0x080056e8   Data           4  main.o(.constdata)
    tensor_output0_offset                    0x080056ec   Data           4  main.o(.constdata)
    tensor_output0                           0x080056f0   Data          20  main.o(.constdata)
    default_layer_names                      0x08005704   Data         396  nnom.o(.constdata)
    default_activation_names                 0x08005890   Data          64  nnom.o(.constdata)
    default_cell_names                       0x080058d0   Data          32  nnom.o(.constdata)
    Region$$Table$$Base                      0x08005c00   Number         0  anon$$obj.o(Region$$Table)
    Region$$Table$$Limit                     0x08005c20   Number         0  anon$$obj.o(Region$$Table)
    mpustatus                                0x20000014   Data           4  main.o(.data)
    model                                    0x20000018   Data           4  main.o(.data)
    nnom_memory_taken                        0x2000001c   Data           4  nnom.o(.data)
    __stdout                                 0x2000002c   Data           4  stdout.o(.data)
    static_buf                               0x20000288   Data        8192  main.o(.bss)
    mpu                                      0x20002288   Data        1800  main.o(.bss)
    __initial_sp                             0x20002d90   Data           0  startup_stm32f10x_md.o(STACK)



==============================================================================

Memory Map of the image

  Image Entry point : 0x080000ed

  Load Region LR_IROM1 (Base: 0x08000000, Size: 0x00005c50, Max: 0x00010000, ABSOLUTE)

    Execution Region ER_IROM1 (Exec base: 0x08000000, Load base: 0x08000000, Size: 0x00005c20, Max: 0x00010000, ABSOLUTE)

    Exec Addr    Load Addr    Size         Type   Attr      Idx    E Section Name        Object

    0x08000000   0x08000000   0x000000ec   Data   RO            3    RESET               startup_stm32f10x_md.o
    0x080000ec   0x080000ec   0x00000000   Code   RO         5920  * .ARM.Collect$$$$00000000  mc_w.l(entry.o)
    0x080000ec   0x080000ec   0x00000004   Code   RO         6228    .ARM.Collect$$$$00000001  mc_w.l(entry2.o)
    0x080000f0   0x080000f0   0x00000004   Code   RO         6231    .ARM.Collect$$$$00000004  mc_w.l(entry5.o)
    0x080000f4   0x080000f4   0x00000000   Code   RO         6233    .ARM.Collect$$$$00000008  mc_w.l(entry7b.o)
    0x080000f4   0x080000f4   0x00000000   Code   RO         6235    .ARM.Collect$$$$0000000A  mc_w.l(entry8b.o)
    0x080000f4   0x080000f4   0x00000008   Code   RO         6236    .ARM.Collect$$$$0000000B  mc_w.l(entry9a.o)
    0x080000fc   0x080000fc   0x00000000   Code   RO         6238    .ARM.Collect$$$$0000000D  mc_w.l(entry10a.o)
    0x080000fc   0x080000fc   0x00000000   Code   RO         6240    .ARM.Collect$$$$0000000F  mc_w.l(entry11a.o)
    0x080000fc   0x080000fc   0x00000004   Code   RO         6229    .ARM.Collect$$$$00002712  mc_w.l(entry2.o)
    0x08000100   0x08000100   0x00000024   Code   RO            4    .text               startup_stm32f10x_md.o
    0x08000124   0x08000124   0x00000062   Code   RO         5923    .text               mc_w.l(uldiv.o)
    0x08000186   0x08000186   0x00000024   Code   RO         5927    .text               mc_w.l(llsshr.o)
    0x080001aa   0x080001aa   0x00000024   Code   RO         5929    .text               mc_w.l(memcpya.o)
    0x080001ce   0x080001ce   0x00000024   Code   RO         5931    .text               mc_w.l(memseta.o)
    0x080001f2   0x080001f2   0x000000b0   Code   RO         6196    .text               mf_w.l(fadd.o)
    0x080002a2   0x080002a2   0x00000064   Code   RO         6198    .text               mf_w.l(fmul.o)
    0x08000306   0x08000306   0x0000014e   Code   RO         6204    .text               mf_w.l(dadd.o)
    0x08000454   0x08000454   0x0000002e   Code   RO         6206    .text               mf_w.l(dscalb.o)
    0x08000482   0x08000482   0x0000000a   Code   RO         6210    .text               mf_w.l(ffltui.o)
    0x0800048c   0x0800048c   0x00000022   Code   RO         6212    .text               mf_w.l(dflti.o)
    0x080004ae   0x080004ae   0x00000028   Code   RO         6216    .text               mf_w.l(ffixui.o)
    0x080004d6   0x080004d6   0x0000003e   Code   RO         6218    .text               mf_w.l(dfixi.o)
    0x08000514   0x08000514   0x00000032   Code   RO         6220    .text               mf_w.l(dfixui.o)
    0x08000546   0x08000546   0x00000026   Code   RO         6222    .text               mf_w.l(f2d.o)
    0x0800056c   0x0800056c   0x00000038   Code   RO         6224    .text               mf_w.l(d2f.o)
    0x080005a4   0x080005a4   0x0000002c   Code   RO         6243    .text               mc_w.l(uidiv.o)
    0x080005d0   0x080005d0   0x0000001e   Code   RO         6245    .text               mc_w.l(llshl.o)
    0x080005ee   0x080005ee   0x00000020   Code   RO         6247    .text               mc_w.l(llushr.o)
    0x0800060e   0x0800060e   0x00000000   Code   RO         6249    .text               mc_w.l(iusefp.o)
    0x0800060e   0x0800060e   0x0000006e   Code   RO         6250    .text               mf_w.l(fepilogue.o)
    0x0800067c   0x0800067c   0x000000ba   Code   RO         6252    .text               mf_w.l(depilogue.o)
    0x08000736   0x08000736   0x000000e4   Code   RO         6254    .text               mf_w.l(dmul.o)
    0x0800081a   0x0800081a   0x000000de   Code   RO         6256    .text               mf_w.l(ddiv.o)
    0x080008f8   0x080008f8   0x00000088   Code   RO         6258    .text               mf_w.l(drnd.o)
    0x08000980   0x08000980   0x00000030   Code   RO         6260    .text               mf_w.l(dfixul.o)
    0x080009b0   0x080009b0   0x00000030   Code   RO         6262    .text               mf_w.l(cdcmple.o)
    0x080009e0   0x080009e0   0x00000030   Code   RO         6264    .text               mf_w.l(cdrcmple.o)
    0x08000a10   0x08000a10   0x00000024   Code   RO         6266    .text               mc_w.l(init.o)
    0x08000a34   0x08000a34   0x00000002   Code   RO         3724    i.BusFault_Handler  stm32f10x_it.o
    0x08000a36   0x08000a36   0x00000002   Code   RO         3725    i.DebugMon_Handler  stm32f10x_it.o
    0x08000a38   0x08000a38   0x00000024   Code   RO         3518    i.EXTI15_10_IRQHandler  main.o
    0x08000a5c   0x08000a5c   0x0000000c   Code   RO          985    i.EXTI_ClearITPendingBit  stm32f10x_exti.o
    0x08000a68   0x08000a68   0x00000020   Code   RO          989    i.EXTI_GetITStatus  stm32f10x_exti.o
    0x08000a88   0x08000a88   0x00000074   Code   RO          990    i.EXTI_Init         stm32f10x_exti.o
    0x08000afc   0x08000afc   0x0000004c   Code   RO         5402    i.Flatten           nnom_flatten.o
    0x08000b48   0x08000b48   0x00000028   Code   RO         1344    i.GPIO_EXTILineConfig  stm32f10x_gpio.o
    0x08000b70   0x08000b70   0x000000a6   Code   RO         1347    i.GPIO_Init         stm32f10x_gpio.o
    0x08000c16   0x08000c16   0x0000000c   Code   RO         1358    i.GPIO_WriteBit     stm32f10x_gpio.o
    0x08000c22   0x08000c22   0x00000002   Code   RO         3726    i.HardFault_Handler  stm32f10x_it.o
    0x08000c24   0x08000c24   0x00000018   Code   RO         1459    i.I2C_AcknowledgeConfig  stm32f10x_i2c.o
    0x08000c3c   0x08000c3c   0x00000018   Code   RO         1461    i.I2C_CheckEvent    stm32f10x_i2c.o
    0x08000c54   0x08000c54   0x00000018   Code   RO         1464    i.I2C_Cmd           stm32f10x_i2c.o
    0x08000c6c   0x08000c6c   0x00000018   Code   RO         1471    i.I2C_GenerateSTART  stm32f10x_i2c.o
    0x08000c84   0x08000c84   0x00000018   Code   RO         1472    i.I2C_GenerateSTOP  stm32f10x_i2c.o
    0x08000c9c   0x08000c9c   0x000000c0   Code   RO         1478    i.I2C_Init          stm32f10x_i2c.o
    0x08000d5c   0x08000d5c   0x00000006   Code   RO         1483    i.I2C_ReceiveData   stm32f10x_i2c.o
    0x08000d62   0x08000d62   0x00000012   Code   RO         1485    i.I2C_Send7bitAddress  stm32f10x_i2c.o
    0x08000d74   0x08000d74   0x00000004   Code   RO         1486    i.I2C_SendData      stm32f10x_i2c.o
    0x08000d78   0x08000d78   0x00000078   Code   RO         3268    i.Key_Init          key.o
    0x08000df0   0x08000df0   0x00000092   Code   RO         3464    i.MPU6050_GetData   mpu6050.o
    0x08000e82   0x08000e82   0x00000030   Code   RO         3465    i.MPU6050_GetDataArray  mpu6050.o
    0x08000eb2   0x08000eb2   0x00000002   PAD
    0x08000eb4   0x08000eb4   0x000000a4   Code   RO         3467    i.MPU6050_Init      mpu6050.o
    0x08000f58   0x08000f58   0x00000098   Code   RO         3468    i.MPU6050_ReadReg   mpu6050.o
    0x08000ff0   0x08000ff0   0x00000020   Code   RO         3469    i.MPU6050_WaitEvent  mpu6050.o
    0x08001010   0x08001010   0x00000068   Code   RO         3470    i.MPU6050_WriteReg  mpu6050.o
    0x08001078   0x08001078   0x000000ac   Code   RO         5660    i.MaxPool           nnom_maxpool.o
    0x08001124   0x08001124   0x00000002   Code   RO         3727    i.MemManage_Handler  stm32f10x_it.o
    0x08001126   0x08001126   0x00000002   Code   RO         3728    i.NMI_Handler       stm32f10x_it.o
    0x08001128   0x08001128   0x00000064   Code   RO          137    i.NVIC_Init         misc.o
    0x0800118c   0x0800118c   0x00000014   Code   RO          138    i.NVIC_PriorityGroupConfig  misc.o
    0x080011a0   0x080011a0   0x00000026   Code   RO         3283    i.OLED_Clear        oled.o
    0x080011c6   0x080011c6   0x00000002   PAD
    0x080011c8   0x080011c8   0x00000050   Code   RO         3284    i.OLED_I2C_Init     oled.o
    0x08001218   0x08001218   0x00000064   Code   RO         3285    i.OLED_I2C_SendByte  oled.o
    0x0800127c   0x0800127c   0x00000038   Code   RO         3286    i.OLED_I2C_Start    oled.o
    0x080012b4   0x080012b4   0x00000030   Code   RO         3287    i.OLED_I2C_Stop     oled.o
    0x080012e4   0x080012e4   0x000000ac   Code   RO         3288    i.OLED_Init         oled.o
    0x08001390   0x08001390   0x00000010   Code   RO         3289    i.OLED_Pow          oled.o
    0x080013a0   0x080013a0   0x00000022   Code   RO         3290    i.OLED_SetCursor    oled.o
    0x080013c2   0x080013c2   0x00000002   PAD
    0x080013c4   0x080013c4   0x00000058   Code   RO         3292    i.OLED_ShowChar     oled.o
    0x0800141c   0x0800141c   0x00000040   Code   RO         3294    i.OLED_ShowNum      oled.o
    0x0800145c   0x0800145c   0x00000026   Code   RO         3296    i.OLED_ShowString   oled.o
    0x08001482   0x08001482   0x00000022   Code   RO         3297    i.OLED_WriteCommand  oled.o
    0x080014a4   0x080014a4   0x00000022   Code   RO         3298    i.OLED_WriteData    oled.o
    0x080014c6   0x080014c6   0x00000002   Code   RO         3729    i.PendSV_Handler    stm32f10x_it.o
    0x080014c8   0x080014c8   0x0000001c   Code   RO         1775    i.RCC_APB1PeriphClockCmd  stm32f10x_rcc.o
    0x080014e4   0x080014e4   0x0000001c   Code   RO         1777    i.RCC_APB2PeriphClockCmd  stm32f10x_rcc.o
    0x08001500   0x08001500   0x000000ac   Code   RO         1785    i.RCC_GetClocksFreq  stm32f10x_rcc.o
    0x080015ac   0x080015ac   0x00000002   Code   RO         3730    i.SVC_Handler       stm32f10x_it.o
    0x080015ae   0x080015ae   0x00000044   Code   RO         3391    i.Serial_AutoSendNumber  serial.o
    0x080015f2   0x080015f2   0x00000002   PAD
    0x080015f4   0x080015f4   0x0000006c   Code   RO         3392    i.Serial_Init       serial.o
    0x08001660   0x08001660   0x00000020   Code   RO         3396    i.Serial_SendByte   serial.o
    0x08001680   0x08001680   0x00000068   Code   RO         3397    i.Serial_SendFloat  serial.o
    0x080016e8   0x080016e8   0x00000018   Code   RO         3399    i.Serial_SendString  serial.o
    0x08001700   0x08001700   0x00000004   Code   RO           24    i.SetSysClock       system_stm32f10x.o
    0x08001704   0x08001704   0x000000b0   Code   RO           25    i.SetSysClockTo72   system_stm32f10x.o
    0x080017b4   0x080017b4   0x00000048   Code   RO         5798    i.Softmax           nnom_softmax.o
    0x080017fc   0x080017fc   0x00000002   Code   RO         3731    i.SysTick_Handler   stm32f10x_it.o
    0x080017fe   0x080017fe   0x00000002   PAD
    0x08001800   0x08001800   0x00000050   Code   RO           27    i.SystemInit        system_stm32f10x.o
    0x08001850   0x08001850   0x00000018   Code   RO         2960    i.USART_Cmd         stm32f10x_usart.o
    0x08001868   0x08001868   0x0000000e   Code   RO         2963    i.USART_GetFlagStatus  stm32f10x_usart.o
    0x08001876   0x08001876   0x00000002   PAD
    0x08001878   0x08001878   0x000000bc   Code   RO         2967    i.USART_Init        stm32f10x_usart.o
    0x08001934   0x08001934   0x00000008   Code   RO         2977    i.USART_SendData    stm32f10x_usart.o
    0x0800193c   0x0800193c   0x00000002   Code   RO         3732    i.UsageFault_Handler  stm32f10x_it.o
    0x0800193e   0x0800193e   0x00000002   PAD
    0x08001940   0x08001940   0x00000020   Code   RO         6168    i.__0printf         mc_w.l(printfa.o)
    0x08001960   0x08001960   0x0000001c   Code   RO         3787    i.__NNOM_SSAT       nnom_local.o
    0x0800197c   0x0800197c   0x0000001c   Code   RO         4124    i.__NNOM_SSAT       nnom_local_q15.o
    0x08001998   0x08001998   0x00000018   Code   RO         3788    i.__NNOM_USAT       nnom_local.o
    0x080019b0   0x080019b0   0x0000000e   Code   RO         6270    i.__scatterload_copy  mc_w.l(handlers.o)
    0x080019be   0x080019be   0x00000002   Code   RO         6271    i.__scatterload_null  mc_w.l(handlers.o)
    0x080019c0   0x080019c0   0x0000000e   Code   RO         6272    i.__scatterload_zeroinit  mc_w.l(handlers.o)
    0x080019ce   0x080019ce   0x00000002   PAD
    0x080019d0   0x080019d0   0x00000184   Code   RO         6175    i._fp_digits        mc_w.l(printfa.o)
    0x08001b54   0x08001b54   0x000006dc   Code   RO         6176    i._printf_core      mc_w.l(printfa.o)
    0x08002230   0x08002230   0x00000024   Code   RO         6177    i._printf_post_padding  mc_w.l(printfa.o)
    0x08002254   0x08002254   0x0000002e   Code   RO         6178    i._printf_pre_padding  mc_w.l(printfa.o)
    0x08002282   0x08002282   0x00000018   Code   RO         4993    i.act_get_dec_bit   nnom_activation.o
    0x0800229a   0x0800229a   0x00000002   PAD
    0x0800229c   0x0800229c   0x0000001c   Code   RO         4997    i.act_relu          nnom_activation.o
    0x080022b8   0x080022b8   0x00000034   Code   RO         4371    i.allocate_block    nnom.o
    0x080022ec   0x080022ec   0x0000002c   Code   RO         4372    i.allocate_hook     nnom.o
    0x08002318   0x08002318   0x00000034   Code   RO         4373    i.allocate_io       nnom.o
    0x0800234c   0x0800234c   0x00000022   Code   RO         4374    i.block_mem_set     nnom.o
    0x0800236e   0x0800236e   0x00000002   PAD
    0x08002370   0x08002370   0x0000009c   Code   RO         4375    i.check_model_version  nnom.o
    0x0800240c   0x0800240c   0x0000021a   Code   RO         4376    i.compile_layers    nnom.o
    0x08002626   0x08002626   0x000000f4   Code   RO         5228    i.conv2d_build      nnom_conv2d.o
    0x0800271a   0x0800271a   0x0000001a   Code   RO         5229    i.conv2d_free       nnom_conv2d.o
    0x08002734   0x08002734   0x00000106   Code   RO         5230    i.conv2d_run        nnom_conv2d.o
    0x0800283a   0x0800283a   0x00000002   PAD
    0x0800283c   0x0800283c   0x00000148   Code   RO         5231    i.conv2d_s          nnom_conv2d.o
    0x08002984   0x08002984   0x00000024   Code   RO         5232    i.conv_output_length  nnom_conv2d.o
    0x080029a8   0x080029a8   0x0000004a   Code   RO         5166    i.default_build     nnom_baselayer.o
    0x080029f2   0x080029f2   0x0000000a   Code   RO         4754    i.delete_tensor     nnom_tensor.o
    0x080029fc   0x080029fc   0x000000d0   Code   RO         5336    i.dense_build       nnom_dense.o
    0x08002acc   0x08002acc   0x0000001a   Code   RO         5337    i.dense_free        nnom_dense.o
    0x08002ae6   0x08002ae6   0x0000005a   Code   RO         5338    i.dense_run         nnom_dense.o
    0x08002b40   0x08002b40   0x0000007c   Code   RO         5339    i.dense_s           nnom_dense.o
    0x08002bbc   0x08002bbc   0x00000006   Code   RO         4700    i.dilation          nnom_layers.o
    0x08002bc2   0x08002bc2   0x00000012   Code   RO         4377    i.find_last         nnom.o
    0x08002bd4   0x08002bd4   0x0000004c   Code   RO         5403    i.flatten_build     nnom_flatten.o
    0x08002c20   0x08002c20   0x00000004   Code   RO         5404    i.flatten_run       nnom_flatten.o
    0x08002c24   0x08002c24   0x00000010   Code   RO         5405    i.flatten_s         nnom_flatten.o
    0x08002c34   0x08002c34   0x0000000e   Code   RO         3400    i.fputc             serial.o
    0x08002c42   0x08002c42   0x0000002a   Code   RO         5511    i.input_build       nnom_input.o
    0x08002c6c   0x08002c6c   0x0000001e   Code   RO         5512    i.input_run         nnom_input.o
    0x08002c8a   0x08002c8a   0x00000002   PAD
    0x08002c8c   0x08002c8c   0x000000f0   Code   RO         5513    i.input_s           nnom_input.o
    0x08002d7c   0x08002d7c   0x00000008   Code   RO         4702    i.io_init           nnom_layers.o
    0x08002d84   0x08002d84   0x0000001e   Code   RO         4379    i.io_mem_size       nnom.o
    0x08002da2   0x08002da2   0x00000006   Code   RO         4703    i.kernel            nnom_layers.o
    0x08002da8   0x08002da8   0x00000044   Code   RO         4382    i.layer_run         nnom.o
    0x08002dec   0x08002dec   0x00000020   Code   RO         4383    i.layer_shortcut_add  nnom.o
    0x08002e0c   0x08002e0c   0x000001ca   Code   RO         4135    i.local_convolve_HWC_q15_nonsquare  nnom_local_q15.o
    0x08002fd6   0x08002fd6   0x000001b0   Code   RO         3796    i.local_convolve_HWC_q7_nonsquare  nnom_local.o
    0x08003186   0x08003186   0x00000238   Code   RO         3804    i.local_fully_connected_q7_opt  nnom_local.o
    0x080033be   0x080033be   0x000000ac   Code   RO         3809    i.local_maxpool_q7_HWC  nnom_local.o
    0x0800346a   0x0800346a   0x0000001c   Code   RO         4153    i.local_relu_q15    nnom_local_q15.o
    0x08003486   0x08003486   0x00000018   Code   RO         3817    i.local_relu_q7     nnom_local.o
    0x0800349e   0x0800349e   0x00000088   Code   RO         3819    i.local_softmax_q7  nnom_local.o
    0x08003526   0x08003526   0x00000002   PAD
    0x08003528   0x08003528   0x000000ec   Code   RO         3519    i.main              main.o
    0x08003614   0x08003614   0x000000e0   Code   RO         5661    i.maxpool_build     nnom_maxpool.o
    0x080036f4   0x080036f4   0x00000056   Code   RO         5662    i.maxpool_run       nnom_maxpool.o
    0x0800374a   0x0800374a   0x00000062   Code   RO         5663    i.maxpool_s         nnom_maxpool.o
    0x080037ac   0x080037ac   0x0000008c   Code   RO         4384    i.mem_analysis_result  nnom.o
    0x08003838   0x08003838   0x00000008   Code   RO         4385    i.model_active      nnom.o
    0x08003840   0x08003840   0x00000038   Code   RO         4386    i.model_add         nnom.o
    0x08003878   0x08003878   0x000001e8   Code   RO         4387    i.model_compile     nnom.o
    0x08003a60   0x08003a60   0x00000154   Code   RO         3520    i.model_feed_data   main.o
    0x08003bb4   0x08003bb4   0x00000028   Code   RO         4390    i.model_hook        nnom.o
    0x08003bdc   0x08003bdc   0x0000000a   Code   RO         4391    i.model_merge       nnom.o
    0x08003be6   0x08003be6   0x00000032   Code   RO         4392    i.model_mergex      nnom.o
    0x08003c18   0x08003c18   0x00000006   Code   RO         4393    i.model_run         nnom.o
    0x08003c1e   0x08003c1e   0x00000002   PAD
    0x08003c20   0x08003c20   0x0000010c   Code   RO         4394    i.model_run_to      nnom.o
    0x08003d2c   0x08003d2c   0x00000022   Code   RO         4396    i.model_set_ops     nnom.o
    0x08003d4e   0x08003d4e   0x00000002   PAD
    0x08003d50   0x08003d50   0x00000054   Code   RO         4397    i.new_model         nnom.o
    0x08003da4   0x08003da4   0x00000090   Code   RO         4756    i.new_tensor        nnom_tensor.o
    0x08003e34   0x08003e34   0x0000001a   Code   RO         4398    i.nnom_alignto      nnom.o
    0x08003e4e   0x08003e4e   0x00000002   Code   RO         4399    i.nnom_free         nnom.o
    0x08003e50   0x08003e50   0x00000014   Code   RO         4400    i.nnom_hook_length  nnom.o
    0x08003e64   0x08003e64   0x00000040   Code   RO         4402    i.nnom_malloc       nnom.o
    0x08003ea4   0x08003ea4   0x0000002c   Code   RO         4403    i.nnom_mem          nnom.o
    0x08003ed0   0x08003ed0   0x000000bc   Code   RO         3521    i.nnom_model_create  main.o
    0x08003f8c   0x08003f8c   0x00000010   Code   RO         4405    i.nnom_set_static_buf  nnom.o
    0x08003f9c   0x08003f9c   0x0000001e   Code   RO         5691    i.output_run        nnom_output.o
    0x08003fba   0x08003fba   0x00000002   PAD
    0x08003fbc   0x08003fbc   0x00000030   Code   RO         5692    i.output_s          nnom_output.o
    0x08003fec   0x08003fec   0x000001c8   Code   RO         4406    i.print_layer_info  nnom.o
    0x080041b4   0x080041b4   0x00000054   Code   RO         4407    i.print_memory_block_info  nnom.o
    0x08004208   0x08004208   0x00000014   Code   RO         4408    i.release_block     nnom.o
    0x0800421c   0x0800421c   0x0000000e   Code   RO         4409    i.release_comp_mem  nnom.o
    0x0800422a   0x0800422a   0x00000014   Code   RO         4410    i.release_input_mem  nnom.o
    0x0800423e   0x0800423e   0x0000002e   Code   RO         5007    i.relu_run          nnom_activation.o
    0x0800426c   0x0800426c   0x00000094   Code   RO         5918    i.round             m_ws.l(round.o)
    0x08004300   0x08004300   0x00000054   Code   RO         4412    i.set_tailed_activation  nnom.o
    0x08004354   0x08004354   0x0000001a   Code   RO         4704    i.shape             nnom_layers.o
    0x0800436e   0x0800436e   0x0000003a   Code   RO         5799    i.softmax_build     nnom_softmax.o
    0x080043a8   0x080043a8   0x00000022   Code   RO         5800    i.softmax_run       nnom_softmax.o
    0x080043ca   0x080043ca   0x00000010   Code   RO         5801    i.softmax_s         nnom_softmax.o
    0x080043da   0x080043da   0x00000006   Code   RO         4706    i.stride            nnom_layers.o
    0x080043e0   0x080043e0   0x00000056   Code   RO         4758    i.tensor_cpy_attr   nnom_tensor.o
    0x08004436   0x08004436   0x0000000c   Code   RO         4759    i.tensor_get_num_channel  nnom_tensor.o
    0x08004442   0x08004442   0x00000032   Code   RO         4413    i.tensor_mem_set    nnom.o
    0x08004474   0x08004474   0x0000004a   Code   RO         4761    i.tensor_set_attr   nnom_tensor.o
    0x080044be   0x080044be   0x0000002a   Code   RO         4762    i.tensor_set_attr_v  nnom_tensor.o
    0x080044e8   0x080044e8   0x00000022   Code   RO         4763    i.tensor_size       nnom_tensor.o
    0x0800450a   0x0800450a   0x000005f0   Data   RO         3299    .constdata          oled.o
    0x08004afa   0x08004afa   0x00000004   Data   RO         3523    .constdata          main.o
    0x08004afe   0x08004afe   0x00000002   PAD
    0x08004b00   0x08004b00   0x00000004   Data   RO         3524    .constdata          main.o
    0x08004b04   0x08004b04   0x00000004   Data   RO         3525    .constdata          main.o
    0x08004b08   0x08004b08   0x00000014   Data   RO         3526    .constdata          main.o
    0x08004b1c   0x08004b1c   0x00000090   Data   RO         3527    .constdata          main.o
    0x08004bac   0x08004bac   0x0000010e   Data   RO         3528    .constdata          main.o
    0x08004cba   0x08004cba   0x00000006   Data   RO         3529    .constdata          main.o
    0x08004cc0   0x08004cc0   0x00000004   Data   RO         3530    .constdata          main.o
    0x08004cc4   0x08004cc4   0x00000004   Data   RO         3531    .constdata          main.o
    0x08004cc8   0x08004cc8   0x00000014   Data   RO         3532    .constdata          main.o
    0x08004cdc   0x08004cdc   0x0000001e   Data   RO         3533    .constdata          main.o
    0x08004cfa   0x08004cfa   0x00000002   Data   RO         3534    .constdata          main.o
    0x08004cfc   0x08004cfc   0x00000004   Data   RO         3535    .constdata          main.o
    0x08004d00   0x08004d00   0x00000004   Data   RO         3536    .constdata          main.o
    0x08004d04   0x08004d04   0x00000014   Data   RO         3537    .constdata          main.o
    0x08004d18   0x08004d18   0x00000004   Data   RO         3538    .constdata          main.o
    0x08004d1c   0x08004d1c   0x00000004   Data   RO         3539    .constdata          main.o
    0x08004d20   0x08004d20   0x00000546   Data   RO         3540    .constdata          main.o
    0x08005266   0x08005266   0x00000006   Data   RO         3541    .constdata          main.o
    0x0800526c   0x0800526c   0x00000004   Data   RO         3542    .constdata          main.o
    0x08005270   0x08005270   0x00000004   Data   RO         3543    .constdata          main.o
    0x08005274   0x08005274   0x00000014   Data   RO         3544    .constdata          main.o
    0x08005288   0x08005288   0x0000000f   Data   RO         3545    .constdata          main.o
    0x08005297   0x08005297   0x00000001   PAD
    0x08005298   0x08005298   0x00000002   Data   RO         3546    .constdata          main.o
    0x0800529a   0x0800529a   0x00000002   PAD
    0x0800529c   0x0800529c   0x00000004   Data   RO         3547    .constdata          main.o
    0x080052a0   0x080052a0   0x00000004   Data   RO         3548    .constdata          main.o
    0x080052a4   0x080052a4   0x00000014   Data   RO         3549    .constdata          main.o
    0x080052b8   0x080052b8   0x00000004   Data   RO         3550    .constdata          main.o
    0x080052bc   0x080052bc   0x00000004   Data   RO         3551    .constdata          main.o
    0x080052c0   0x080052c0   0x000003cf   Data   RO         3552    .constdata          main.o
    0x0800568f   0x0800568f   0x00000001   PAD
    0x08005690   0x08005690   0x00000004   Data   RO         3553    .constdata          main.o
    0x08005694   0x08005694   0x00000004   Data   RO         3554    .constdata          main.o
    0x08005698   0x08005698   0x00000004   Data   RO         3555    .constdata          main.o
    0x0800569c   0x0800569c   0x00000014   Data   RO         3556    .constdata          main.o
    0x080056b0   0x080056b0   0x0000000d   Data   RO         3557    .constdata          main.o
    0x080056bd   0x080056bd   0x00000001   PAD
    0x080056be   0x080056be   0x00000002   Data   RO         3558    .constdata          main.o
    0x080056c0   0x080056c0   0x00000004   Data   RO         3559    .constdata          main.o
    0x080056c4   0x080056c4   0x00000004   Data   RO         3560    .constdata          main.o
    0x080056c8   0x080056c8   0x00000014   Data   RO         3561    .constdata          main.o
    0x080056dc   0x080056dc   0x00000004   Data   RO         3562    .constdata          main.o
    0x080056e0   0x080056e0   0x00000004   Data   RO         3563    .constdata          main.o
    0x080056e4   0x080056e4   0x00000002   Data   RO         3564    .constdata          main.o
    0x080056e6   0x080056e6   0x00000002   PAD
    0x080056e8   0x080056e8   0x00000004   Data   RO         3565    .constdata          main.o
    0x080056ec   0x080056ec   0x00000004   Data   RO         3566    .constdata          main.o
    0x080056f0   0x080056f0   0x00000014   Data   RO         3567    .constdata          main.o
    0x08005704   0x08005704   0x000001ec   Data   RO         4414    .constdata          nnom.o
    0x080058f0   0x080058f0   0x00000004   Data   RO         5340    .constdata          nnom_dense.o
    0x080058f4   0x080058f4   0x0000004c   Data   RO         3568    .conststring        main.o
    0x08005940   0x08005940   0x000002bd   Data   RO         4415    .conststring        nnom.o
    0x08005bfd   0x08005bfd   0x00000003   PAD
    0x08005c00   0x08005c00   0x00000020   Data   RO         6268    Region$$Table       anon$$obj.o


    Execution Region RW_IRAM1 (Exec base: 0x20000000, Load base: 0x08005c20, Size: 0x00002d90, Max: 0x00005000, ABSOLUTE)

    Exec Addr    Load Addr    Size         Type   Attr      Idx    E Section Name        Object

    0x20000000   0x08005c20   0x00000014   Data   RW         1805    .data               stm32f10x_rcc.o
    0x20000014   0x08005c34   0x00000008   Data   RW         3570    .data               main.o
    0x2000001c   0x08005c3c   0x00000010   Data   RW         4416    .data               nnom.o
    0x2000002c   0x08005c4c   0x00000004   Data   RW         6242    .data               mc_w.l(stdout.o)
    0x20000030        -       0x00002960   Zero   RW         3522    .bss                main.o
    0x20002990        -       0x00000400   Zero   RW            1    STACK               startup_stm32f10x_md.o


==============================================================================

Image component sizes


      Code (inc. data)   RO Data    RW Data    ZI Data      Debug   Object Name

         0          0          0          0          0       4508   core_cm3.o
       120          6          0          0          0        559   key.o
       800         84       3149          8      10592      30896   main.o
       120         14          0          0          0     206899   misc.o
       646         34          0          0          0       4565   mpu6050.o
      3108        874       1193         16          0      27482   nnom.o
        98         12          0          0          0       1721   nnom_activation.o
        74          0          0          0          0        568   nnom_baselayer.o
       896         14          0          0          0       4162   nnom_conv2d.o
       448         20          4          0          0       3353   nnom_dense.o
       172         10          0          0          0       2840   nnom_flatten.o
       312         10          0          0          0       2376   nnom_input.o
        52          0          0          0          0       3211   nnom_layers.o
      1384          0          0          0          0      19709   nnom_local.o
       514          0          0          0          0       4764   nnom_local_q15.o
       580          8          0          0          0       3432   nnom_maxpool.o
        78          8          0          0          0       1608   nnom_output.o
       180          8          0          0          0       2848   nnom_softmax.o
       402         38          0          0          0       5208   nnom_tensor.o
       802         26       1520          0          0       7589   oled.o
       350         22          0          0          0       5115   serial.o
        36          8        236          0       1024        808   startup_stm32f10x_md.o
         0          0          0          0          0       1648   stm32f10x_adc.o
       160         16          0          0          0       4200   stm32f10x_exti.o
       218          6          0          0          0      11386   stm32f10x_gpio.o
       340         10          0          0          0      14732   stm32f10x_i2c.o
        18          0          0          0          0       3642   stm32f10x_it.o
       228         30          0         20          0      13106   stm32f10x_rcc.o
       234          6          0          0          0       9988   stm32f10x_usart.o
       260         26          0          0          0      32729   system_stm32f10x.o

    ----------------------------------------------------------------------
     12660       1290       6146         44      11616     435652   Object Totals
         0          0         32          0          0          0   (incl. Generated)
        30          0         12          0          0          0   (incl. Padding)

    ----------------------------------------------------------------------

      Code (inc. data)   RO Data    RW Data    ZI Data      Debug   Library Member Name

       148         12          0          0          0         88   round.o
         0          0          0          0          0          0   entry.o
         0          0          0          0          0          0   entry10a.o
         0          0          0          0          0          0   entry11a.o
         8          4          0          0          0          0   entry2.o
         4          0          0          0          0          0   entry5.o
         0          0          0          0          0          0   entry7b.o
         0          0          0          0          0          0   entry8b.o
         8          4          0          0          0          0   entry9a.o
        30          0          0          0          0          0   handlers.o
        36          8          0          0          0         68   init.o
         0          0          0          0          0          0   iusefp.o
        30          0          0          0          0         68   llshl.o
        36          0          0          0          0         68   llsshr.o
        32          0          0          0          0         68   llushr.o
        36          0          0          0          0         68   memcpya.o
        36          0          0          0          0        108   memseta.o
      2258         90          0          0          0        452   printfa.o
         0          0          0          4          0          0   stdout.o
        44          0          0          0          0         80   uidiv.o
        98          0          0          0          0         92   uldiv.o
        48          0          0          0          0         68   cdcmple.o
        48          0          0          0          0         68   cdrcmple.o
        56          0          0          0          0         88   d2f.o
       334          0          0          0          0        148   dadd.o
       222          0          0          0          0        100   ddiv.o
       186          0          0          0          0        176   depilogue.o
        62          0          0          0          0         80   dfixi.o
        50          0          0          0          0         76   dfixui.o
        48          0          0          0          0         68   dfixul.o
        34          0          0          0          0         76   dflti.o
       228          0          0          0          0         96   dmul.o
       136          4          0          0          0         92   drnd.o
        46          0          0          0          0         80   dscalb.o
        38          0          0          0          0         68   f2d.o
       176          0          0          0          0        140   fadd.o
       110          0          0          0          0        168   fepilogue.o
        40          0          0          0          0         68   ffixui.o
        10          0          0          0          0         68   ffltui.o
       100          0          0          0          0         76   fmul.o

    ----------------------------------------------------------------------
      4778        122          0          4          0       2964   Library Totals
         2          0          0          0          0          0   (incl. Padding)

    ----------------------------------------------------------------------

      Code (inc. data)   RO Data    RW Data    ZI Data      Debug   Library Name

       148         12          0          0          0         88   m_ws.l
      2656        106          0          4          0       1072   mc_w.l
      1972          4          0          0          0       1804   mf_w.l

    ----------------------------------------------------------------------
      4778        122          0          4          0       2964   Library Totals

    ----------------------------------------------------------------------

==============================================================================


      Code (inc. data)   RO Data    RW Data    ZI Data      Debug   

     17438       1412       6146         48      11616     429512   Grand Totals
     17438       1412       6146         48      11616     429512   ELF Image Totals
     17438       1412       6146         48          0          0   ROM Totals

==============================================================================

    Total RO  Size (Code + RO Data)                23584 (  23.03kB)
    Total RW  Size (RW Data + ZI Data)             11664 (  11.39kB)
    Total ROM Size (Code + RO Data + RW Data)      23632 (  23.08kB)

==============================================================================

