Component: ARM Compiler 5.06 update 6 (build 750) Tool: armlink [4d35ed]

==============================================================================

Section Cross References

    startup_stm32f10x_md.o(RESET) refers to startup_stm32f10x_md.o(STACK) for __initial_sp
    startup_stm32f10x_md.o(RESET) refers to startup_stm32f10x_md.o(.text) for Reset_Handler
    startup_stm32f10x_md.o(RESET) refers to stm32f10x_it.o(i.NMI_Handler) for NMI_Handler
    startup_stm32f10x_md.o(RESET) refers to stm32f10x_it.o(i.HardFault_Handler) for HardFault_Handler
    startup_stm32f10x_md.o(RESET) refers to stm32f10x_it.o(i.MemManage_Handler) for MemManage_Handler
    startup_stm32f10x_md.o(RESET) refers to stm32f10x_it.o(i.BusFault_Handler) for BusFault_Handler
    startup_stm32f10x_md.o(RESET) refers to stm32f10x_it.o(i.UsageFault_Handler) for UsageFault_Handler
    startup_stm32f10x_md.o(RESET) refers to stm32f10x_it.o(i.SVC_Handler) for SVC_Handler
    startup_stm32f10x_md.o(RESET) refers to stm32f10x_it.o(i.DebugMon_Handler) for DebugMon_Handler
    startup_stm32f10x_md.o(RESET) refers to stm32f10x_it.o(i.PendSV_Handler) for PendSV_Handler
    startup_stm32f10x_md.o(RESET) refers to stm32f10x_it.o(i.SysTick_Handler) for SysTick_Handler
    startup_stm32f10x_md.o(RESET) refers to main.o(i.EXTI15_10_IRQHandler) for EXTI15_10_IRQHandler
    startup_stm32f10x_md.o(.text) refers to system_stm32f10x.o(i.SystemInit) for SystemInit
    startup_stm32f10x_md.o(.text) refers to entry.o(.ARM.Collect$$$$00000000) for __main
    system_stm32f10x.o(i.SetSysClock) refers to system_stm32f10x.o(i.SetSysClockTo72) for SetSysClockTo72
    system_stm32f10x.o(i.SystemCoreClockUpdate) refers to system_stm32f10x.o(.data) for SystemCoreClock
    system_stm32f10x.o(i.SystemInit) refers to system_stm32f10x.o(i.SetSysClock) for SetSysClock
    stm32f10x_adc.o(i.ADC_DeInit) refers to stm32f10x_rcc.o(i.RCC_APB2PeriphResetCmd) for RCC_APB2PeriphResetCmd
    stm32f10x_bkp.o(i.BKP_DeInit) refers to stm32f10x_rcc.o(i.RCC_BackupResetCmd) for RCC_BackupResetCmd
    stm32f10x_can.o(i.CAN_DeInit) refers to stm32f10x_rcc.o(i.RCC_APB1PeriphResetCmd) for RCC_APB1PeriphResetCmd
    stm32f10x_can.o(i.CAN_GetITStatus) refers to stm32f10x_can.o(i.CheckITStatus) for CheckITStatus
    stm32f10x_cec.o(i.CEC_DeInit) refers to stm32f10x_rcc.o(i.RCC_APB1PeriphResetCmd) for RCC_APB1PeriphResetCmd
    stm32f10x_dac.o(i.DAC_DeInit) refers to stm32f10x_rcc.o(i.RCC_APB1PeriphResetCmd) for RCC_APB1PeriphResetCmd
    stm32f10x_flash.o(i.FLASH_EnableWriteProtection) refers to stm32f10x_flash.o(i.FLASH_WaitForLastOperation) for FLASH_WaitForLastOperation
    stm32f10x_flash.o(i.FLASH_EraseAllBank1Pages) refers to stm32f10x_flash.o(i.FLASH_WaitForLastBank1Operation) for FLASH_WaitForLastBank1Operation
    stm32f10x_flash.o(i.FLASH_EraseAllPages) refers to stm32f10x_flash.o(i.FLASH_WaitForLastOperation) for FLASH_WaitForLastOperation
    stm32f10x_flash.o(i.FLASH_EraseOptionBytes) refers to stm32f10x_flash.o(i.FLASH_GetReadOutProtectionStatus) for FLASH_GetReadOutProtectionStatus
    stm32f10x_flash.o(i.FLASH_EraseOptionBytes) refers to stm32f10x_flash.o(i.FLASH_WaitForLastOperation) for FLASH_WaitForLastOperation
    stm32f10x_flash.o(i.FLASH_ErasePage) refers to stm32f10x_flash.o(i.FLASH_WaitForLastOperation) for FLASH_WaitForLastOperation
    stm32f10x_flash.o(i.FLASH_ProgramHalfWord) refers to stm32f10x_flash.o(i.FLASH_WaitForLastOperation) for FLASH_WaitForLastOperation
    stm32f10x_flash.o(i.FLASH_ProgramOptionByteData) refers to stm32f10x_flash.o(i.FLASH_WaitForLastOperation) for FLASH_WaitForLastOperation
    stm32f10x_flash.o(i.FLASH_ProgramWord) refers to stm32f10x_flash.o(i.FLASH_WaitForLastOperation) for FLASH_WaitForLastOperation
    stm32f10x_flash.o(i.FLASH_ReadOutProtection) refers to stm32f10x_flash.o(i.FLASH_WaitForLastOperation) for FLASH_WaitForLastOperation
    stm32f10x_flash.o(i.FLASH_UserOptionByteConfig) refers to stm32f10x_flash.o(i.FLASH_WaitForLastOperation) for FLASH_WaitForLastOperation
    stm32f10x_flash.o(i.FLASH_WaitForLastBank1Operation) refers to stm32f10x_flash.o(i.FLASH_GetBank1Status) for FLASH_GetBank1Status
    stm32f10x_flash.o(i.FLASH_WaitForLastOperation) refers to stm32f10x_flash.o(i.FLASH_GetBank1Status) for FLASH_GetBank1Status
    stm32f10x_gpio.o(i.GPIO_AFIODeInit) refers to stm32f10x_rcc.o(i.RCC_APB2PeriphResetCmd) for RCC_APB2PeriphResetCmd
    stm32f10x_gpio.o(i.GPIO_DeInit) refers to stm32f10x_rcc.o(i.RCC_APB2PeriphResetCmd) for RCC_APB2PeriphResetCmd
    stm32f10x_i2c.o(i.I2C_DeInit) refers to stm32f10x_rcc.o(i.RCC_APB1PeriphResetCmd) for RCC_APB1PeriphResetCmd
    stm32f10x_i2c.o(i.I2C_Init) refers to stm32f10x_rcc.o(i.RCC_GetClocksFreq) for RCC_GetClocksFreq
    stm32f10x_pwr.o(i.PWR_DeInit) refers to stm32f10x_rcc.o(i.RCC_APB1PeriphResetCmd) for RCC_APB1PeriphResetCmd
    stm32f10x_rcc.o(i.RCC_GetClocksFreq) refers to stm32f10x_rcc.o(.data) for APBAHBPrescTable
[...]
    CNN\nnom_lib\src\layers\nnom_avgpool.c   0x00000000   Number         0  nnom_avgpool.o ABSOLUTE
    CNN\nnom_lib\src\layers\nnom_baselayer.c 0x00000000   Number         0  nnom_baselayer.o ABSOLUTE
    CNN\nnom_lib\src\layers\nnom_concat.c    0x00000000   Number         0  nnom_concat.o ABSOLUTE
    CNN\nnom_lib\src\layers\nnom_conv2d.c    0x00000000   Number         0  nnom_conv2d.o ABSOLUTE
    CNN\nnom_lib\src\layers\nnom_conv2d_trans.c 0x00000000   Number         0  nnom_conv2d_trans.o ABSOLUTE
    CNN\nnom_lib\src\layers\nnom_cropping.c  0x00000000   Number         0  nnom_cropping.o ABSOLUTE
    CNN\nnom_lib\src\layers\nnom_dense.c     0x00000000   Number         0  nnom_dense.o ABSOLUTE
    CNN\nnom_lib\src\layers\nnom_dw_conv2d.c 0x00000000   Number         0  nnom_dw_conv2d.o ABSOLUTE
    CNN\nnom_lib\src\layers\nnom_flatten.c   0x00000000   Number         0  nnom_flatten.o ABSOLUTE
    CNN\nnom_lib\src\layers\nnom_global_pool.c 0x00000000   Number         0  nnom_global_pool.o ABSOLUTE
    CNN\nnom_lib\src\layers\nnom_gru_cell.c  0x00000000   Number         0  nnom_gru_cell.o ABSOLUTE
    CNN\nnom_lib\src\layers\nnom_input.c     0x00000000   Number         0  nnom_input.o ABSOLUTE
    CNN\nnom_lib\src\layers\nnom_lambda.c    0x00000000   Number         0  nnom_lambda.o ABSOLUTE
    CNN\nnom_lib\src\layers\nnom_lstm_cell.c 0x00000000   Number         0  nnom_lstm_cell.o ABSOLUTE
    CNN\nnom_lib\src\layers\nnom_matrix.c    0x00000000   Number         0  nnom_matrix.o ABSOLUTE
    CNN\nnom_lib\src\layers\nnom_maxpool.c   0x00000000   Number         0  nnom_maxpool.o ABSOLUTE
    CNN\nnom_lib\src\layers\nnom_output.c    0x00000000   Number         0  nnom_output.o ABSOLUTE
    CNN\nnom_lib\src\layers\nnom_reshape.c   0x00000000   Number         0  nnom_reshape.o ABSOLUTE
    CNN\nnom_lib\src\layers\nnom_rnn.c       0x00000000   Number         0  nnom_rnn.o ABSOLUTE
    CNN\nnom_lib\src\layers\nnom_simple_cell.c 0x00000000   Number         0  nnom_simple_cell.o ABSOLUTE
    CNN\nnom_lib\src\layers\nnom_softmax.c   0x00000000   Number         0  nnom_softmax.o ABSOLUTE
    CNN\nnom_lib\src\layers\nnom_sumpool.c   0x00000000   Number         0  nnom_sumpool.o ABSOLUTE
    CNN\nnom_lib\src\layers\nnom_upsample.c  0x00000000   Number         0  nnom_upsample.o ABSOLUTE
    CNN\nnom_lib\src\layers\nnom_zero_padding.c 0x00000000   Number         0  nnom_zero_padding.o ABSOLUTE
    Hardware\Key.c                           0x00000000   Number         0  key.o ABSOLUTE
    Hardware\LED.c                           0x00000000   Number         0  led.o ABSOLUTE
    Hardware\MPU6050.c                       0x00000000   Number         0  mpu6050.o ABSOLUTE
    Hardware\OLED.c                          0x00000000   Number         0  oled.o ABSOLUTE
    Hardware\Serial.c                        0x00000000   Number         0  serial.o ABSOLUTE
    Library\misc.c                           0x00000000   Number         0  misc.o ABSOLUTE
    Library\stm32f10x_adc.c                  0x00000000   Number         0  stm32f10x_adc.o ABSOLUTE
    Library\stm32f10x_bkp.c                  0x00000000   Number         0  stm32f10x_bkp.o ABSOLUTE
    Library\stm32f10x_can.c                  0x00000000   Number         0  stm32f10x_can.o ABSOLUTE
    Library\stm32f10x_cec.c                  0x00000000   Number         0  stm32f10x_cec.o ABSOLUTE
    Library\stm32f10x_crc.c                  0x00000000   Number         0  stm32f10x_crc.o ABSOLUTE
    Library\stm32f10x_dac.c                  0x00000000   Number         0  stm32f10x_dac.o ABSOLUTE
    Library\stm32f10x_dbgmcu.c               0x00000000   Number         0  stm32f10x_dbgmcu.o ABSOLUTE
    Library\stm32f10x_dma.c                  0x00000000   Number         0  stm32f10x_dma.o ABSOLUTE
    Library\stm32f10x_exti.c                 0x00000000   Number         0  stm32f10x_exti.o ABSOLUTE
    Library\stm32f10x_flash.c                0x00000000   Number         0  stm32f10x_flash.o ABSOLUTE
    Library\stm32f10x_fsmc.c                 0x00000000   Number         0  stm32f10x_fsmc.o ABSOLUTE
    Library\stm32f10x_gpio.c                 0x00000000   Number         0  stm32f10x_gpio.o ABSOLUTE
    Library\stm32f10x_i2c.c                  0x00000000   Number         0  stm32f10x_i2c.o ABSOLUTE
    Library\stm32f10x_iwdg.c                 0x00000000   Number         0  stm32f10x_iwdg.o ABSOLUTE
    Library\stm32f10x_pwr.c                  0x00000000   Number         0  stm32f10x_pwr.o ABSOLUTE
    Library\stm32f10x_rcc.c                  0x00000000   Number         0  stm32f10x_rcc.o ABSOLUTE
    Library\stm32f10x_rtc.c                  0x00000000   Number         0  stm32f10x_rtc.o ABSOLUTE
    Library\stm32f10x_sdio.c                 0x00000000   Number         0  stm32f10x_sdio.o ABSOLUTE
    Library\stm32f10x_spi.c                  0x00000000   Number         0  stm32f10x_spi.o ABSOLUTE
    Library\stm32f10x_tim.c                  0x00000000   Number         0  stm32f10x_tim.o ABSOLUTE
    Library\stm32f10x_usart.c                0x00000000   Number         0  stm32f10x_usart.o ABSOLUTE
    Library\stm32f10x_wwdg.c                 0x00000000   Number         0  stm32f10x_wwdg.o ABSOLUTE
    Start\\core_cm3.c                        0x00000000   Number         0  core_cm3.o ABSOLUTE
    Start\core_cm3.c                         0x00000000   Number         0  core_cm3.o ABSOLUTE
    Start\startup_stm32f10x_md.s             0x00000000   Number         0  startup_stm32f10x_md.o ABSOLUTE
    Start\system_stm32f10x.c                 0x00000000   Number         0  system_stm32f10x.o ABSOLUTE
    System\Delay.c                           0x00000000   Number         0  delay.o ABSOLUTE
    User\main.c                              0x00000000   Number         0  main.o ABSOLUTE
    User\stm32f10x_it.c                      0x00000000   Number         0  stm32f10x_it.o ABSOLUTE
    cdcmple.s                                0x00000000   Number         0  cdcmple.o ABSOLUTE
    cdrcmple.s                               0x00000000   Number         0  cdrcmple.o ABSOLUTE
    cfcmple.s                                0x00000000   Number         0  cfcmple.o ABSOLUTE
    cfrcmple.s                               0x00000000   Number         0  cfrcmple.o ABSOLUTE
    dc.s                                     0x00000000   Number         0  dc.o ABSOLUTE
    handlers.s                               0x00000000   Number         0  handlers.o ABSOLUTE
    init.s                                   0x00000000   Number         0  init.o ABSOLUTE
    RESET                                    0x08000000   Section      236  startup_stm32f10x_md.o(RESET)
    .ARM.Collect$$$$00000000                 0x080000ec   Section        0  entry.o(.ARM.Collect$$$$00000000)
    .ARM.Collect$$$$00000001                 0x080000ec   Section        4  entry2.o(.ARM.Collect$$$$00000001)
    .ARM.Collect$$$$00000004                 0x080000f0   Section        4  entry5.o(.ARM.Collect$$$$00000004)
    .ARM.Collect$$$$00000008                 0x080000f4   Section        0  entry7b.o(.ARM.Collect$$$$00000008)
    .ARM.Collect$$$$0000000A                 0x080000f4   Section        0  entry8b.o(.ARM.Collect$$$$0000000A)
    .ARM.Collect$$$$0000000B                 0x080000f4   Section        8  entry9a.o(.ARM.Collect$$$$0000000B)
    .ARM.Collect$$$$0000000D                 0x080000fc   Section        0  entry10a.o(.ARM.Collect$$$$0000000D)
    .ARM.Collect$$$$0000000F                 0x080000fc   Section        0  entry11a.o(.ARM.Collect$$$$0000000F)
    .ARM.Collect$$$$00002712                 0x080000fc   Section        4  entry2.o(.ARM.Collect$$$$00002712)
    __lit__00000000                          0x080000fc   Data           4  entry2.o(.ARM.Collect$$$$00002712)
    .text                                    0x08000100   Section       36  startup_stm32f10x_md.o(.text)
    .text                                    0x08000124   Section        0  uldiv.o(.text)
    .text                                    0x08000186   Section        0  llsshr.o(.text)
    .text                                    0x080001aa   Section        0  memcpya.o(.text)
    .text                                    0x080001ce   Section        0  memseta.o(.text)
    .text                                    0x080001f2   Section        0  fmul.o(.text)
    .text                                    0x08000256   Section        0  dmul.o(.text)
    .text                                    0x0800033a   Section        0  dflti.o(.text)
    .text                                    0x0800035c   Section        0  ffixi.o(.text)
    .text                                    0x0800038e   Section        0  dfixi.o(.text)
    .text                                    0x080003cc   Section        0  uidiv.o(.text)
    .text                                    0x080003f8   Section        0  llshl.o(.text)
    .text                                    0x08000416   Section        0  llushr.o(.text)
    .text                                    0x08000436   Section        0  depilogue.o(.text)
    .text                                    0x08000436   Section        0  iusefp.o(.text)
    .text                                    0x080004f0   Section        0  dadd.o(.text)
    .text                                    0x0800063e   Section        0  ddiv.o(.text)
    .text                                    0x0800071c   Section        0  drnd.o(.text)
    .text                                    0x080007a4   Section        0  dfixul.o(.text)
    .text                                    0x080007d4   Section       48  cdcmple.o(.text)
    .text                                    0x08000804   Section       48  cdrcmple.o(.text)
    .text                                    0x08000834   Section       36  init.o(.text)
    i.BusFault_Handler                       0x08000858   Section        0  stm32f10x_it.o(i.BusFault_Handler)
    i.DebugMon_Handler                       0x0800085c   Section        0  stm32f10x_it.o(i.DebugMon_Handler)
    i.EXTI15_10_IRQHandler                   0x08000860   Section        0  main.o(i.EXTI15_10_IRQHandler)
    i.EXTI_ClearITPendingBit                 0x08000880   Section        0  stm32f10x_exti.o(i.EXTI_ClearITPendingBit)
    i.EXTI_GetITStatus                       0x0800088c   Section        0  stm32f10x_exti.o(i.EXTI_GetITStatus)
    i.EXTI_Init                              0x080008b4   Section        0  stm32f10x_exti.o(i.EXTI_Init)
    i.Flatten                                0x08000948   Section        0  nnom_flatten.o(i.Flatten)
    i.GPIO_EXTILineConfig                    0x0800099c   Section        0  stm32f10x_gpio.o(i.GPIO_EXTILineConfig)
    i.GPIO_Init                              0x080009dc   Section        0  stm32f10x_gpio.o(i.GPIO_Init)
    i.GPIO_WriteBit                          0x08000af2   Section        0  stm32f10x_gpio.o(i.GPIO_WriteBit)
    i.HardFault_Handler                      0x08000afc   Section        0  stm32f10x_it.o(i.HardFault_Handler)
    i.I2C_AcknowledgeConfig                  0x08000b00   Section        0  stm32f10x_i2c.o(i.I2C_AcknowledgeConfig)
    i.I2C_CheckEvent                         0x08000b18   Section        0  stm32f10x_i2c.o(i.I2C_CheckEvent)
    i.I2C_Cmd                                0x08000b42   Section        0  stm32f10x_i2c.o(i.I2C_Cmd)
    i.I2C_GenerateSTART                      0x08000b5a   Section        0  stm32f10x_i2c.o(i.I2C_GenerateSTART)
    i.I2C_GenerateSTOP                       0x08000b72   Section        0  stm32f10x_i2c.o(i.I2C_GenerateSTOP)
    i.I2C_Init                               0x08000b8c   Section        0  stm32f10x_i2c.o(i.I2C_Init)
    i.I2C_ReceiveData                        0x08000c78   Section        0  stm32f10x_i2c.o(i.I2C_ReceiveData)
    i.I2C_Send7bitAddress                    0x08000c80   Section        0  stm32f10x_i2c.o(i.I2C_Send7bitAddress)
    i.I2C_SendData                           0x08000c92   Section        0  stm32f10x_i2c.o(i.I2C_SendData)
    i.Key_Init                               0x08000c98   Section        0  key.o(i.Key_Init)
    i.MPU6050_GetData                        0x08000d14   Section        0  mpu6050.o(i.MPU6050_GetData)
    i.MPU6050_GetDataArray                   0x08000dc0   Section        0  mpu6050.o(i.MPU6050_GetDataArray)
    i.MPU6050_Init                           0x08000e1c   Section        0  mpu6050.o(i.MPU6050_Init)
    i.MPU6050_ReadReg                        0x08000ec0   Section        0  mpu6050.o(i.MPU6050_ReadReg)
    i.MPU6050_WaitEvent                      0x08000f58   Section        0  mpu6050.o(i.MPU6050_WaitEvent)
    i.MPU6050_WriteReg                       0x08000f7c   Section        0  mpu6050.o(i.MPU6050_WriteReg)
    i.MemManage_Handler                      0x08000fe0   Section        0  stm32f10x_it.o(i.MemManage_Handler)
    i.NMI_Handler                            0x08000fe4   Section        0  stm32f10x_it.o(i.NMI_Handler)
    i.NVIC_Init                              0x08000fe8   Section        0  misc.o(i.NVIC_Init)
    i.NVIC_PriorityGroupConfig               0x08001058   Section        0  misc.o(i.NVIC_PriorityGroupConfig)
    i.OLED_Clear                             0x0800106c   Section        0  oled.o(i.OLED_Clear)
    i.OLED_I2C_Init                          0x08001098   Section        0  oled.o(i.OLED_I2C_Init)
    i.OLED_I2C_SendByte                      0x080010e8   Section        0  oled.o(i.OLED_I2C_SendByte)
    i.OLED_I2C_Start                         0x08001144   Section        0  oled.o(i.OLED_I2C_Start)
    i.OLED_I2C_Stop                          0x08001178   Section        0  oled.o(i.OLED_I2C_Stop)
    i.OLED_Init                              0x080011a0   Section        0  oled.o(i.OLED_Init)
    i.OLED_Pow                               0x0800124e   Section        0  oled.o(i.OLED_Pow)
    i.OLED_SetCursor                         0x08001262   Section        0  oled.o(i.OLED_SetCursor)
    i.OLED_ShowChar                          0x08001284   Section        0  oled.o(i.OLED_ShowChar)
    i.OLED_ShowNum                           0x080012f8   Section        0  oled.o(i.OLED_ShowNum)
    i.OLED_ShowString                        0x0800133c   Section        0  oled.o(i.OLED_ShowString)
    i.OLED_WriteCommand                      0x08001364   Section        0  oled.o(i.OLED_WriteCommand)
    i.OLED_WriteData                         0x08001384   Section        0  oled.o(i.OLED_WriteData)
    i.PendSV_Handler                         0x080013a4   Section        0  stm32f10x_it.o(i.PendSV_Handler)
    i.RCC_APB1PeriphClockCmd                 0x080013a8   Section        0  stm32f10x_rcc.o(i.RCC_APB1PeriphClockCmd)
    i.RCC_APB2PeriphClockCmd                 0x080013c8   Section        0  stm32f10x_rcc.o(i.RCC_APB2PeriphClockCmd)
    i.RCC_GetClocksFreq                      0x080013e8   Section        0  stm32f10x_rcc.o(i.RCC_GetClocksFreq)
    i.SVC_Handler                            0x080014bc   Section        0  stm32f10x_it.o(i.SVC_Handler)
    i.Serial_Init                            0x080014c0   Section        0  serial.o(i.Serial_Init)
    i.Serial_SendByte                        0x0800152c   Section        0  serial.o(i.Serial_SendByte)
    i.SetSysClock                            0x0800154c   Section        0  system_stm32f10x.o(i.SetSysClock)
    SetSysClock                              0x0800154d   Thumb Code     8  system_stm32f10x.o(i.SetSysClock)
    i.SetSysClockTo72                        0x08001554   Section        0  system_stm32f10x.o(i.SetSysClockTo72)
    SetSysClockTo72                          0x08001555   Thumb Code   214  system_stm32f10x.o(i.SetSysClockTo72)
    i.Softmax                                0x08001634   Section        0  nnom_softmax.o(i.Softmax)
    i.SysTick_Handler                        0x08001684   Section        0  stm32f10x_it.o(i.SysTick_Handler)
    i.SystemInit                             0x08001688   Section        0  system_stm32f10x.o(i.SystemInit)
    i.USART_Cmd                              0x080016e8   Section        0  stm32f10x_usart.o(i.USART_Cmd)
    i.USART_GetFlagStatus                    0x08001700   Section        0  stm32f10x_usart.o(i.USART_GetFlagStatus)
    i.USART_Init                             0x0800171c   Section        0  stm32f10x_usart.o(i.USART_Init)
    i.USART_SendData                         0x080017f4   Section        0  stm32f10x_usart.o(i.USART_SendData)
    i.UsageFault_Handler                     0x080017fc   Section        0  stm32f10x_it.o(i.UsageFault_Handler)
    i.__0printf                              0x08001800   Section        0  printfa.o(i.__0printf)
    i.__NNOM_SSAT                            0x08001820   Section        0  nnom_local.o(i.__NNOM_SSAT)
    __NNOM_SSAT                              0x08001821   Thumb Code    40  nnom_local.o(i.__NNOM_SSAT)
    i.__NNOM_SSAT                            0x08001848   Section        0  nnom_local_q15.o(i.__NNOM_SSAT)
    __NNOM_SSAT                              0x08001849   Thumb Code    40  nnom_local_q15.o(i.__NNOM_SSAT)
    i.__NNOM_USAT                            0x08001870   Section        0  nnom_local.o(i.__NNOM_USAT)
    __NNOM_USAT                              0x08001871   Thumb Code    28  nnom_local.o(i.__NNOM_USAT)
    i.__scatterload_copy                     0x0800188c   Section       14  handlers.o(i.__scatterload_copy)
    i.__scatterload_null                     0x0800189a   Section        2  handlers.o(i.__scatterload_null)
    i.__scatterload_zeroinit                 0x0800189c   Section       14  handlers.o(i.__scatterload_zeroinit)
    i._fp_digits                             0x080018ac   Section        0  printfa.o(i._fp_digits)
    _fp_digits                               0x080018ad   Thumb Code   366  printfa.o(i._fp_digits)
    i._printf_core                           0x08001a30   Section        0  printfa.o(i._printf_core)
    _printf_core                             0x08001a31   Thumb Code  1744  printfa.o(i._printf_core)
    i._printf_post_padding                   0x0800210c   Section        0  printfa.o(i._printf_post_padding)
    _printf_post_padding                     0x0800210d   Thumb Code    36  printfa.o(i._printf_post_padding)
    i._printf_pre_padding                    0x08002130   Section        0  printfa.o(i._printf_pre_padding)
    _printf_pre_padding                      0x08002131   Thumb Code    46  printfa.o(i._printf_pre_padding)
    i.act_get_dec_bit                        0x0800215e   Section        0  nnom_activation.o(i.act_get_dec_bit)
    i.act_leaky_relu                         0x08002188   Section        0  nnom_activation.o(i.act_leaky_relu)
    i.allocate_block                         0x080021c0   Section        0  nnom.o(i.allocate_block)
    allocate_block                           0x080021c1   Thumb Code    58  nnom.o(i.allocate_block)
    i.allocate_hook                          0x08002200   Section        0  nnom.o(i.allocate_hook)
    allocate_hook                            0x08002201   Thumb Code    50  nnom.o(i.allocate_hook)
    i.allocate_io                            0x08002232   Section        0  nnom.o(i.allocate_io)
    allocate_io                              0x08002233   Thumb Code    54  nnom.o(i.allocate_io)
    i.block_mem_set                          0x08002268   Section        0  nnom.o(i.block_mem_set)
    i.check_model_version                    0x080022ac   Section        0  nnom.o(i.check_model_version)
    i.compile_layers                         0x0800235c   Section        0  nnom.o(i.compile_layers)
    i.conv2d_build                           0x080025e6   Section        0  nnom_conv2d.o(i.conv2d_build)
    i.conv2d_free                            0x080026f8   Section        0  nnom_conv2d.o(i.conv2d_free)
    i.conv2d_run                             0x08002714   Section        0  nnom_conv2d.o(i.conv2d_run)
    i.conv2d_s                               0x08002848   Section        0  nnom_conv2d.o(i.conv2d_s)
    i.conv_output_length                     0x080029a4   Section        0  nnom_conv2d.o(i.conv_output_length)
    i.default_build                          0x080029ce   Section        0  nnom_baselayer.o(i.default_build)
    i.delete_tensor                          0x08002a24   Section        0  nnom_tensor.o(i.delete_tensor)
    i.dense_build                            0x08002a34   Section        0  nnom_dense.o(i.dense_build)
    i.dense_free                             0x08002b24   Section        0  nnom_dense.o(i.dense_free)
    i.dense_run                              0x08002b40   Section        0  nnom_dense.o(i.dense_run)
    i.dense_s                                0x08002bb0   Section        0  nnom_dense.o(i.dense_s)
    i.dilation                               0x08002c34   Section        0  nnom_layers.o(i.dilation)
    i.find_last                              0x08002c4a   Section        0  nnom.o(i.find_last)
    find_last                                0x08002c4b   Thumb Code    28  nnom.o(i.find_last)
    i.flatten_build                          0x08002c66   Section        0  nnom_flatten.o(i.flatten_build)
    i.flatten_run                            0x08002cbe   Section        0  nnom_flatten.o(i.flatten_run)
    i.flatten_s                              0x08002cc4   Section        0  nnom_flatten.o(i.flatten_s)
    i.fputc                                  0x08002cd6   Section        0  serial.o(i.fputc)
    i.input_build                            0x08002ce6   Section        0  nnom_input.o(i.input_build)
    i.input_run                              0x08002d16   Section        0  nnom_input.o(i.input_run)
    i.input_s                                0x08002d38   Section        0  nnom_input.o(i.input_s)
    i.io_init                                0x08002e48   Section        0  nnom_layers.o(i.io_init)
    i.io_mem_size                            0x08002e50   Section        0  nnom.o(i.io_mem_size)
    io_mem_size                              0x08002e51   Thumb Code    28  nnom.o(i.io_mem_size)
    i.kernel                                 0x08002e6c   Section        0  nnom_layers.o(i.kernel)
    i.layer_run                              0x08002e84   Section        0  nnom.o(i.layer_run)
    i.layer_shortcut_add                     0x08002ecc   Section        0  nnom.o(i.layer_shortcut_add)
    layer_shortcut_add                       0x08002ecd   Thumb Code    40  nnom.o(i.layer_shortcut_add)
    i.leaky_relu_run                         0x08002ef4   Section        0  nnom_activation.o(i.leaky_relu_run)
    leaky_relu_run                           0x08002ef5   Thumb Code    64  nnom_activation.o(i.leaky_relu_run)
    i.local_convolve_HWC_q15_nonsquare       0x08002f34   Section        0  nnom_local_q15.o(i.local_convolve_HWC_q15_nonsquare)
    i.local_convolve_HWC_q7_nonsquare        0x08003146   Section        0  nnom_local.o(i.local_convolve_HWC_q7_nonsquare)
    i.local_fully_connected_q7_opt           0x0800333c   Section        0  nnom_local.o(i.local_fully_connected_q7_opt)
    i.local_leaky_relu_q15                   0x080035d8   Section        0  nnom_local_q15.o(i.local_leaky_relu_q15)
    i.local_leaky_relu_q7                    0x08003606   Section        0  nnom_local.o(i.local_leaky_relu_q7)
    i.local_softmax_q7                       0x0800362e   Section        0  nnom_local.o(i.local_softmax_q7)
    i.main                                   0x080036c4   Section        0  main.o(i.main)
    i.mem_analysis_result                    0x080037b4   Section        0  nnom.o(i.mem_analysis_result)
    i.model_active                           0x08003854   Section        0  nnom.o(i.model_active)
    model_active                             0x08003855   Thumb Code     8  nnom.o(i.model_active)
    i.model_add                              0x0800385c   Section        0  nnom.o(i.model_add)
    model_add                                0x0800385d   Thumb Code    58  nnom.o(i.model_add)
    i.model_compile                          0x0800389c   Section        0  nnom.o(i.model_compile)
    i.model_feed_data                        0x08003a94   Section        0  main.o(i.model_feed_data)
    i.model_hook                             0x08003b5c   Section        0  nnom.o(i.model_hook)
    model_hook                               0x08003b5d   Thumb Code    44  nnom.o(i.model_hook)
    i.model_merge                            0x08003b88   Section        0  nnom.o(i.model_merge)
    model_merge                              0x08003b89   Thumb Code    22  nnom.o(i.model_merge)
    i.model_mergex                           0x08003b9e   Section        0  nnom.o(i.model_mergex)
    model_mergex                             0x08003b9f   Thumb Code    54  nnom.o(i.model_mergex)
    i.model_run                              0x08003bd4   Section        0  nnom.o(i.model_run)
    i.model_run_to                           0x08003be4   Section        0  nnom.o(i.model_run_to)
    i.model_set_ops                          0x08003cf8   Section        0  nnom.o(i.model_set_ops)
    model_set_ops                            0x08003cf9   Thumb Code    42  nnom.o(i.model_set_ops)
    i.new_model                              0x08003d24   Section        0  nnom.o(i.new_model)
    i.new_tensor                             0x08003d78   Section        0  nnom_tensor.o(i.new_tensor)
    i.nnom_alignto                           0x08003e10   Section        0  nnom.o(i.nnom_alignto)
    i.nnom_free                              0x08003e2c   Section        0  nnom.o(i.nnom_free)
    i.nnom_hook_length                       0x08003e2e   Section        0  nnom.o(i.nnom_hook_length)
    i.nnom_malloc                            0x08003e48   Section        0  nnom.o(i.nnom_malloc)
    i.nnom_mem                               0x08003eac   Section        0  nnom.o(i.nnom_mem)
    i.nnom_model_create                      0x08003ee0   Section        0  main.o(i.nnom_model_create)
    nnom_model_create                        0x08003ee1   Thumb Code   202  main.o(i.nnom_model_create)
    i.nnom_set_static_buf                    0x08003fd0   Section        0  nnom.o(i.nnom_set_static_buf)
    i.output_run                             0x08003fec   Section        0  nnom_output.o(i.output_run)
    i.output_s                               0x08004010   Section        0  nnom_output.o(i.output_s)
    i.print_layer_info                       0x08004040   Section        0  nnom.o(i.print_layer_info)
    print_layer_info                         0x08004041   Thumb Code   328  nnom.o(i.print_layer_info)
    i.print_memory_block_info                0x08004234   Section        0  nnom.o(i.print_memory_block_info)
    print_memory_block_info                  0x08004235   Thumb Code    84  nnom.o(i.print_memory_block_info)
    i.release_block                          0x0800429c   Section        0  nnom.o(i.release_block)
    release_block                            0x0800429d   Thumb Code    22  nnom.o(i.release_block)
    i.release_comp_mem                       0x080042b2   Section        0  nnom.o(i.release_comp_mem)
    release_comp_mem                         0x080042b3   Thumb Code    18  nnom.o(i.release_comp_mem)
    i.release_input_mem                      0x080042c4   Section        0  nnom.o(i.release_input_mem)
    release_input_mem                        0x080042c5   Thumb Code    22  nnom.o(i.release_input_mem)
    i.round                                  0x080042dc   Section        0  round.o(i.round)
    i.set_tailed_activation                  0x08004370   Section        0  nnom.o(i.set_tailed_activation)
    i.shape                                  0x080043cc   Section        0  nnom_layers.o(i.shape)
    i.softmax_build                          0x080043ec   Section        0  nnom_softmax.o(i.softmax_build)
    i.softmax_run                            0x08004430   Section        0  nnom_softmax.o(i.softmax_run)
    i.softmax_s                              0x08004454   Section        0  nnom_softmax.o(i.softmax_s)
    i.stride                                 0x08004466   Section        0  nnom_layers.o(i.stride)
    i.tensor_cpy_attr                        0x0800447c   Section        0  nnom_tensor.o(i.tensor_cpy_attr)
    i.tensor_get_num_channel                 0x080044d4   Section        0  nnom_tensor.o(i.tensor_get_num_channel)
    i.tensor_mem_set                         0x080044e2   Section        0  nnom.o(i.tensor_mem_set)
    i.tensor_set_attr                        0x08004518   Section        0  nnom_tensor.o(i.tensor_set_attr)
    i.tensor_set_attr_v                      0x08004568   Section        0  nnom_tensor.o(i.tensor_set_attr_v)
    i.tensor_size                            0x0800459a   Section        0  nnom_tensor.o(i.tensor_size)
    .constdata                               0x080045bc   Section     1520  oled.o(.constdata)
    .constdata                               0x08004bac   Section     6940  main.o(.constdata)
    nnom_sigmoid_table_q7                    0x08004bac   Data         256  main.o(.constdata)
    nnom_tanh_table_q7                       0x08004cac   Data         256  main.o(.constdata)
    nnom_sigmoid_table_q15                   0x08004dac   Data         512  main.o(.constdata)
    nnom_tanh_table_q15                      0x08004fac   Data         512  main.o(.constdata)
    .constdata                               0x080066c8   Section     2028  nnom.o(.constdata)
    nnom_sigmoid_table_q7                    0x080066c8   Data         256  nnom.o(.constdata)
    nnom_tanh_table_q7                       0x080067c8   Data         256  nnom.o(.constdata)
    nnom_sigmoid_table_q15                   0x080068c8   Data         512  nnom.o(.constdata)
    nnom_tanh_table_q15                      0x08006ac8   Data         512  nnom.o(.constdata)
    .constdata                               0x08006eb4   Section     1540  nnom_dense.o(.constdata)
    nnom_sigmoid_table_q7                    0x08006eb4   Data         256  nnom_dense.o(.constdata)
    nnom_tanh_table_q7                       0x08006fb4   Data         256  nnom_dense.o(.constdata)
    nnom_sigmoid_table_q15                   0x080070b4   Data         512  nnom_dense.o(.constdata)
    nnom_tanh_table_q15                      0x080072b4   Data         512  nnom_dense.o(.constdata)
    .conststring                             0x080074b8   Section       60  main.o(.conststring)
    .conststring                             0x080074f4   Section      701  nnom.o(.conststring)
    .data                                    0x20000000   Section       20  stm32f10x_rcc.o(.data)
    APBAHBPrescTable                         0x20000000   Data          16  stm32f10x_rcc.o(.data)
    ADCPrescTable                            0x20000010   Data           4  stm32f10x_rcc.o(.data)
    .data                                    0x20000014   Section       12  main.o(.data)
    .data                                    0x20000020   Section       16  nnom.o(.data)
    nnom_static_buf                          0x20000024   Data           4  nnom.o(.data)
    nnom_static_buf_size                     0x20000028   Data           4  nnom.o(.data)
    nnom_static_buf_curr                     0x2000002c   Data           4  nnom.o(.data)
    .data                                    0x20000030   Section        4  stdout.o(.data)
    .bss                                     0x20000034   Section    10592  main.o(.bss)
    nnom_input_data                          0x20000034   Data         450  main.o(.bss)
    nnom_output_data                         0x200001f6   Data          13  main.o(.bss)
    model                                    0x2000290c   Data         136  main.o(.bss)
    STACK                                    0x20002998   Section     1024  startup_stm32f10x_md.o(STACK)

    Global Symbols

    Symbol Name                              Value     Ov Type        Size  Object(Section)

    BuildAttributes$$THM_ISAv4$P$D$K$B$S$PE$A:L22UL41UL21$X:L11$S22US41US21$IEEE1$IW$USESV6$~STKCKD$USESV7$~SHL$OTIME$ROPI$IEEEJ$EBA8$MICROLIB$REQ8$PRES8$EABIv2 0x00000000   Number         0  anon$$obj.o ABSOLUTE
    __ARM_use_no_argv                        0x00000000   Number         0  main.o ABSOLUTE
    _printf_a                                0x00000000   Number         0  stubs.o ABSOLUTE
    _printf_c                                0x00000000   Number         0  stubs.o ABSOLUTE
    _printf_charcount                        0x00000000   Number         0  stubs.o ABSOLUTE
    _printf_d                                0x00000000   Number         0  stubs.o ABSOLUTE
    _printf_e                                0x00000000   Number         0  stubs.o ABSOLUTE
    _printf_f                                0x00000000   Number         0  stubs.o ABSOLUTE
    _printf_flags                            0x00000000   Number         0  stubs.o ABSOLUTE
    _printf_fp_dec                           0x00000000   Number         0  stubs.o ABSOLUTE
    _printf_fp_hex                           0x00000000   Number         0  stubs.o ABSOLUTE
    _printf_g                                0x00000000   Number         0  stubs.o ABSOLUTE
    _printf_i                                0x00000000   Number         0  stubs.o ABSOLUTE
    _printf_int_dec                          0x00000000   Number         0  stubs.o ABSOLUTE
    _printf_l                                0x00000000   Number         0  stubs.o ABSOLUTE
    _printf_lc                               0x00000000   Number         0  stubs.o ABSOLUTE
    _printf_ll                               0x00000000   Number         0  stubs.o ABSOLUTE
    _printf_lld                              0x00000000   Number         0  stubs.o ABSOLUTE
    _printf_lli                              0x00000000   Number         0  stubs.o ABSOLUTE
    _printf_llo                              0x00000000   Number         0  stubs.o ABSOLUTE
    _printf_llu                              0x00000000   Number         0  stubs.o ABSOLUTE
    _printf_llx                              0x00000000   Number         0  stubs.o ABSOLUTE
    _printf_longlong_dec                     0x00000000   Number         0  stubs.o ABSOLUTE
    _printf_longlong_hex                     0x00000000   Number         0  stubs.o ABSOLUTE
    _printf_longlong_oct                     0x00000000   Number         0  stubs.o ABSOLUTE
    _printf_ls                               0x00000000   Number         0  stubs.o ABSOLUTE
    _printf_mbtowc                           0x00000000   Number         0  stubs.o ABSOLUTE
    _printf_n                                0x00000000   Number         0  stubs.o ABSOLUTE
    _printf_o                                0x00000000   Number         0  stubs.o ABSOLUTE
    _printf_p                                0x00000000   Number         0  stubs.o ABSOLUTE
    _printf_percent                          0x00000000   Number         0  stubs.o ABSOLUTE
    _printf_pre_padding                      0x00000000   Number         0  stubs.o ABSOLUTE
    _printf_return_value                     0x00000000   Number         0  stubs.o ABSOLUTE
    _printf_s                                0x00000000   Number         0  stubs.o ABSOLUTE
    _printf_sizespec                         0x00000000   Number         0  stubs.o ABSOLUTE
    _printf_str                              0x00000000   Number         0  stubs.o ABSOLUTE
    _printf_truncate_signed                  0x00000000   Number         0  stubs.o ABSOLUTE
    _printf_truncate_unsigned                0x00000000   Number         0  stubs.o ABSOLUTE
    _printf_u                                0x00000000   Number         0  stubs.o ABSOLUTE
    _printf_wc                               0x00000000   Number         0  stubs.o ABSOLUTE
    _printf_wctomb                           0x00000000   Number         0  stubs.o ABSOLUTE
    _printf_widthprec                        0x00000000   Number         0  stubs.o ABSOLUTE
    _printf_x                                0x00000000   Number         0  stubs.o ABSOLUTE
    __cpp_initialize__aeabi_                  - Undefined Weak Reference
    __cxa_finalize                            - Undefined Weak Reference
    __decompress                              - Undefined Weak Reference
    _clock_init                               - Undefined Weak Reference
    _microlib_exit                            - Undefined Weak Reference
    __Vectors_Size                           0x000000ec   Number         0  startup_stm32f10x_md.o ABSOLUTE
    __Vectors                                0x08000000   Data           4  startup_stm32f10x_md.o(RESET)
    __Vectors_End                            0x080000ec   Data           0  startup_stm32f10x_md.o(RESET)
    __main                                   0x080000ed   Thumb Code     0  entry.o(.ARM.Collect$$$$00000000)
    _main_stk                                0x080000ed   Thumb Code     0  entry2.o(.ARM.Collect$$$$00000001)
    _main_scatterload                        0x080000f1   Thumb Code     0  entry5.o(.ARM.Collect$$$$00000004)
    __main_after_scatterload                 0x080000f5   Thumb Code     0  entry5.o(.ARM.Collect$$$$00000004)
    _main_clock                              0x080000f5   Thumb Code     0  entry7b.o(.ARM.Collect$$$$00000008)
    _main_cpp_init                           0x080000f5   Thumb Code     0  entry8b.o(.ARM.Collect$$$$0000000A)
    _main_init                               0x080000f5   Thumb Code     0  entry9a.o(.ARM.Collect$$$$0000000B)
    __rt_final_cpp                           0x080000fd   Thumb Code     0  entry10a.o(.ARM.Collect$$$$0000000D)
    __rt_final_exit                          0x080000fd   Thumb Code     0  entry11a.o(.ARM.Collect$$$$0000000F)
    Reset_Handler                            0x08000101   Thumb Code     8  startup_stm32f10x_md.o(.text)
    ADC1_2_IRQHandler                        0x0800011b   Thumb Code     0  startup_stm32f10x_md.o(.text)
    CAN1_RX1_IRQHandler                      0x0800011b   Thumb Code     0  startup_stm32f10x_md.o(.text)
    CAN1_SCE_IRQHandler                      0x0800011b   Thumb Code     0  startup_stm32f10x_md.o(.text)
    DMA1_Channel1_IRQHandler                 0x0800011b   Thumb Code     0  startup_stm32f10x_md.o(.text)
    DMA1_Channel2_IRQHandler                 0x0800011b   Thumb Code     0  startup_stm32f10x_md.o(.text)
    DMA1_Channel3_IRQHandler                 0x0800011b   Thumb Code     0  startup_stm32f10x_md.o(.text)
    DMA1_Channel4_IRQHandler                 0x0800011b   Thumb Code     0  startup_stm32f10x_md.o(.text)
    DMA1_Channel5_IRQHandler                 0x0800011b   Thumb Code     0  startup_stm32f10x_md.o(.text)
    DMA1_Channel6_IRQHandler                 0x0800011b   Thumb Code     0  startup_stm32f10x_md.o(.text)
    DMA1_Channel7_IRQHandler                 0x0800011b   Thumb Code     0  startup_stm32f10x_md.o(.text)
    EXTI0_IRQHandler                         0x0800011b   Thumb Code     0  startup_stm32f10x_md.o(.text)
    EXTI1_IRQHandler                         0x0800011b   Thumb Code     0  startup_stm32f10x_md.o(.text)
    EXTI2_IRQHandler                         0x0800011b   Thumb Code     0  startup_stm32f10x_md.o(.text)
    EXTI3_IRQHandler                         0x0800011b   Thumb Code     0  startup_stm32f10x_md.o(.text)
    EXTI4_IRQHandler                         0x0800011b   Thumb Code     0  startup_stm32f10x_md.o(.text)
    EXTI9_5_IRQHandler                       0x0800011b   Thumb Code     0  startup_stm32f10x_md.o(.text)
    FLASH_IRQHandler                         0x0800011b   Thumb Code     0  startup_stm32f10x_md.o(.text)
    I2C1_ER_IRQHandler                       0x0800011b   Thumb Code     0  startup_stm32f10x_md.o(.text)
    I2C1_EV_IRQHandler                       0x0800011b   Thumb Code     0  startup_stm32f10x_md.o(.text)
    I2C2_ER_IRQHandler                       0x0800011b   Thumb Code     0  startup_stm32f10x_md.o(.text)
    I2C2_EV_IRQHandler                       0x0800011b   Thumb Code     0  startup_stm32f10x_md.o(.text)
    PVD_IRQHandler                           0x0800011b   Thumb Code     0  startup_stm32f10x_md.o(.text)
    RCC_IRQHandler                           0x0800011b   Thumb Code     0  startup_stm32f10x_md.o(.text)
    RTCAlarm_IRQHandler                      0x0800011b   Thumb Code     0  startup_stm32f10x_md.o(.text)
    RTC_IRQHandler                           0x0800011b   Thumb Code     0  startup_stm32f10x_md.o(.text)
    SPI1_IRQHandler                          0x0800011b   Thumb Code     0  startup_stm32f10x_md.o(.text)
    SPI2_IRQHandler                          0x0800011b   Thumb Code     0  startup_stm32f10x_md.o(.text)
    TAMPER_IRQHandler                        0x0800011b   Thumb Code     0  startup_stm32f10x_md.o(.text)
    TIM1_BRK_IRQHandler                      0x0800011b   Thumb Code     0  startup_stm32f10x_md.o(.text)
    TIM1_CC_IRQHandler                       0x0800011b   Thumb Code     0  startup_stm32f10x_md.o(.text)
    TIM1_TRG_COM_IRQHandler                  0x0800011b   Thumb Code     0  startup_stm32f10x_md.o(.text)
    TIM1_UP_IRQHandler                       0x0800011b   Thumb Code     0  startup_stm32f10x_md.o(.text)
    TIM2_IRQHandler                          0x0800011b   Thumb Code     0  startup_stm32f10x_md.o(.text)
    TIM3_IRQHandler                          0x0800011b   Thumb Code     0  startup_stm32f10x_md.o(.text)
    TIM4_IRQHandler                          0x0800011b   Thumb Code     0  startup_stm32f10x_md.o(.text)
    USART1_IRQHandler                        0x0800011b   Thumb Code     0  startup_stm32f10x_md.o(.text)
    USART2_IRQHandler                        0x0800011b   Thumb Code     0  startup_stm32f10x_md.o(.text)
    USART3_IRQHandler                        0x0800011b   Thumb Code     0  startup_stm32f10x_md.o(.text)
    USBWakeUp_IRQHandler                     0x0800011b   Thumb Code     0  startup_stm32f10x_md.o(.text)
    USB_HP_CAN1_TX_IRQHandler                0x0800011b   Thumb Code     0  startup_stm32f10x_md.o(.text)
    USB_LP_CAN1_RX0_IRQHandler               0x0800011b   Thumb Code     0  startup_stm32f10x_md.o(.text)
    WWDG_IRQHandler                          0x0800011b   Thumb Code     0  startup_stm32f10x_md.o(.text)
    __aeabi_uldivmod                         0x08000125   Thumb Code    98  uldiv.o(.text)
    __aeabi_lasr                             0x08000187   Thumb Code    36  llsshr.o(.text)
    _ll_sshift_r                             0x08000187   Thumb Code     0  llsshr.o(.text)
    __aeabi_memcpy                           0x080001ab   Thumb Code    36  memcpya.o(.text)
    __aeabi_memcpy4                          0x080001ab   Thumb Code     0  memcpya.o(.text)
    __aeabi_memcpy8                          0x080001ab   Thumb Code     0  memcpya.o(.text)
    __aeabi_memset                           0x080001cf   Thumb Code    14  memseta.o(.text)
    __aeabi_memset4                          0x080001cf   Thumb Code     0  memseta.o(.text)
    __aeabi_memset8                          0x080001cf   Thumb Code     0  memseta.o(.text)
    __aeabi_memclr                           0x080001dd   Thumb Code     4  memseta.o(.text)
    __aeabi_memclr4                          0x080001dd   Thumb Code     0  memseta.o(.text)
    __aeabi_memclr8                          0x080001dd   Thumb Code     0  memseta.o(.text)
    _memset$wrapper                          0x080001e1   Thumb Code    18  memseta.o(.text)
    __aeabi_fmul                             0x080001f3   Thumb Code   100  fmul.o(.text)
    __aeabi_dmul                             0x08000257   Thumb Code   228  dmul.o(.text)
    __aeabi_i2d                              0x0800033b   Thumb Code    34  dflti.o(.text)
    __aeabi_f2iz                             0x0800035d   Thumb Code    50  ffixi.o(.text)
    __aeabi_d2iz                             0x0800038f   Thumb Code    62  dfixi.o(.text)
    __aeabi_uidiv                            0x080003cd   Thumb Code     0  uidiv.o(.text)
    __aeabi_uidivmod                         0x080003cd   Thumb Code    44  uidiv.o(.text)
    __aeabi_llsl                             0x080003f9   Thumb Code    30  llshl.o(.text)
    _ll_shift_l                              0x080003f9   Thumb Code     0  llshl.o(.text)
    __aeabi_llsr                             0x08000417   Thumb Code    32  llushr.o(.text)
    _ll_ushift_r                             0x08000417   Thumb Code     0  llushr.o(.text)
    __I$use$fp                               0x08000437   Thumb Code     0  iusefp.o(.text)
    _double_round                            0x08000437   Thumb Code    30  depilogue.o(.text)
    _double_epilogue                         0x08000455   Thumb Code   156  depilogue.o(.text)
    __aeabi_dadd                             0x080004f1   Thumb Code   322  dadd.o(.text)
    __aeabi_dsub                             0x08000633   Thumb Code     6  dadd.o(.text)
    __aeabi_drsub                            0x08000639   Thumb Code     6  dadd.o(.text)
    __aeabi_ddiv                             0x0800063f   Thumb Code   222  ddiv.o(.text)
    _drnd                                    0x0800071d   Thumb Code   132  drnd.o(.text)
    __aeabi_d2ulz                            0x080007a5   Thumb Code    48  dfixul.o(.text)
    __aeabi_cdcmpeq                          0x080007d5   Thumb Code     0  cdcmple.o(.text)
    __aeabi_cdcmple                          0x080007d5   Thumb Code    48  cdcmple.o(.text)
    __aeabi_cdrcmple                         0x08000805   Thumb Code    48  cdrcmple.o(.text)
    __scatterload                            0x08000835   Thumb Code    28  init.o(.text)
    __scatterload_rt2                        0x08000835   Thumb Code     0  init.o(.text)
    BusFault_Handler                         0x08000859   Thumb Code     4  stm32f10x_it.o(i.BusFault_Handler)
    DebugMon_Handler                         0x0800085d   Thumb Code     2  stm32f10x_it.o(i.DebugMon_Handler)
    EXTI15_10_IRQHandler                     0x08000861   Thumb Code    26  main.o(i.EXTI15_10_IRQHandler)
    EXTI_ClearITPendingBit                   0x08000881   Thumb Code     6  stm32f10x_exti.o(i.EXTI_ClearITPendingBit)
    EXTI_GetITStatus                         0x0800088d   Thumb Code    34  stm32f10x_exti.o(i.EXTI_GetITStatus)
    EXTI_Init                                0x080008b5   Thumb Code   142  stm32f10x_exti.o(i.EXTI_Init)
    Flatten                                  0x08000949   Thumb Code    74  nnom_flatten.o(i.Flatten)
    GPIO_EXTILineConfig                      0x0800099d   Thumb Code    60  stm32f10x_gpio.o(i.GPIO_EXTILineConfig)
    GPIO_Init                                0x080009dd   Thumb Code   278  stm32f10x_gpio.o(i.GPIO_Init)
    GPIO_WriteBit                            0x08000af3   Thumb Code    10  stm32f10x_gpio.o(i.GPIO_WriteBit)
    HardFault_Handler                        0x08000afd   Thumb Code     4  stm32f10x_it.o(i.HardFault_Handler)
    I2C_AcknowledgeConfig                    0x08000b01   Thumb Code    24  stm32f10x_i2c.o(i.I2C_AcknowledgeConfig)
    I2C_CheckEvent                           0x08000b19   Thumb Code    42  stm32f10x_i2c.o(i.I2C_CheckEvent)
    I2C_Cmd                                  0x08000b43   Thumb Code    24  stm32f10x_i2c.o(i.I2C_Cmd)
    I2C_GenerateSTART                        0x08000b5b   Thumb Code    24  stm32f10x_i2c.o(i.I2C_GenerateSTART)
    I2C_GenerateSTOP                         0x08000b73   Thumb Code    24  stm32f10x_i2c.o(i.I2C_GenerateSTOP)
    I2C_Init                                 0x08000b8d   Thumb Code   222  stm32f10x_i2c.o(i.I2C_Init)
    I2C_ReceiveData                          0x08000c79   Thumb Code     8  stm32f10x_i2c.o(i.I2C_ReceiveData)
    I2C_Send7bitAddress                      0x08000c81   Thumb Code    18  stm32f10x_i2c.o(i.I2C_Send7bitAddress)
    I2C_SendData                             0x08000c93   Thumb Code     4  stm32f10x_i2c.o(i.I2C_SendData)
    Key_Init                                 0x08000c99   Thumb Code   120  key.o(i.Key_Init)
    MPU6050_GetData                          0x08000d15   Thumb Code   172  mpu6050.o(i.MPU6050_GetData)
    MPU6050_GetDataArray                     0x08000dc1   Thumb Code    90  mpu6050.o(i.MPU6050_GetDataArray)
    MPU6050_Init                             0x08000e1d   Thumb Code   156  mpu6050.o(i.MPU6050_Init)
    MPU6050_ReadReg                          0x08000ec1   Thumb Code   138  mpu6050.o(i.MPU6050_ReadReg)
    MPU6050_WaitEvent                        0x08000f59   Thumb Code    34  mpu6050.o(i.MPU6050_WaitEvent)
    MPU6050_WriteReg                         0x08000f7d   Thumb Code    86  mpu6050.o(i.MPU6050_WriteReg)
    MemManage_Handler                        0x08000fe1   Thumb Code     4  stm32f10x_it.o(i.MemManage_Handler)
    NMI_Handler                              0x08000fe5   Thumb Code     2  stm32f10x_it.o(i.NMI_Handler)
    NVIC_Init                                0x08000fe9   Thumb Code   100  misc.o(i.NVIC_Init)
    NVIC_PriorityGroupConfig                 0x08001059   Thumb Code    10  misc.o(i.NVIC_PriorityGroupConfig)
    OLED_Clear                               0x0800106d   Thumb Code    42  oled.o(i.OLED_Clear)
    OLED_I2C_Init                            0x08001099   Thumb Code    76  oled.o(i.OLED_I2C_Init)
    OLED_I2C_SendByte                        0x080010e9   Thumb Code    88  oled.o(i.OLED_I2C_SendByte)
    OLED_I2C_Start                           0x08001145   Thumb Code    48  oled.o(i.OLED_I2C_Start)
    OLED_I2C_Stop                            0x08001179   Thumb Code    36  oled.o(i.OLED_I2C_Stop)
    OLED_Init                                0x080011a1   Thumb Code   174  oled.o(i.OLED_Init)
    OLED_Pow                                 0x0800124f   Thumb Code    20  oled.o(i.OLED_Pow)
    OLED_SetCursor                           0x08001263   Thumb Code    34  oled.o(i.OLED_SetCursor)
    OLED_ShowChar                            0x08001285   Thumb Code   110  oled.o(i.OLED_ShowChar)
    OLED_ShowNum                             0x080012f9   Thumb Code    68  oled.o(i.OLED_ShowNum)
    OLED_ShowString                          0x0800133d   Thumb Code    40  oled.o(i.OLED_ShowString)
    OLED_WriteCommand                        0x08001365   Thumb Code    32  oled.o(i.OLED_WriteCommand)
    OLED_WriteData                           0x08001385   Thumb Code    32  oled.o(i.OLED_WriteData)
    PendSV_Handler                           0x080013a5   Thumb Code     2  stm32f10x_it.o(i.PendSV_Handler)
    RCC_APB1PeriphClockCmd                   0x080013a9   Thumb Code    26  stm32f10x_rcc.o(i.RCC_APB1PeriphClockCmd)
    RCC_APB2PeriphClockCmd                   0x080013c9   Thumb Code    26  stm32f10x_rcc.o(i.RCC_APB2PeriphClockCmd)
    RCC_GetClocksFreq                        0x080013e9   Thumb Code   192  stm32f10x_rcc.o(i.RCC_GetClocksFreq)
    SVC_Handler                              0x080014bd   Thumb Code     2  stm32f10x_it.o(i.SVC_Handler)
    Serial_Init                              0x080014c1   Thumb Code   100  serial.o(i.Serial_Init)
    Serial_SendByte                          0x0800152d   Thumb Code    28  serial.o(i.Serial_SendByte)
    Softmax                                  0x08001635   Thumb Code    72  nnom_softmax.o(i.Softmax)
    SysTick_Handler                          0x08001685   Thumb Code     2  stm32f10x_it.o(i.SysTick_Handler)
    SystemInit                               0x08001689   Thumb Code    78  system_stm32f10x.o(i.SystemInit)
    USART_Cmd                                0x080016e9   Thumb Code    24  stm32f10x_usart.o(i.USART_Cmd)
    USART_GetFlagStatus                      0x08001701   Thumb Code    26  stm32f10x_usart.o(i.USART_GetFlagStatus)
    USART_Init                               0x0800171d   Thumb Code   210  stm32f10x_usart.o(i.USART_Init)
    USART_SendData                           0x080017f5   Thumb Code     8  stm32f10x_usart.o(i.USART_SendData)
    UsageFault_Handler                       0x080017fd   Thumb Code     4  stm32f10x_it.o(i.UsageFault_Handler)
    __0printf                                0x08001801   Thumb Code    22  printfa.o(i.__0printf)
    __1printf                                0x08001801   Thumb Code     0  printfa.o(i.__0printf)
    __2printf                                0x08001801   Thumb Code     0  printfa.o(i.__0printf)
    __c89printf                              0x08001801   Thumb Code     0  printfa.o(i.__0printf)
    printf                                   0x08001801   Thumb Code     0  printfa.o(i.__0printf)
    __scatterload_copy                       0x0800188d   Thumb Code    14  handlers.o(i.__scatterload_copy)
    __scatterload_null                       0x0800189b   Thumb Code     2  handlers.o(i.__scatterload_null)
    __scatterload_zeroinit                   0x0800189d   Thumb Code    14  handlers.o(i.__scatterload_zeroinit)
    act_get_dec_bit                          0x0800215f   Thumb Code    42  nnom_activation.o(i.act_get_dec_bit)
    act_leaky_relu                           0x08002189   Thumb Code    50  nnom_activation.o(i.act_leaky_relu)
    block_mem_set                            0x08002269   Thumb Code    68  nnom.o(i.block_mem_set)
    check_model_version                      0x080022ad   Thumb Code    84  nnom.o(i.check_model_version)
    compile_layers                           0x0800235d   Thumb Code   650  nnom.o(i.compile_layers)
    conv2d_build                             0x080025e7   Thumb Code   274  nnom_conv2d.o(i.conv2d_build)
    conv2d_free                              0x080026f9   Thumb Code    28  nnom_conv2d.o(i.conv2d_free)
    conv2d_run                               0x08002715   Thumb Code   306  nnom_conv2d.o(i.conv2d_run)
    conv2d_s                                 0x08002849   Thumb Code   336  nnom_conv2d.o(i.conv2d_s)
    conv_output_length                       0x080029a5   Thumb Code    42  nnom_conv2d.o(i.conv_output_length)
    default_build                            0x080029cf   Thumb Code    86  nnom_baselayer.o(i.default_build)
    delete_tensor                            0x08002a25   Thumb Code    14  nnom_tensor.o(i.delete_tensor)
    dense_build                              0x08002a35   Thumb Code   234  nnom_dense.o(i.dense_build)
    dense_free                               0x08002b25   Thumb Code    28  nnom_dense.o(i.dense_free)
    dense_run                                0x08002b41   Thumb Code   110  nnom_dense.o(i.dense_run)
    dense_s                                  0x08002bb1   Thumb Code   118  nnom_dense.o(i.dense_s)
    dilation                                 0x08002c35   Thumb Code    22  nnom_layers.o(i.dilation)
    flatten_build                            0x08002c67   Thumb Code    88  nnom_flatten.o(i.flatten_build)
    flatten_run                              0x08002cbf   Thumb Code     6  nnom_flatten.o(i.flatten_run)
    flatten_s                                0x08002cc5   Thumb Code    18  nnom_flatten.o(i.flatten_s)
    fputc                                    0x08002cd7   Thumb Code    16  serial.o(i.fputc)
    input_build                              0x08002ce7   Thumb Code    48  nnom_input.o(i.input_build)
    input_run                                0x08002d17   Thumb Code    34  nnom_input.o(i.input_run)
    input_s                                  0x08002d39   Thumb Code   262  nnom_input.o(i.input_s)
    io_init                                  0x08002e49   Thumb Code     8  nnom_layers.o(i.io_init)
    kernel                                   0x08002e6d   Thumb Code    22  nnom_layers.o(i.kernel)
    layer_run                                0x08002e85   Thumb Code    46  nnom.o(i.layer_run)
    local_convolve_HWC_q15_nonsquare         0x08002f35   Thumb Code   530  nnom_local_q15.o(i.local_convolve_HWC_q15_nonsquare)
    local_convolve_HWC_q7_nonsquare          0x08003147   Thumb Code   502  nnom_local.o(i.local_convolve_HWC_q7_nonsquare)
    local_fully_connected_q7_opt             0x0800333d   Thumb Code   668  nnom_local.o(i.local_fully_connected_q7_opt)
    local_leaky_relu_q15                     0x080035d9   Thumb Code    46  nnom_local_q15.o(i.local_leaky_relu_q15)
    local_leaky_relu_q7                      0x08003607   Thumb Code    40  nnom_local.o(i.local_leaky_relu_q7)
    local_softmax_q7                         0x0800362f   Thumb Code   150  nnom_local.o(i.local_softmax_q7)
    main                                     0x080036c5   Thumb Code   184  main.o(i.main)
    mem_analysis_result                      0x080037b5   Thumb Code    72  nnom.o(i.mem_analysis_result)
    model_compile                            0x0800389d   Thumb Code   230  nnom.o(i.model_compile)
    model_feed_data                          0x08003a95   Thumb Code   186  main.o(i.model_feed_data)
    model_run                                0x08003bd5   Thumb Code    14  nnom.o(i.model_run)
    model_run_to                             0x08003be5   Thumb Code   146  nnom.o(i.model_run_to)
    new_model                                0x08003d25   Thumb Code    62  nnom.o(i.new_model)
    new_tensor                               0x08003d79   Thumb Code   114  nnom_tensor.o(i.new_tensor)
    nnom_alignto                             0x08003e11   Thumb Code    28  nnom.o(i.nnom_alignto)
    nnom_free                                0x08003e2d   Thumb Code     2  nnom.o(i.nnom_free)
    nnom_hook_length                         0x08003e2f   Thumb Code    24  nnom.o(i.nnom_hook_length)
    nnom_malloc                              0x08003e49   Thumb Code    78  nnom.o(i.nnom_malloc)
    nnom_mem                                 0x08003ead   Thumb Code    46  nnom.o(i.nnom_mem)
    nnom_set_static_buf                      0x08003fd1   Thumb Code    16  nnom.o(i.nnom_set_static_buf)
    output_run                               0x08003fed   Thumb Code    34  nnom_output.o(i.output_run)
    output_s                                 0x08004011   Thumb Code    40  nnom_output.o(i.output_s)
    round                                    0x080042dd   Thumb Code   136  round.o(i.round)
    set_tailed_activation                    0x08004371   Thumb Code    68  nnom.o(i.set_tailed_activation)
    shape                                    0x080043cd   Thumb Code    32  nnom_layers.o(i.shape)
    softmax_build                            0x080043ed   Thumb Code    68  nnom_softmax.o(i.softmax_build)
    softmax_run                              0x08004431   Thumb Code    36  nnom_softmax.o(i.softmax_run)
    softmax_s                                0x08004455   Thumb Code    18  nnom_softmax.o(i.softmax_s)
    stride                                   0x08004467   Thumb Code    22  nnom_layers.o(i.stride)
    tensor_cpy_attr                          0x0800447d   Thumb Code    88  nnom_tensor.o(i.tensor_cpy_attr)
    tensor_get_num_channel                   0x080044d5   Thumb Code    14  nnom_tensor.o(i.tensor_get_num_channel)
    tensor_mem_set                           0x080044e3   Thumb Code    54  nnom.o(i.tensor_mem_set)
    tensor_set_attr                          0x08004519   Thumb Code    80  nnom_tensor.o(i.tensor_set_attr)
    tensor_set_attr_v                        0x08004569   Thumb Code    50  nnom_tensor.o(i.tensor_set_attr_v)
    tensor_size                              0x0800459b   Thumb Code    34  nnom_tensor.o(i.tensor_size)
    OLED_F8x16                               0x080045bc   Data        1520  oled.o(.constdata)
    tensor_input_1_dim                       0x080051ac   Data           4  main.o(.constdata)
    tensor_input_1_dec                       0x080051b0   Data           4  main.o(.constdata)
    tensor_input_1_offset                    0x080051b4   Data           4  main.o(.constdata)
    tensor_input_1                           0x080051b8   Data          20  main.o(.constdata)
    input_1_config                           0x080051cc   Data           8  main.o(.constdata)
    tensor_conv1d_kernel_0_data              0x080051d4   Data         270  main.o(.constdata)
    tensor_conv1d_kernel_0_dim               0x080052e2   Data           6  main.o(.constdata)
    tensor_conv1d_kernel_0_dec               0x080052e8   Data           4  main.o(.constdata)
    tensor_conv1d_kernel_0_offset            0x080052ec   Data           4  main.o(.constdata)
    tensor_conv1d_kernel_0                   0x080052f0   Data          20  main.o(.constdata)
    tensor_conv1d_bias_0_data                0x08005304   Data          30  main.o(.constdata)
    tensor_conv1d_bias_0_dim                 0x08005322   Data           2  main.o(.constdata)
    tensor_conv1d_bias_0_dec                 0x08005324   Data           4  main.o(.constdata)
    tensor_conv1d_bias_0_offset              0x08005328   Data           4  main.o(.constdata)
    tensor_conv1d_bias_0                     0x0800532c   Data          20  main.o(.constdata)
    conv1d_output_shift                      0x08005340   Data           4  main.o(.constdata)
    conv1d_bias_shift                        0x08005344   Data           4  main.o(.constdata)
    conv1d_config                            0x08005348   Data          40  main.o(.constdata)
    tensor_conv1d_1_kernel_0_data            0x08005370   Data        1350  main.o(.constdata)
    tensor_conv1d_1_kernel_0_dim             0x080058b6   Data           6  main.o(.constdata)
    tensor_conv1d_1_kernel_0_dec             0x080058bc   Data           4  main.o(.constdata)
    tensor_conv1d_1_kernel_0_offset          0x080058c0   Data           4  main.o(.constdata)
    tensor_conv1d_1_kernel_0                 0x080058c4   Data          20  main.o(.constdata)
    tensor_conv1d_1_bias_0_data              0x080058d8   Data          15  main.o(.constdata)
    tensor_conv1d_1_bias_0_dim               0x080058e8   Data           2  main.o(.constdata)
    tensor_conv1d_1_bias_0_dec               0x080058ec   Data           4  main.o(.constdata)
    tensor_conv1d_1_bias_0_offset            0x080058f0   Data           4  main.o(.constdata)
    tensor_conv1d_1_bias_0                   0x080058f4   Data          20  main.o(.constdata)
    conv1d_1_output_shift                    0x08005908   Data           4  main.o(.constdata)
    conv1d_1_bias_shift                      0x0800590c   Data           4  main.o(.constdata)
    conv1d_1_config                          0x08005910   Data          40  main.o(.constdata)
    flatten_config                           0x08005938   Data           4  main.o(.constdata)
    tensor_dense_kernel_0_data               0x0800593c   Data        3315  main.o(.constdata)
    tensor_dense_kernel_0_dim                0x08006630   Data           4  main.o(.constdata)
    tensor_dense_kernel_0_dec                0x08006634   Data           4  main.o(.constdata)
    tensor_dense_kernel_0_offset             0x08006638   Data           4  main.o(.constdata)
    tensor_dense_kernel_0                    0x0800663c   Data          20  main.o(.constdata)
    tensor_dense_bias_0_data                 0x08006650   Data          13  main.o(.constdata)
    tensor_dense_bias_0_dim                  0x0800665e   Data           2  main.o(.constdata)
    tensor_dense_bias_0_dec                  0x08006660   Data           4  main.o(.constdata)
    tensor_dense_bias_0_offset               0x08006664   Data           4  main.o(.constdata)
    tensor_dense_bias_0                      0x08006668   Data          20  main.o(.constdata)
    dense_output_shift                       0x0800667c   Data           4  main.o(.constdata)
    dense_bias_shift                         0x08006680   Data           4  main.o(.constdata)
    dense_config                             0x08006684   Data          24  main.o(.constdata)
    softmax_config                           0x0800669c   Data           4  main.o(.constdata)
    tensor_output0_dim                       0x080066a0   Data           2  main.o(.constdata)
    tensor_output0_dec                       0x080066a4   Data           4  main.o(.constdata)
    tensor_output0_offset                    0x080066a8   Data           4  main.o(.constdata)
    tensor_output0                           0x080066ac   Data          20  main.o(.constdata)
    output0_config                           0x080066c0   Data           8  main.o(.constdata)
    default_layer_names                      0x08006cc8   Data         396  nnom.o(.constdata)
    default_activation_names                 0x08006e54   Data          64  nnom.o(.constdata)
    default_cell_names                       0x08006e94   Data          32  nnom.o(.constdata)
    Region$$Table$$Base                      0x080077b4   Number         0  anon$$obj.o(Region$$Table)
    Region$$Table$$Limit                     0x080077d4   Number         0  anon$$obj.o(Region$$Table)
    mpustatus                                0x20000014   Data           4  main.o(.data)
    AY_m                                     0x20000018   Data           2  main.o(.data)
    model                                    0x2000001c   Data           4  main.o(.data)
    nnom_memory_taken                        0x20000020   Data           4  nnom.o(.data)
    __stdout                                 0x20000030   Data           4  stdout.o(.data)
    static_buf                               0x20000203   Data        8192  main.o(.bss)
    mpu                                      0x20002204   Data        1800  main.o(.bss)
    __initial_sp                             0x20002d98   Data           0  startup_stm32f10x_md.o(STACK)



==============================================================================

Memory Map of the image

  Image Entry point : 0x080000ed

  Load Region LR_IROM1 (Base: 0x08000000, Size: 0x00007808, Max: 0x00010000, ABSOLUTE)

    Execution Region ER_IROM1 (Exec base: 0x08000000, Load base: 0x08000000, Size: 0x000077d4, Max: 0x00010000, ABSOLUTE)

    Exec Addr    Load Addr    Size         Type   Attr      Idx    E Section Name        Object

    0x08000000   0x08000000   0x000000ec   Data   RO            3    RESET               startup_stm32f10x_md.o
    0x080000ec   0x080000ec   0x00000000   Code   RO         5925  * .ARM.Collect$$$$00000000  mc_w.l(entry.o)
    0x080000ec   0x080000ec   0x00000004   Code   RO         6221    .ARM.Collect$$$$00000001  mc_w.l(entry2.o)
    0x080000f0   0x080000f0   0x00000004   Code   RO         6224    .ARM.Collect$$$$00000004  mc_w.l(entry5.o)
    0x080000f4   0x080000f4   0x00000000   Code   RO         6226    .ARM.Collect$$$$00000008  mc_w.l(entry7b.o)
    0x080000f4   0x080000f4   0x00000000   Code   RO         6228    .ARM.Collect$$$$0000000A  mc_w.l(entry8b.o)
    0x080000f4   0x080000f4   0x00000008   Code   RO         6229    .ARM.Collect$$$$0000000B  mc_w.l(entry9a.o)
    0x080000fc   0x080000fc   0x00000000   Code   RO         6231    .ARM.Collect$$$$0000000D  mc_w.l(entry10a.o)
    0x080000fc   0x080000fc   0x00000000   Code   RO         6233    .ARM.Collect$$$$0000000F  mc_w.l(entry11a.o)
    0x080000fc   0x080000fc   0x00000004   Code   RO         6222    .ARM.Collect$$$$00002712  mc_w.l(entry2.o)
    0x08000100   0x08000100   0x00000024   Code   RO            4    .text               startup_stm32f10x_md.o
    0x08000124   0x08000124   0x00000062   Code   RO         5928    .text               mc_w.l(uldiv.o)
    0x08000186   0x08000186   0x00000024   Code   RO         5932    .text               mc_w.l(llsshr.o)
    0x080001aa   0x080001aa   0x00000024   Code   RO         5934    .text               mc_w.l(memcpya.o)
    0x080001ce   0x080001ce   0x00000024   Code   RO         5936    .text               mc_w.l(memseta.o)
    0x080001f2   0x080001f2   0x00000064   Code   RO         6203    .text               mf_w.l(fmul.o)
    0x08000256   0x08000256   0x000000e4   Code   RO         6207    .text               mf_w.l(dmul.o)
    0x0800033a   0x0800033a   0x00000022   Code   RO         6211    .text               mf_w.l(dflti.o)
    0x0800035c   0x0800035c   0x00000032   Code   RO         6213    .text               mf_w.l(ffixi.o)
    0x0800038e   0x0800038e   0x0000003e   Code   RO         6215    .text               mf_w.l(dfixi.o)
    0x080003cc   0x080003cc   0x0000002c   Code   RO         6236    .text               mc_w.l(uidiv.o)
    0x080003f8   0x080003f8   0x0000001e   Code   RO         6238    .text               mc_w.l(llshl.o)
    0x08000416   0x08000416   0x00000020   Code   RO         6240    .text               mc_w.l(llushr.o)
    0x08000436   0x08000436   0x00000000   Code   RO         6242    .text               mc_w.l(iusefp.o)
    0x08000436   0x08000436   0x000000ba   Code   RO         6245    .text               mf_w.l(depilogue.o)
    0x080004f0   0x080004f0   0x0000014e   Code   RO         6247    .text               mf_w.l(dadd.o)
    0x0800063e   0x0800063e   0x000000de   Code   RO         6249    .text               mf_w.l(ddiv.o)
    0x0800071c   0x0800071c   0x00000088   Code   RO         6251    .text               mf_w.l(drnd.o)
    0x080007a4   0x080007a4   0x00000030   Code   RO         6253    .text               mf_w.l(dfixul.o)
    0x080007d4   0x080007d4   0x00000030   Code   RO         6255    .text               mf_w.l(cdcmple.o)
    0x08000804   0x08000804   0x00000030   Code   RO         6257    .text               mf_w.l(cdrcmple.o)
    0x08000834   0x08000834   0x00000024   Code   RO         6259    .text               mc_w.l(init.o)
    0x08000858   0x08000858   0x00000004   Code   RO         3667    i.BusFault_Handler  stm32f10x_it.o
    0x0800085c   0x0800085c   0x00000002   Code   RO         3668    i.DebugMon_Handler  stm32f10x_it.o
    0x0800085e   0x0800085e   0x00000002   PAD
    0x08000860   0x08000860   0x00000020   Code   RO         3506    i.EXTI15_10_IRQHandler  main.o
    0x08000880   0x08000880   0x0000000c   Code   RO          985    i.EXTI_ClearITPendingBit  stm32f10x_exti.o
    0x0800088c   0x0800088c   0x00000028   Code   RO          989    i.EXTI_GetITStatus  stm32f10x_exti.o
    0x080008b4   0x080008b4   0x00000094   Code   RO          990    i.EXTI_Init         stm32f10x_exti.o
    0x08000948   0x08000948   0x00000054   Code   RO         5375    i.Flatten           nnom_flatten.o
    0x0800099c   0x0800099c   0x00000040   Code   RO         1344    i.GPIO_EXTILineConfig  stm32f10x_gpio.o
    0x080009dc   0x080009dc   0x00000116   Code   RO         1347    i.GPIO_Init         stm32f10x_gpio.o
    0x08000af2   0x08000af2   0x0000000a   Code   RO         1358    i.GPIO_WriteBit     stm32f10x_gpio.o
    0x08000afc   0x08000afc   0x00000004   Code   RO         3669    i.HardFault_Handler  stm32f10x_it.o
    0x08000b00   0x08000b00   0x00000018   Code   RO         1459    i.I2C_AcknowledgeConfig  stm32f10x_i2c.o
    0x08000b18   0x08000b18   0x0000002a   Code   RO         1461    i.I2C_CheckEvent    stm32f10x_i2c.o
    0x08000b42   0x08000b42   0x00000018   Code   RO         1464    i.I2C_Cmd           stm32f10x_i2c.o
    0x08000b5a   0x08000b5a   0x00000018   Code   RO         1471    i.I2C_GenerateSTART  stm32f10x_i2c.o
    0x08000b72   0x08000b72   0x00000018   Code   RO         1472    i.I2C_GenerateSTOP  stm32f10x_i2c.o
    0x08000b8a   0x08000b8a   0x00000002   PAD
    0x08000b8c   0x08000b8c   0x000000ec   Code   RO         1478    i.I2C_Init          stm32f10x_i2c.o
    0x08000c78   0x08000c78   0x00000008   Code   RO         1483    i.I2C_ReceiveData   stm32f10x_i2c.o
    0x08000c80   0x08000c80   0x00000012   Code   RO         1485    i.I2C_Send7bitAddress  stm32f10x_i2c.o
    0x08000c92   0x08000c92   0x00000004   Code   RO         1486    i.I2C_SendData      stm32f10x_i2c.o
    0x08000c96   0x08000c96   0x00000002   PAD
    0x08000c98   0x08000c98   0x0000007c   Code   RO         3268    i.Key_Init          key.o
    0x08000d14   0x08000d14   0x000000ac   Code   RO         3452    i.MPU6050_GetData   mpu6050.o
    0x08000dc0   0x08000dc0   0x0000005a   Code   RO         3453    i.MPU6050_GetDataArray  mpu6050.o
    0x08000e1a   0x08000e1a   0x00000002   PAD
    0x08000e1c   0x08000e1c   0x000000a4   Code   RO         3455    i.MPU6050_Init      mpu6050.o
    0x08000ec0   0x08000ec0   0x00000098   Code   RO         3456    i.MPU6050_ReadReg   mpu6050.o
    0x08000f58   0x08000f58   0x00000022   Code   RO         3457    i.MPU6050_WaitEvent  mpu6050.o
    0x08000f7a   0x08000f7a   0x00000002   PAD
    0x08000f7c   0x08000f7c   0x00000064   Code   RO         3458    i.MPU6050_WriteReg  mpu6050.o
    0x08000fe0   0x08000fe0   0x00000004   Code   RO         3670    i.MemManage_Handler  stm32f10x_it.o
    0x08000fe4   0x08000fe4   0x00000002   Code   RO         3671    i.NMI_Handler       stm32f10x_it.o
    0x08000fe6   0x08000fe6   0x00000002   PAD
    0x08000fe8   0x08000fe8   0x00000070   Code   RO          137    i.NVIC_Init         misc.o
    0x08001058   0x08001058   0x00000014   Code   RO          138    i.NVIC_PriorityGroupConfig  misc.o
    0x0800106c   0x0800106c   0x0000002a   Code   RO         3283    i.OLED_Clear        oled.o
    0x08001096   0x08001096   0x00000002   PAD
    0x08001098   0x08001098   0x00000050   Code   RO         3284    i.OLED_I2C_Init     oled.o
    0x080010e8   0x080010e8   0x0000005c   Code   RO         3285    i.OLED_I2C_SendByte  oled.o
    0x08001144   0x08001144   0x00000034   Code   RO         3286    i.OLED_I2C_Start    oled.o
    0x08001178   0x08001178   0x00000028   Code   RO         3287    i.OLED_I2C_Stop     oled.o
    0x080011a0   0x080011a0   0x000000ae   Code   RO         3288    i.OLED_Init         oled.o
    0x0800124e   0x0800124e   0x00000014   Code   RO         3289    i.OLED_Pow          oled.o
    0x08001262   0x08001262   0x00000022   Code   RO         3290    i.OLED_SetCursor    oled.o
    0x08001284   0x08001284   0x00000074   Code   RO         3292    i.OLED_ShowChar     oled.o
    0x080012f8   0x080012f8   0x00000044   Code   RO         3294    i.OLED_ShowNum      oled.o
    0x0800133c   0x0800133c   0x00000028   Code   RO         3296    i.OLED_ShowString   oled.o
    0x08001364   0x08001364   0x00000020   Code   RO         3297    i.OLED_WriteCommand  oled.o
    0x08001384   0x08001384   0x00000020   Code   RO         3298    i.OLED_WriteData    oled.o
    0x080013a4   0x080013a4   0x00000002   Code   RO         3672    i.PendSV_Handler    stm32f10x_it.o
    0x080013a6   0x080013a6   0x00000002   PAD
    0x080013a8   0x080013a8   0x00000020   Code   RO         1775    i.RCC_APB1PeriphClockCmd  stm32f10x_rcc.o
    0x080013c8   0x080013c8   0x00000020   Code   RO         1777    i.RCC_APB2PeriphClockCmd  stm32f10x_rcc.o
    0x080013e8   0x080013e8   0x000000d4   Code   RO         1785    i.RCC_GetClocksFreq  stm32f10x_rcc.o
    0x080014bc   0x080014bc   0x00000002   Code   RO         3673    i.SVC_Handler       stm32f10x_it.o
    0x080014be   0x080014be   0x00000002   PAD
    0x080014c0   0x080014c0   0x0000006c   Code   RO         3391    i.Serial_Init       serial.o
    0x0800152c   0x0800152c   0x00000020   Code   RO         3395    i.Serial_SendByte   serial.o
    0x0800154c   0x0800154c   0x00000008   Code   RO           24    i.SetSysClock       system_stm32f10x.o
    0x08001554   0x08001554   0x000000e0   Code   RO           25    i.SetSysClockTo72   system_stm32f10x.o
    0x08001634   0x08001634   0x00000050   Code   RO         5795    i.Softmax           nnom_softmax.o
    0x08001684   0x08001684   0x00000002   Code   RO         3674    i.SysTick_Handler   stm32f10x_it.o
    0x08001686   0x08001686   0x00000002   PAD
    0x08001688   0x08001688   0x00000060   Code   RO           27    i.SystemInit        system_stm32f10x.o
    0x080016e8   0x080016e8   0x00000018   Code   RO         2960    i.USART_Cmd         stm32f10x_usart.o
    0x08001700   0x08001700   0x0000001a   Code   RO         2963    i.USART_GetFlagStatus  stm32f10x_usart.o
    0x0800171a   0x0800171a   0x00000002   PAD
    0x0800171c   0x0800171c   0x000000d8   Code   RO         2967    i.USART_Init        stm32f10x_usart.o
    0x080017f4   0x080017f4   0x00000008   Code   RO         2977    i.USART_SendData    stm32f10x_usart.o
    0x080017fc   0x080017fc   0x00000004   Code   RO         3675    i.UsageFault_Handler  stm32f10x_it.o
    0x08001800   0x08001800   0x00000020   Code   RO         6173    i.__0printf         mc_w.l(printfa.o)
    0x08001820   0x08001820   0x00000028   Code   RO         3730    i.__NNOM_SSAT       nnom_local.o
    0x08001848   0x08001848   0x00000028   Code   RO         4067    i.__NNOM_SSAT       nnom_local_q15.o
    0x08001870   0x08001870   0x0000001c   Code   RO         3731    i.__NNOM_USAT       nnom_local.o
    0x0800188c   0x0800188c   0x0000000e   Code   RO         6263    i.__scatterload_copy  mc_w.l(handlers.o)
    0x0800189a   0x0800189a   0x00000002   Code   RO         6264    i.__scatterload_null  mc_w.l(handlers.o)
    0x0800189c   0x0800189c   0x0000000e   Code   RO         6265    i.__scatterload_zeroinit  mc_w.l(handlers.o)
    0x080018aa   0x080018aa   0x00000002   PAD
    0x080018ac   0x080018ac   0x00000184   Code   RO         6180    i._fp_digits        mc_w.l(printfa.o)
    0x08001a30   0x08001a30   0x000006dc   Code   RO         6181    i._printf_core      mc_w.l(printfa.o)
    0x0800210c   0x0800210c   0x00000024   Code   RO         6182    i._printf_post_padding  mc_w.l(printfa.o)
    0x08002130   0x08002130   0x0000002e   Code   RO         6183    i._printf_pre_padding  mc_w.l(printfa.o)
    0x0800215e   0x0800215e   0x0000002a   Code   RO         4949    i.act_get_dec_bit   nnom_activation.o
    0x08002188   0x08002188   0x00000038   Code   RO         4952    i.act_leaky_relu    nnom_activation.o
    0x080021c0   0x080021c0   0x00000040   Code   RO         4311    i.allocate_block    nnom.o
    0x08002200   0x08002200   0x00000032   Code   RO         4312    i.allocate_hook     nnom.o
    0x08002232   0x08002232   0x00000036   Code   RO         4313    i.allocate_io       nnom.o
    0x08002268   0x08002268   0x00000044   Code   RO         4314    i.block_mem_set     nnom.o
    0x080022ac   0x080022ac   0x000000b0   Code   RO         4315    i.check_model_version  nnom.o
    0x0800235c   0x0800235c   0x0000028a   Code   RO         4316    i.compile_layers    nnom.o
    0x080025e6   0x080025e6   0x00000112   Code   RO         5192    i.conv2d_build      nnom_conv2d.o
    0x080026f8   0x080026f8   0x0000001c   Code   RO         5193    i.conv2d_free       nnom_conv2d.o
    0x08002714   0x08002714   0x00000132   Code   RO         5194    i.conv2d_run        nnom_conv2d.o
    0x08002846   0x08002846   0x00000002   PAD
    0x08002848   0x08002848   0x0000015c   Code   RO         5195    i.conv2d_s          nnom_conv2d.o
    0x080029a4   0x080029a4   0x0000002a   Code   RO         5196    i.conv_output_length  nnom_conv2d.o
    0x080029ce   0x080029ce   0x00000056   Code   RO         5126    i.default_build     nnom_baselayer.o
    0x08002a24   0x08002a24   0x0000000e   Code   RO         4706    i.delete_tensor     nnom_tensor.o
    0x08002a32   0x08002a32   0x00000002   PAD
    0x08002a34   0x08002a34   0x000000f0   Code   RO         5306    i.dense_build       nnom_dense.o
    0x08002b24   0x08002b24   0x0000001c   Code   RO         5307    i.dense_free        nnom_dense.o
    0x08002b40   0x08002b40   0x0000006e   Code   RO         5308    i.dense_run         nnom_dense.o
    0x08002bae   0x08002bae   0x00000002   PAD
    0x08002bb0   0x08002bb0   0x00000084   Code   RO         5309    i.dense_s           nnom_dense.o
    0x08002c34   0x08002c34   0x00000016   Code   RO         4650    i.dilation          nnom_layers.o
    0x08002c4a   0x08002c4a   0x0000001c   Code   RO         4318    i.find_last         nnom.o
    0x08002c66   0x08002c66   0x00000058   Code   RO         5376    i.flatten_build     nnom_flatten.o
    0x08002cbe   0x08002cbe   0x00000006   Code   RO         5377    i.flatten_run       nnom_flatten.o
    0x08002cc4   0x08002cc4   0x00000012   Code   RO         5378    i.flatten_s         nnom_flatten.o
    0x08002cd6   0x08002cd6   0x00000010   Code   RO         3398    i.fputc             serial.o
    0x08002ce6   0x08002ce6   0x00000030   Code   RO         5490    i.input_build       nnom_input.o
    0x08002d16   0x08002d16   0x00000022   Code   RO         5491    i.input_run         nnom_input.o
    0x08002d38   0x08002d38   0x00000110   Code   RO         5492    i.input_s           nnom_input.o
    0x08002e48   0x08002e48   0x00000008   Code   RO         4652    i.io_init           nnom_layers.o
    0x08002e50   0x08002e50   0x0000001c   Code   RO         4320    i.io_mem_size       nnom.o
    0x08002e6c   0x08002e6c   0x00000016   Code   RO         4653    i.kernel            nnom_layers.o
    0x08002e82   0x08002e82   0x00000002   PAD
    0x08002e84   0x08002e84   0x00000048   Code   RO         4323    i.layer_run         nnom.o
    0x08002ecc   0x08002ecc   0x00000028   Code   RO         4324    i.layer_shortcut_add  nnom.o
    0x08002ef4   0x08002ef4   0x00000040   Code   RO         4962    i.leaky_relu_run    nnom_activation.o
    0x08002f34   0x08002f34   0x00000212   Code   RO         4078    i.local_convolve_HWC_q15_nonsquare  nnom_local_q15.o
    0x08003146   0x08003146   0x000001f6   Code   RO         3739    i.local_convolve_HWC_q7_nonsquare  nnom_local.o
    0x0800333c   0x0800333c   0x0000029c   Code   RO         3747    i.local_fully_connected_q7_opt  nnom_local.o
    0x080035d8   0x080035d8   0x0000002e   Code   RO         4089    i.local_leaky_relu_q15  nnom_local_q15.o
    0x08003606   0x08003606   0x00000028   Code   RO         3750    i.local_leaky_relu_q7  nnom_local.o
    0x0800362e   0x0800362e   0x00000096   Code   RO         3762    i.local_softmax_q7  nnom_local.o
    0x080036c4   0x080036c4   0x000000f0   Code   RO         3507    i.main              main.o
    0x080037b4   0x080037b4   0x000000a0   Code   RO         4326    i.mem_analysis_result  nnom.o
    0x08003854   0x08003854   0x00000008   Code   RO         4327    i.model_active      nnom.o
    0x0800385c   0x0800385c   0x00000040   Code   RO         4328    i.model_add         nnom.o
    0x0800389c   0x0800389c   0x000001f8   Code   RO         4329    i.model_compile     nnom.o
    0x08003a94   0x08003a94   0x000000c8   Code   RO         3508    i.model_feed_data   main.o
    0x08003b5c   0x08003b5c   0x0000002c   Code   RO         4332    i.model_hook        nnom.o
    0x08003b88   0x08003b88   0x00000016   Code   RO         4333    i.model_merge       nnom.o
    0x08003b9e   0x08003b9e   0x00000036   Code   RO         4334    i.model_mergex      nnom.o
    0x08003bd4   0x08003bd4   0x0000000e   Code   RO         4335    i.model_run         nnom.o
    0x08003be2   0x08003be2   0x00000002   PAD
    0x08003be4   0x08003be4   0x00000114   Code   RO         4336    i.model_run_to      nnom.o
    0x08003cf8   0x08003cf8   0x0000002a   Code   RO         4338    i.model_set_ops     nnom.o
    0x08003d22   0x08003d22   0x00000002   PAD
    0x08003d24   0x08003d24   0x00000054   Code   RO         4339    i.new_model         nnom.o
    0x08003d78   0x08003d78   0x00000098   Code   RO         4708    i.new_tensor        nnom_tensor.o
    0x08003e10   0x08003e10   0x0000001c   Code   RO         4340    i.nnom_alignto      nnom.o
    0x08003e2c   0x08003e2c   0x00000002   Code   RO         4341    i.nnom_free         nnom.o
    0x08003e2e   0x08003e2e   0x00000018   Code   RO         4342    i.nnom_hook_length  nnom.o
    0x08003e46   0x08003e46   0x00000002   PAD
    0x08003e48   0x08003e48   0x00000064   Code   RO         4344    i.nnom_malloc       nnom.o
    0x08003eac   0x08003eac   0x00000034   Code   RO         4345    i.nnom_mem          nnom.o
    0x08003ee0   0x08003ee0   0x000000f0   Code   RO         3509    i.nnom_model_create  main.o
    0x08003fd0   0x08003fd0   0x0000001c   Code   RO         4347    i.nnom_set_static_buf  nnom.o
    0x08003fec   0x08003fec   0x00000022   Code   RO         5680    i.output_run        nnom_output.o
    0x0800400e   0x0800400e   0x00000002   PAD
    0x08004010   0x08004010   0x00000030   Code   RO         5681    i.output_s          nnom_output.o
    0x08004040   0x08004040   0x000001f4   Code   RO         4348    i.print_layer_info  nnom.o
    0x08004234   0x08004234   0x00000068   Code   RO         4349    i.print_memory_block_info  nnom.o
    0x0800429c   0x0800429c   0x00000016   Code   RO         4350    i.release_block     nnom.o
    0x080042b2   0x080042b2   0x00000012   Code   RO         4351    i.release_comp_mem  nnom.o
    0x080042c4   0x080042c4   0x00000016   Code   RO         4352    i.release_input_mem  nnom.o
    0x080042da   0x080042da   0x00000002   PAD
    0x080042dc   0x080042dc   0x00000094   Code   RO         5923    i.round             m_ws.l(round.o)
    0x08004370   0x08004370   0x0000005c   Code   RO         4354    i.set_tailed_activation  nnom.o
    0x080043cc   0x080043cc   0x00000020   Code   RO         4654    i.shape             nnom_layers.o
    0x080043ec   0x080043ec   0x00000044   Code   RO         5796    i.softmax_build     nnom_softmax.o
    0x08004430   0x08004430   0x00000024   Code   RO         5797    i.softmax_run       nnom_softmax.o
    0x08004454   0x08004454   0x00000012   Code   RO         5798    i.softmax_s         nnom_softmax.o
    0x08004466   0x08004466   0x00000016   Code   RO         4656    i.stride            nnom_layers.o
    0x0800447c   0x0800447c   0x00000058   Code   RO         4710    i.tensor_cpy_attr   nnom_tensor.o
    0x080044d4   0x080044d4   0x0000000e   Code   RO         4711    i.tensor_get_num_channel  nnom_tensor.o
    0x080044e2   0x080044e2   0x00000036   Code   RO         4355    i.tensor_mem_set    nnom.o
    0x08004518   0x08004518   0x00000050   Code   RO         4713    i.tensor_set_attr   nnom_tensor.o
    0x08004568   0x08004568   0x00000032   Code   RO         4714    i.tensor_set_attr_v  nnom_tensor.o
    0x0800459a   0x0800459a   0x00000022   Code   RO         4715    i.tensor_size       nnom_tensor.o
    0x080045bc   0x080045bc   0x000005f0   Data   RO         3299    .constdata          oled.o
    0x08004bac   0x08004bac   0x00001b1c   Data   RO         3511    .constdata          main.o
    0x080066c8   0x080066c8   0x000007ec   Data   RO         4356    .constdata          nnom.o
    0x08006eb4   0x08006eb4   0x00000604   Data   RO         5310    .constdata          nnom_dense.o
    0x080074b8   0x080074b8   0x0000003c   Data   RO         3512    .conststring        main.o
    0x080074f4   0x080074f4   0x000002bd   Data   RO         4357    .conststring        nnom.o
    0x080077b1   0x080077b1   0x00000003   PAD
    0x080077b4   0x080077b4   0x00000020   Data   RO         6261    Region$$Table       anon$$obj.o


    Execution Region RW_IRAM1 (Exec base: 0x20000000, Load base: 0x080077d4, Size: 0x00002d98, Max: 0x00005000, ABSOLUTE)

    Exec Addr    Load Addr    Size         Type   Attr      Idx    E Section Name        Object

    0x20000000   0x080077d4   0x00000014   Data   RW         1805    .data               stm32f10x_rcc.o
    0x20000014   0x080077e8   0x0000000c   Data   RW         3513    .data               main.o
    0x20000020   0x080077f4   0x00000010   Data   RW         4358    .data               nnom.o
    0x20000030   0x08007804   0x00000004   Data   RW         6235    .data               mc_w.l(stdout.o)
    0x20000034        -       0x00002960   Zero   RW         3510    .bss                main.o
    0x20002994   0x08007808   0x00000004   PAD
    0x20002998        -       0x00000400   Zero   RW            1    STACK               startup_stm32f10x_md.o


==============================================================================

Image component sizes


      Code (inc. data)   RO Data    RW Data    ZI Data      Debug   Object Name

         0          0          0          0          0       4508   core_cm3.o
       124          4          0          0          0        543   key.o
       712        114       7000         12      10592      40363   main.o
       132         22          0          0          0     206747   misc.o
       712         36          0          0          0       4317   mpu6050.o
      3548        900       2729         16          0      27178   nnom.o
       162         14          0          0          0       2239   nnom_activation.o
        86          0          0          0          0        556   nnom_baselayer.o
       998         12          0          0          0       3986   nnom_conv2d.o
       510         20       1540          0          0       3497   nnom_dense.o
       196         10          0          0          0       2752   nnom_flatten.o
       354         10          0          0          0       2332   nnom_input.o
       106          0          0          0          0       3375   nnom_layers.o
      1428          0          0          0          0      17332   nnom_local.o
       616          0          0          0          0       4094   nnom_local_q15.o
        82          8          0          0          0       1564   nnom_output.o
       202          8          0          0          0       2756   nnom_softmax.o
       432         38          0          0          0       5028   nnom_tensor.o
       822         22       1520          0          0       7225   oled.o
       156         12          0          0          0       3308   serial.o
        36          8        236          0       1024        792   startup_stm32f10x_md.o
         0          0          0          0          0       1632   stm32f10x_adc.o
       200         18          0          0          0       3968   stm32f10x_exti.o
       352          4          0          0          0      11206   stm32f10x_gpio.o
       404         14          0          0          0      14288   stm32f10x_i2c.o
        26          0          0          0          0       3514   stm32f10x_it.o
       276         32          0         20          0      12826   stm32f10x_rcc.o
       274          6          0          0          0       9684   stm32f10x_usart.o
       328         28          0          0          0      32621   system_stm32f10x.o

    ----------------------------------------------------------------------
     13314       1340      13060         48      11620     434231   Object Totals
         0          0         32          0          0          0   (incl. Generated)
        40          0          3          0          4          0   (incl. Padding)

    ----------------------------------------------------------------------

      Code (inc. data)   RO Data    RW Data    ZI Data      Debug   Library Member Name

       148         12          0          0          0         88   round.o
         0          0          0          0          0          0   entry.o
         0          0          0          0          0          0   entry10a.o
         0          0          0          0          0          0   entry11a.o
         8          4          0          0          0          0   entry2.o
         4          0          0          0          0          0   entry5.o
         0          0          0          0          0          0   entry7b.o
         0          0          0          0          0          0   entry8b.o
         8          4          0          0          0          0   entry9a.o
        30          0          0          0          0          0   handlers.o
        36          8          0          0          0         68   init.o
         0          0          0          0          0          0   iusefp.o
        30          0          0          0          0         68   llshl.o
        36          0          0          0          0         68   llsshr.o
        32          0          0          0          0         68   llushr.o
        36          0          0          0          0         68   memcpya.o
        36          0          0          0          0        108   memseta.o
      2258         90          0          0          0        452   printfa.o
         0          0          0          4          0          0   stdout.o
        44          0          0          0          0         80   uidiv.o
        98          0          0          0          0         92   uldiv.o
        48          0          0          0          0         68   cdcmple.o
        48          0          0          0          0         68   cdrcmple.o
       334          0          0          0          0        148   dadd.o
       222          0          0          0          0        100   ddiv.o
       186          0          0          0          0        176   depilogue.o
        62          0          0          0          0         80   dfixi.o
        48          0          0          0          0         68   dfixul.o
        34          0          0          0          0         76   dflti.o
       228          0          0          0          0         96   dmul.o
       136          4          0          0          0         92   drnd.o
        50          0          0          0          0         68   ffixi.o
       100          0          0          0          0         76   fmul.o

    ----------------------------------------------------------------------
      4302        122          0          4          0       2276   Library Totals
         2          0          0          0          0          0   (incl. Padding)

    ----------------------------------------------------------------------

      Code (inc. data)   RO Data    RW Data    ZI Data      Debug   Library Name

       148         12          0          0          0         88   m_ws.l
      2656        106          0          4          0       1072   mc_w.l
      1496          4          0          0          0       1116   mf_w.l

    ----------------------------------------------------------------------
      4302        122          0          4          0       2276   Library Totals

    ----------------------------------------------------------------------

==============================================================================


      Code (inc. data)   RO Data    RW Data    ZI Data      Debug   

     17616       1462      13060         52      11620     428183   Grand Totals
     17616       1462      13060         52      11620     428183   ELF Image Totals
     17616       1462      13060         52          0          0   ROM Totals

==============================================================================

    Total RO  Size (Code + RO Data)                30676 (  29.96kB)
    Total RW  Size (RW Data + ZI Data)             11672 (  11.40kB)
    Total ROM Size (Code + RO Data + RW Data)      30728 (  30.01kB)

==============================================================================

