Component: Arm Compiler for Embedded 6.24 Tool: armlink [5f371500]

==============================================================================

Section Cross References

    startup_stm32f10x_md.o(RESET) refers to startup_stm32f10x_md.o(STACK) for __initial_sp
    startup_stm32f10x_md.o(RESET) refers to startup_stm32f10x_md.o(.text) for Reset_Handler
    startup_stm32f10x_md.o(RESET) refers to stm32f10x_it.o(.text.NMI_Handler) for NMI_Handler
    startup_stm32f10x_md.o(RESET) refers to stm32f10x_it.o(.text.HardFault_Handler) for HardFault_Handler
    startup_stm32f10x_md.o(RESET) refers to stm32f10x_it.o(.text.MemManage_Handler) for MemManage_Handler
    startup_stm32f10x_md.o(RESET) refers to stm32f10x_it.o(.text.BusFault_Handler) for BusFault_Handler
    startup_stm32f10x_md.o(RESET) refers to stm32f10x_it.o(.text.UsageFault_Handler) for UsageFault_Handler
    startup_stm32f10x_md.o(RESET) refers to stm32f10x_it.o(.text.SVC_Handler) for SVC_Handler
    startup_stm32f10x_md.o(RESET) refers to stm32f10x_it.o(.text.DebugMon_Handler) for DebugMon_Handler
    startup_stm32f10x_md.o(RESET) refers to stm32f10x_it.o(.text.PendSV_Handler) for PendSV_Handler
    startup_stm32f10x_md.o(RESET) refers to stm32f10x_it.o(.text.SysTick_Handler) for SysTick_Handler
    startup_stm32f10x_md.o(RESET) refers to main.o(.text.EXTI0_IRQHandler) for EXTI0_IRQHandler
    startup_stm32f10x_md.o(RESET) refers to main.o(.text.TIM3_IRQHandler) for TIM3_IRQHandler
    startup_stm32f10x_md.o(.text) refers to system_stm32f10x.o(.text.SystemInit) for SystemInit
    startup_stm32f10x_md.o(.text) refers to entry.o(.ARM.Collect$$$$00000000) for __main
    system_stm32f10x.o(.ARM.exidx.text.SystemInit) refers to system_stm32f10x.o(.text.SystemInit) for [Anonymous Symbol]
    system_stm32f10x.o(.text.SystemCoreClockUpdate) refers to system_stm32f10x.o(.data.SystemCoreClock) for SystemCoreClock
    system_stm32f10x.o(.text.SystemCoreClockUpdate) refers to system_stm32f10x.o(.rodata.AHBPrescTable) for AHBPrescTable
    system_stm32f10x.o(.ARM.exidx.text.SystemCoreClockUpdate) refers to system_stm32f10x.o(.text.SystemCoreClockUpdate) for [Anonymous Symbol]
    misc.o(.ARM.exidx.text.NVIC_PriorityGroupConfig) refers to misc.o(.text.NVIC_PriorityGroupConfig) for [Anonymous Symbol]
    misc.o(.ARM.exidx.text.NVIC_Init) refers to misc.o(.text.NVIC_Init) for [Anonymous Symbol]
    misc.o(.ARM.exidx.text.NVIC_SetVectorTable) refers to misc.o(.text.NVIC_SetVectorTable) for [Anonymous Symbol]
    misc.o(.ARM.exidx.text.NVIC_SystemLPConfig) refers to misc.o(.text.NVIC_SystemLPConfig) for [Anonymous Symbol]
    misc.o(.ARM.exidx.text.SysTick_CLKSourceConfig) refers to misc.o(.text.SysTick_CLKSourceConfig) for [Anonymous Symbol]
    stm32f10x_adc.o(.text.ADC_DeInit) refers to stm32f10x_rcc.o(.text.RCC_APB2PeriphResetCmd) for RCC_APB2PeriphResetCmd
    stm32f10x_adc.o(.ARM.exidx.text.ADC_DeInit) refers to stm32f10x_adc.o(.text.ADC_DeInit) for [Anonymous Symbol]
    stm32f10x_adc.o(.ARM.exidx.text.ADC_Init) refers to stm32f10x_adc.o(.text.ADC_Init) for [Anonymous Symbol]
    stm32f10x_adc.o(.ARM.exidx.text.ADC_StructInit) refers to stm32f10x_adc.o(.text.ADC_StructInit) for [Anonymous Symbol]
    stm32f10x_adc.o(.ARM.exidx.text.ADC_Cmd) refers to stm32f10x_adc.o(.text.ADC_Cmd) for [Anonymous Symbol]
    stm32f10x_adc.o(.ARM.exidx.text.ADC_DMACmd) refers to stm32f10x_adc.o(.text.ADC_DMACmd) for [Anonymous Symbol]
    stm32f10x_adc.o(.ARM.exidx.text.ADC_ITConfig) refers to stm32f10x_adc.o(.text.ADC_ITConfig) for [Anonymous Symbol]
    stm32f10x_adc.o(.ARM.exidx.text.ADC_ResetCalibration) refers to stm32f10x_adc.o(.text.ADC_ResetCalibration) for [Anonymous Symbol]
    stm32f10x_adc.o(.ARM.exidx.text.ADC_GetResetCalibrationStatus) refers to stm32f10x_adc.o(.text.ADC_GetResetCalibrationStatus) for [Anonymous Symbol]
    stm32f10x_adc.o(.ARM.exidx.text.ADC_StartCalibration) refers to stm32f10x_adc.o(.text.ADC_StartCalibration) for [Anonymous Symbol]
    stm32f10x_adc.o(.ARM.exidx.text.ADC_GetCalibrationStatus) refers to stm32f10x_adc.o(.text.ADC_GetCalibrationStatus) for [Anonymous Symbol]
    stm32f10x_adc.o(.ARM.exidx.text.ADC_SoftwareStartConvCmd) refers to stm32f10x_adc.o(.text.ADC_SoftwareStartConvCmd) for [Anonymous Symbol]
    stm32f10x_adc.o(.ARM.exidx.text.ADC_GetSoftwareStartConvStatus) refers to stm32f10x_adc.o(.text.ADC_GetSoftwareStartConvStatus) for [Anonymous Symbol]
    stm32f10x_adc.o(.ARM.exidx.text.ADC_DiscModeChannelCountConfig) refers to stm32f10x_adc.o(.text.ADC_DiscModeChannelCountConfig) for [Anonymous Symbol]
    stm32f10x_adc.o(.ARM.exidx.text.ADC_DiscModeCmd) refers to stm32f10x_adc.o(.text.ADC_DiscModeCmd) for [Anonymous Symbol]
    stm32f10x_adc.o(.ARM.exidx.text.ADC_RegularChannelConfig) refers to stm32f10x_adc.o(.text.ADC_RegularChannelConfig) for [Anonymous Symbol]
    stm32f10x_adc.o(.ARM.exidx.text.ADC_ExternalTrigConvCmd) refers to stm32f10x_adc.o(.text.ADC_ExternalTrigConvCmd) for [Anonymous Symbol]
[...]
    [Anonymous Symbol]                       0x08000938   Section        0  delay.o(.text.Delay_us)
    [Anonymous Symbol]                       0x0800095c   Section        0  main.o(.text.EXTI0_IRQHandler)
    [Anonymous Symbol]                       0x08000980   Section        0  stm32f10x_exti.o(.text.EXTI_ClearITPendingBit)
    [Anonymous Symbol]                       0x0800098c   Section        0  stm32f10x_exti.o(.text.EXTI_GetITStatus)
    [Anonymous Symbol]                       0x080009ac   Section        0  stm32f10x_exti.o(.text.EXTI_Init)
    [Anonymous Symbol]                       0x08000a14   Section        0  stm32f10x_gpio.o(.text.GPIO_EXTILineConfig)
    [Anonymous Symbol]                       0x08000a4c   Section        0  stm32f10x_gpio.o(.text.GPIO_Init)
    [Anonymous Symbol]                       0x08000b08   Section        0  stm32f10x_it.o(.text.HardFault_Handler)
    [Anonymous Symbol]                       0x08000b0c   Section        0  stm32f10x_i2c.o(.text.I2C_AcknowledgeConfig)
    [Anonymous Symbol]                       0x08000b20   Section        0  stm32f10x_i2c.o(.text.I2C_CheckEvent)
    [Anonymous Symbol]                       0x08000b38   Section        0  stm32f10x_i2c.o(.text.I2C_Cmd)
    [Anonymous Symbol]                       0x08000b4c   Section        0  stm32f10x_i2c.o(.text.I2C_DeInit)
    [Anonymous Symbol]                       0x08000b78   Section        0  stm32f10x_i2c.o(.text.I2C_GenerateSTART)
    [Anonymous Symbol]                       0x08000b8c   Section        0  stm32f10x_i2c.o(.text.I2C_GenerateSTOP)
    [Anonymous Symbol]                       0x08000ba0   Section        0  stm32f10x_i2c.o(.text.I2C_Init)
    [Anonymous Symbol]                       0x08000c6c   Section        0  stm32f10x_i2c.o(.text.I2C_ReceiveData)
    [Anonymous Symbol]                       0x08000c74   Section        0  stm32f10x_i2c.o(.text.I2C_Send7bitAddress)
    [Anonymous Symbol]                       0x08000c84   Section        0  stm32f10x_i2c.o(.text.I2C_SendData)
    [Anonymous Symbol]                       0x08000c88   Section        0  ir_capture.o(.text.IR_Capture_Init)
    [Anonymous Symbol]                       0x08000d14   Section        0  hongwai.o(.text.IR_Send_Raw)
    [Anonymous Symbol]                       0x08000d58   Section        0  key.o(.text.Key_Init)
    [Anonymous Symbol]                       0x08000dbc   Section        0  mpu6050.o(.text.MPU6050_GetData)
    [Anonymous Symbol]                       0x08000e50   Section        0  mpu6050.o(.text.MPU6050_GetDataArray)
    [Anonymous Symbol]                       0x08000e88   Section        0  mpu6050.o(.text.MPU6050_Init)
    [Anonymous Symbol]                       0x08000f20   Section        0  mpu6050.o(.text.MPU6050_ReadReg)
    [Anonymous Symbol]                       0x08001028   Section        0  mpu6050.o(.text.MPU6050_WriteReg)
    [Anonymous Symbol]                       0x080010dc   Section        0  stm32f10x_it.o(.text.MemManage_Handler)
    [Anonymous Symbol]                       0x080010e0   Section        0  stm32f10x_it.o(.text.NMI_Handler)
    [Anonymous Symbol]                       0x080010e4   Section        0  misc.o(.text.NVIC_Init)
    [Anonymous Symbol]                       0x08001144   Section        0  misc.o(.text.NVIC_PriorityGroupConfig)
    [Anonymous Symbol]                       0x08001158   Section        0  hongwai.o(.text.PWM_Init)
    [Anonymous Symbol]                       0x080011cc   Section        0  stm32f10x_it.o(.text.PendSV_Handler)
    [Anonymous Symbol]                       0x080011d0   Section        0  stm32f10x_rcc.o(.text.RCC_APB1PeriphClockCmd)
    [Anonymous Symbol]                       0x080011e8   Section        0  stm32f10x_rcc.o(.text.RCC_APB1PeriphResetCmd)
    [Anonymous Symbol]                       0x08001200   Section        0  stm32f10x_rcc.o(.text.RCC_APB2PeriphClockCmd)
    [Anonymous Symbol]                       0x08001218   Section        0  stm32f10x_rcc.o(.text.RCC_APB2PeriphResetCmd)
    [Anonymous Symbol]                       0x08001230   Section        0  stm32f10x_rcc.o(.text.RCC_GetClocksFreq)
    [Anonymous Symbol]                       0x080012bc   Section        0  stm32f10x_it.o(.text.SVC_Handler)
    [Anonymous Symbol]                       0x080012c0   Section        0  main.o(.text.SYS_INIT)
    [Anonymous Symbol]                       0x080013d0   Section        0  serial.o(.text.Serial_Init)
    [Anonymous Symbol]                       0x0800142c   Section        0  serial.o(.text.Serial_Printf)
    [Anonymous Symbol]                       0x08001480   Section        0  stm32f10x_it.o(.text.SysTick_Handler)
    [Anonymous Symbol]                       0x08001484   Section        0  system_stm32f10x.o(.text.SystemInit)
    [Anonymous Symbol]                       0x08001590   Section        0  main.o(.text.TIM3_IRQHandler)
    [Anonymous Symbol]                       0x0800168c   Section        0  stm32f10x_tim.o(.text.TIM_ClearITPendingBit)
    [Anonymous Symbol]                       0x08001694   Section        0  stm32f10x_tim.o(.text.TIM_Cmd)
    [Anonymous Symbol]                       0x080016a8   Section        0  stm32f10x_tim.o(.text.TIM_DeInit)
    [Anonymous Symbol]                       0x080018d8   Section        0  stm32f10x_tim.o(.text.TIM_GetCapture2)
    [Anonymous Symbol]                       0x080018dc   Section        0  stm32f10x_tim.o(.text.TIM_GetITStatus)
    [Anonymous Symbol]                       0x080018f4   Section        0  stm32f10x_tim.o(.text.TIM_ICInit)
    [Anonymous Symbol]                       0x08001b54   Section        0  stm32f10x_tim.o(.text.TIM_ITConfig)
    [Anonymous Symbol]                       0x08001b64   Section        0  stm32f10x_tim.o(.text.TIM_OC1Init)
    [Anonymous Symbol]                       0x08001bd4   Section        0  stm32f10x_tim.o(.text.TIM_OC2PolarityConfig)
    [Anonymous Symbol]                       0x08001be4   Section        0  stm32f10x_tim.o(.text.TIM_OCStructInit)
    [Anonymous Symbol]                       0x08001bf0   Section        0  stm32f10x_tim.o(.text.TIM_SetCompare1)
    [Anonymous Symbol]                       0x08001bf4   Section        0  stm32f10x_tim.o(.text.TIM_TimeBaseInit)
    [Anonymous Symbol]                       0x08001ca0   Section        0  stm32f10x_usart.o(.text.USART_Cmd)
    [Anonymous Symbol]                       0x08001cb4   Section        0  stm32f10x_usart.o(.text.USART_GetFlagStatus)
    [Anonymous Symbol]                       0x08001cc0   Section        0  stm32f10x_usart.o(.text.USART_Init)
    [Anonymous Symbol]                       0x08001d78   Section        0  stm32f10x_usart.o(.text.USART_SendData)
    [Anonymous Symbol]                       0x08001d80   Section        0  stm32f10x_it.o(.text.UsageFault_Handler)
    [Anonymous Symbol]                       0x08001d84   Section        0  nnom_activation.o(.text.act_get_dec_bit)
    [Anonymous Symbol]                       0x08001d94   Section        0  nnom_activation.o(.text.act_leaky_relu)
    [Anonymous Symbol]                       0x08001dcc   Section        0  nnom.o(.text.check_model_version)
    [Anonymous Symbol]                       0x08001e84   Section        0  nnom.o(.text.compile_layers)
    [Anonymous Symbol]                       0x08002574   Section        0  nnom_conv2d.o(.text.conv2d_build)
    [Anonymous Symbol]                       0x08002678   Section        0  nnom_conv2d.o(.text.conv2d_free)
    [Anonymous Symbol]                       0x0800269c   Section        0  nnom_conv2d.o(.text.conv2d_run)
    [Anonymous Symbol]                       0x0800279c   Section        0  nnom_conv2d.o(.text.conv2d_s)
    [Anonymous Symbol]                       0x080028f4   Section        0  nnom_baselayer.o(.text.default_build)
    [Anonymous Symbol]                       0x0800293c   Section        0  nnom_tensor.o(.text.delete_tensor)
    [Anonymous Symbol]                       0x08002948   Section        0  nnom_dense.o(.text.dense_build)
    [Anonymous Symbol]                       0x08002a18   Section        0  nnom_dense.o(.text.dense_free)
    [Anonymous Symbol]                       0x08002a3c   Section        0  nnom_dense.o(.text.dense_run)
    [Anonymous Symbol]                       0x08002a98   Section        0  nnom_dense.o(.text.dense_s)
    [Anonymous Symbol]                       0x08002b1c   Section        0  nnom_layers.o(.text.dilation)
    [Anonymous Symbol]                       0x08002b28   Section        0  nnom_flatten.o(.text.flatten_build)
    [Anonymous Symbol]                       0x08002b7c   Section        0  nnom_flatten.o(.text.flatten_run)
    [Anonymous Symbol]                       0x08002b80   Section        0  nnom_flatten.o(.text.flatten_s)
    [Anonymous Symbol]                       0x08002bdc   Section        0  serial.o(.text.fputc)
    [Anonymous Symbol]                       0x08002c00   Section        0  nnom_input.o(.text.input_build)
    [Anonymous Symbol]                       0x08002c28   Section        0  nnom_input.o(.text.input_run)
    [Anonymous Symbol]                       0x08002c48   Section        0  nnom_input.o(.text.input_s)
    [Anonymous Symbol]                       0x08002d28   Section        0  nnom_layers.o(.text.io_init)
    [Anonymous Symbol]                       0x08002d30   Section        0  nnom_layers.o(.text.kernel)
    leaky_relu_run                           0x08002d3d   Thumb Code    44  nnom_activation.o(.text.leaky_relu_run)
    [Anonymous Symbol]                       0x08002d3c   Section        0  nnom_activation.o(.text.leaky_relu_run)
    [Anonymous Symbol]                       0x08002d68   Section        0  nnom_local_q15.o(.text.local_convolve_HWC_q15_nonsquare)
    [Anonymous Symbol]                       0x08002fac   Section        0  nnom_local.o(.text.local_convolve_HWC_q7_nonsquare)
    [Anonymous Symbol]                       0x080031d8   Section        0  nnom_local.o(.text.local_fully_connected_q7_opt)
    [Anonymous Symbol]                       0x08003410   Section        0  nnom_local_q15.o(.text.local_leaky_relu_q15)
    [Anonymous Symbol]                       0x08003438   Section        0  nnom_local.o(.text.local_leaky_relu_q7)
    [Anonymous Symbol]                       0x08003460   Section        0  nnom_local.o(.text.local_softmax_q7)
    [Anonymous Symbol]                       0x080034f4   Section        0  main.o(.text.main)
    model_active                             0x08003685   Thumb Code     8  nnom.o(.text.model_active)
    [Anonymous Symbol]                       0x08003684   Section        0  nnom.o(.text.model_active)
    model_add                                0x0800368d   Thumb Code    56  nnom.o(.text.model_add)
    [Anonymous Symbol]                       0x0800368c   Section        0  nnom.o(.text.model_add)
    [Anonymous Symbol]                       0x080036c4   Section        0  nnom.o(.text.model_compile)
    [Anonymous Symbol]                       0x0800396c   Section        0  main.o(.text.model_feed_data)
    model_hook                               0x08003a41   Thumb Code   320  nnom.o(.text.model_hook)
    [Anonymous Symbol]                       0x08003a40   Section        0  nnom.o(.text.model_hook)
    model_merge                              0x08003b81   Thumb Code    10  nnom.o(.text.model_merge)
    [Anonymous Symbol]                       0x08003b80   Section        0  nnom.o(.text.model_merge)
    model_mergex                             0x08003b8d   Thumb Code    58  nnom.o(.text.model_mergex)
    [Anonymous Symbol]                       0x08003b8c   Section        0  nnom.o(.text.model_mergex)
    [Anonymous Symbol]                       0x08003bc8   Section        0  nnom.o(.text.model_run)
    [Anonymous Symbol]                       0x08003bd0   Section        0  nnom.o(.text.model_run_to)
    [Anonymous Symbol]                       0x08003cd0   Section        0  nnom.o(.text.new_model)
    [Anonymous Symbol]                       0x08003d80   Section        0  nnom_tensor.o(.text.new_tensor)
    [Anonymous Symbol]                       0x08003e18   Section        0  nnom.o(.text.nnom_alignto)
    [Anonymous Symbol]                       0x08003e2c   Section        0  nnom.o(.text.nnom_free)
    [Anonymous Symbol]                       0x08003e30   Section        0  nnom.o(.text.nnom_mem)
    [Anonymous Symbol]                       0x08003eb0   Section        0  nnom.o(.text.nnom_set_static_buf)
    [Anonymous Symbol]                       0x08003ed4   Section        0  nnom_output.o(.text.output_run)
    [Anonymous Symbol]                       0x08003ef4   Section        0  nnom_output.o(.text.output_s)
    [Anonymous Symbol]                       0x08003f2c   Section        0  nnom_layers.o(.text.shape)
    [Anonymous Symbol]                       0x08003f34   Section        0  nnom_softmax.o(.text.softmax_build)
    [Anonymous Symbol]                       0x08003f6c   Section        0  nnom_softmax.o(.text.softmax_run)
    [Anonymous Symbol]                       0x08003f90   Section        0  nnom_softmax.o(.text.softmax_s)
    [Anonymous Symbol]                       0x08003fe8   Section        0  nnom_layers.o(.text.stride)
    [Anonymous Symbol]                       0x08003ff4   Section        0  nnom_tensor.o(.text.tensor_cpy_attr)
    [Anonymous Symbol]                       0x08004058   Section        0  nnom_tensor.o(.text.tensor_get_num_channel)
    [Anonymous Symbol]                       0x08004068   Section        0  nnom_tensor.o(.text.tensor_set_attr)
    [Anonymous Symbol]                       0x080040b8   Section        0  nnom_tensor.o(.text.tensor_set_attr_v)
    [Anonymous Symbol]                       0x080040e4   Section        0  nnom_tensor.o(.text.tensor_size)
    i.__0printf                              0x0800410c   Section        0  printfa.o(i.__0printf)
    i.__0vsprintf                            0x0800412c   Section        0  printfa.o(i.__0vsprintf)
    i.__scatterload_copy                     0x08004150   Section       14  handlers.o(i.__scatterload_copy)
    i.__scatterload_null                     0x0800415e   Section        2  handlers.o(i.__scatterload_null)
    i.__scatterload_zeroinit                 0x08004160   Section       14  handlers.o(i.__scatterload_zeroinit)
    _fp_digits                               0x08004171   Thumb Code   366  printfa.o(i._fp_digits)
    i._fp_digits                             0x08004170   Section        0  printfa.o(i._fp_digits)
    _printf_core                             0x080042f5   Thumb Code  1744  printfa.o(i._printf_core)
    i._printf_core                           0x080042f4   Section        0  printfa.o(i._printf_core)
    _printf_post_padding                     0x080049d1   Thumb Code    36  printfa.o(i._printf_post_padding)
    i._printf_post_padding                   0x080049d0   Section        0  printfa.o(i._printf_post_padding)
    _printf_pre_padding                      0x080049f5   Thumb Code    46  printfa.o(i._printf_pre_padding)
    i._printf_pre_padding                    0x080049f4   Section        0  printfa.o(i._printf_pre_padding)
    _sputc                                   0x08004a23   Thumb Code    10  printfa.o(i._sputc)
    i._sputc                                 0x08004a22   Section        0  printfa.o(i._sputc)
    i.putchar                                0x08004a2c   Section        0  putchar.o(i.putchar)
    i.puts                                   0x08004a38   Section        0  puts.o(i.puts)
    i.round                                  0x08004a5c   Section        0  round.o(i.round)
    ADCPrescTable                            0x08004af0   Data           4  stm32f10x_rcc.o(.rodata.ADCPrescTable)
    [Anonymous Symbol]                       0x08004af0   Section        0  stm32f10x_rcc.o(.rodata.ADCPrescTable)
    APBAHBPrescTable                         0x08004af4   Data          16  stm32f10x_rcc.o(.rodata.APBAHBPrescTable)
    [Anonymous Symbol]                       0x08004af4   Section        0  stm32f10x_rcc.o(.rodata.APBAHBPrescTable)
    [Anonymous Symbol]                       0x08004d88   Section        0  main.o(.rodata.str1.1)
    .L.str.13                                0x08004db6   Data          10  main.o(.rodata.str1.1)
    .L.str.13                                0x08004dc8   Data          79  nnom.o(.rodata.str1.1)
    [Anonymous Symbol]                       0x08004dc8   Section        0  nnom.o(.rodata.str1.1)
    .L.str.15                                0x08004e17   Data          34  nnom.o(.rodata.str1.1)
    .L.str.4                                 0x08004e39   Data          44  nnom.o(.rodata.str1.1)
    .L.str.14                                0x08004e65   Data          63  nnom.o(.rodata.str1.1)
    .L.str.8                                 0x08004ea2   Data           2  nnom.o(.rodata.str1.1)
    .L.str.2                                 0x08004ea4   Data          29  nnom.o(.rodata.str1.1)
    .L.str.37                                0x08004ec1   Data           4  nnom.o(.rodata.str1.1)
    .L.str.3                                 0x08004ec5   Data          12  nnom.o(.rodata.str1.1)
    .L.str.40                                0x08004ed1   Data           3  nnom.o(.rodata.str1.1)
    .L.str.39                                0x08004ed4   Data           4  nnom.o(.rodata.str1.1)
    .L.str.1                                 0x08004ed8   Data          79  nnom.o(.rodata.str1.1)
    .Lstr.42                                 0x08004f27   Data         107  nnom.o(.rodata.str1.1)
    .Lstr.50                                 0x08004f92   Data          98  nnom.o(.rodata.str1.1)
    .Lstr.45                                 0x08004ff4   Data          73  nnom.o(.rodata.str1.1)
    .L.str                                   0x0800503d   Data          85  nnom.o(.rodata.str1.1)
    .Lstr                                    0x08005092   Data          68  nnom.o(.rodata.str1.1)
    .Lstr.55                                 0x080050d6   Data          20  nnom.o(.rodata.str1.1)
    .Lstr.48                                 0x080050ea   Data          98  nnom.o(.rodata.str1.1)
    .data                                    0x20000000   Section        4  stdout.o(.data)
    TIM3_IRQHandler.LastTick                 0x20000268   Data           4  main.o(.bss.TIM3_IRQHandler.LastTick)
    [Anonymous Symbol]                       0x20000268   Section        0  main.o(.bss.TIM3_IRQHandler.LastTick)
    nnom_input_data                          0x20000980   Data         450  main.o(.bss.nnom_input_data)
    [Anonymous Symbol]                       0x20000980   Section        0  main.o(.bss.nnom_input_data)
    nnom_model_create.model                  0x20000b48   Data         136  main.o(.bss.nnom_model_create.model)
    [Anonymous Symbol]                       0x20000b48   Section        0  main.o(.bss.nnom_model_create.model)
    nnom_output_data                         0x20000bd0   Data          13  main.o(.bss.nnom_output_data)
    [Anonymous Symbol]                       0x20000bd0   Section        0  main.o(.bss.nnom_output_data)
    nnom_static_buf                          0x20000be0   Data           4  nnom.o(.bss.nnom_static_buf)
    [Anonymous Symbol]                       0x20000be0   Section        0  nnom.o(.bss.nnom_static_buf)
    nnom_static_buf_curr                     0x20000be4   Data           4  nnom.o(.bss.nnom_static_buf_curr)
    [Anonymous Symbol]                       0x20000be4   Section        0  nnom.o(.bss.nnom_static_buf_curr)
    nnom_static_buf_size                     0x20000be8   Data           4  nnom.o(.bss.nnom_static_buf_size)
    [Anonymous Symbol]                       0x20000be8   Section        0  nnom.o(.bss.nnom_static_buf_size)
    STACK                                    0x20002bf0   Section     1024  startup_stm32f10x_md.o(STACK)

    Global Symbols

    Symbol Name                              Value     Ov Type        Size  Object(Section)

    BuildAttributes$$THM_ISAv4$P$D$K$B$S$PE$A:L22UL41UL21$X:L11$S22US41US21$IEEE1$IW$~IW$USESV6$~STKCKD$USESV7$~SHL$OTIME$ROPI$IEEEJ$EBA8$MICROLIB$REQ8$PRES8$EABIv2 0x00000000   Number         0  anon$$obj.o ABSOLUTE
    _printf_a                                0x00000000   Number         0  printfstubs.o ABSOLUTE
    _printf_c                                0x00000000   Number         0  printfstubs.o ABSOLUTE
    _printf_charcount                        0x00000000   Number         0  printfstubs.o ABSOLUTE
    _printf_d                                0x00000000   Number         0  printfstubs.o ABSOLUTE
    _printf_e                                0x00000000   Number         0  printfstubs.o ABSOLUTE
    _printf_f                                0x00000000   Number         0  printfstubs.o ABSOLUTE
    _printf_flags                            0x00000000   Number         0  printfstubs.o ABSOLUTE
    _printf_fp_dec                           0x00000000   Number         0  printfstubs.o ABSOLUTE
    _printf_fp_hex                           0x00000000   Number         0  printfstubs.o ABSOLUTE
    _printf_g                                0x00000000   Number         0  printfstubs.o ABSOLUTE
    _printf_i                                0x00000000   Number         0  printfstubs.o ABSOLUTE
    _printf_int_dec                          0x00000000   Number         0  printfstubs.o ABSOLUTE
    _printf_l                                0x00000000   Number         0  printfstubs.o ABSOLUTE
    _printf_lc                               0x00000000   Number         0  printfstubs.o ABSOLUTE
    _printf_ll                               0x00000000   Number         0  printfstubs.o ABSOLUTE
    _printf_lld                              0x00000000   Number         0  printfstubs.o ABSOLUTE
    _printf_lli                              0x00000000   Number         0  printfstubs.o ABSOLUTE
    _printf_llo                              0x00000000   Number         0  printfstubs.o ABSOLUTE
    _printf_llu                              0x00000000   Number         0  printfstubs.o ABSOLUTE
    _printf_llx                              0x00000000   Number         0  printfstubs.o ABSOLUTE
    _printf_longlong_dec                     0x00000000   Number         0  printfstubs.o ABSOLUTE
    _printf_longlong_hex                     0x00000000   Number         0  printfstubs.o ABSOLUTE
    _printf_longlong_oct                     0x00000000   Number         0  printfstubs.o ABSOLUTE
    _printf_ls                               0x00000000   Number         0  printfstubs.o ABSOLUTE
    _printf_mbtowc                           0x00000000   Number         0  printfstubs.o ABSOLUTE
    _printf_n                                0x00000000   Number         0  printfstubs.o ABSOLUTE
    _printf_o                                0x00000000   Number         0  printfstubs.o ABSOLUTE
    _printf_p                                0x00000000   Number         0  printfstubs.o ABSOLUTE
    _printf_percent                          0x00000000   Number         0  printfstubs.o ABSOLUTE
    _printf_pre_padding                      0x00000000   Number         0  printfstubs.o ABSOLUTE
    _printf_return_value                     0x00000000   Number         0  printfstubs.o ABSOLUTE
    _printf_s                                0x00000000   Number         0  printfstubs.o ABSOLUTE
    _printf_sizespec                         0x00000000   Number         0  printfstubs.o ABSOLUTE
    _printf_str                              0x00000000   Number         0  printfstubs.o ABSOLUTE
    _printf_truncate_signed                  0x00000000   Number         0  printfstubs.o ABSOLUTE
    _printf_truncate_unsigned                0x00000000   Number         0  printfstubs.o ABSOLUTE
    _printf_u                                0x00000000   Number         0  printfstubs.o ABSOLUTE
    _printf_wc                               0x00000000   Number         0  printfstubs.o ABSOLUTE
    _printf_wctomb                           0x00000000   Number         0  printfstubs.o ABSOLUTE
    _printf_widthprec                        0x00000000   Number         0  printfstubs.o ABSOLUTE
    _printf_x                                0x00000000   Number         0  printfstubs.o ABSOLUTE
    __cpp_initialize__aeabi_                  - Undefined Weak Reference
    __cxa_finalize                            - Undefined Weak Reference
    __decompress                              - Undefined Weak Reference
    _clock_init                               - Undefined Weak Reference
    _microlib_exit                            - Undefined Weak Reference
    __Vectors_Size                           0x000000ec   Number         0  startup_stm32f10x_md.o ABSOLUTE
    __Vectors                                0x08000000   Data           4  startup_stm32f10x_md.o(RESET)
    __Vectors_End                            0x080000ec   Data           0  startup_stm32f10x_md.o(RESET)
    __main                                   0x080000ed   Thumb Code     0  entry.o(.ARM.Collect$$$$00000000)
    _main_stk                                0x080000ed   Thumb Code     0  entry2.o(.ARM.Collect$$$$00000001)
    _main_scatterload                        0x080000f1   Thumb Code     0  entry5.o(.ARM.Collect$$$$00000004)
    __main_after_scatterload                 0x080000f5   Thumb Code     0  entry5.o(.ARM.Collect$$$$00000004)
    _main_clock                              0x080000f5   Thumb Code     0  entry7b.o(.ARM.Collect$$$$00000008)
    _main_cpp_init                           0x080000f5   Thumb Code     0  entry8b.o(.ARM.Collect$$$$0000000A)
    _main_init                               0x080000f5   Thumb Code     0  entry9a.o(.ARM.Collect$$$$0000000B)
    __rt_final_cpp                           0x080000fd   Thumb Code     0  entry10a.o(.ARM.Collect$$$$0000000D)
    __rt_final_exit                          0x080000fd   Thumb Code     0  entry11a.o(.ARM.Collect$$$$0000000F)
    Reset_Handler                            0x08000101   Thumb Code     8  startup_stm32f10x_md.o(.text)
    ADC1_2_IRQHandler                        0x0800011b   Thumb Code     0  startup_stm32f10x_md.o(.text)
    CAN1_RX1_IRQHandler                      0x0800011b   Thumb Code     0  startup_stm32f10x_md.o(.text)
    CAN1_SCE_IRQHandler                      0x0800011b   Thumb Code     0  startup_stm32f10x_md.o(.text)
    DMA1_Channel1_IRQHandler                 0x0800011b   Thumb Code     0  startup_stm32f10x_md.o(.text)
    DMA1_Channel2_IRQHandler                 0x0800011b   Thumb Code     0  startup_stm32f10x_md.o(.text)
    DMA1_Channel3_IRQHandler                 0x0800011b   Thumb Code     0  startup_stm32f10x_md.o(.text)
    DMA1_Channel4_IRQHandler                 0x0800011b   Thumb Code     0  startup_stm32f10x_md.o(.text)
    DMA1_Channel5_IRQHandler                 0x0800011b   Thumb Code     0  startup_stm32f10x_md.o(.text)
    DMA1_Channel6_IRQHandler                 0x0800011b   Thumb Code     0  startup_stm32f10x_md.o(.text)
    DMA1_Channel7_IRQHandler                 0x0800011b   Thumb Code     0  startup_stm32f10x_md.o(.text)
    EXTI15_10_IRQHandler                     0x0800011b   Thumb Code     0  startup_stm32f10x_md.o(.text)
    EXTI1_IRQHandler                         0x0800011b   Thumb Code     0  startup_stm32f10x_md.o(.text)
    EXTI2_IRQHandler                         0x0800011b   Thumb Code     0  startup_stm32f10x_md.o(.text)
    EXTI3_IRQHandler                         0x0800011b   Thumb Code     0  startup_stm32f10x_md.o(.text)
    EXTI4_IRQHandler                         0x0800011b   Thumb Code     0  startup_stm32f10x_md.o(.text)
    EXTI9_5_IRQHandler                       0x0800011b   Thumb Code     0  startup_stm32f10x_md.o(.text)
    FLASH_IRQHandler                         0x0800011b   Thumb Code     0  startup_stm32f10x_md.o(.text)
    I2C1_ER_IRQHandler                       0x0800011b   Thumb Code     0  startup_stm32f10x_md.o(.text)
    I2C1_EV_IRQHandler                       0x0800011b   Thumb Code     0  startup_stm32f10x_md.o(.text)
    I2C2_ER_IRQHandler                       0x0800011b   Thumb Code     0  startup_stm32f10x_md.o(.text)
    I2C2_EV_IRQHandler                       0x0800011b   Thumb Code     0  startup_stm32f10x_md.o(.text)
    PVD_IRQHandler                           0x0800011b   Thumb Code     0  startup_stm32f10x_md.o(.text)
    RCC_IRQHandler                           0x0800011b   Thumb Code     0  startup_stm32f10x_md.o(.text)
    RTCAlarm_IRQHandler                      0x0800011b   Thumb Code     0  startup_stm32f10x_md.o(.text)
    RTC_IRQHandler                           0x0800011b   Thumb Code     0  startup_stm32f10x_md.o(.text)
    SPI1_IRQHandler                          0x0800011b   Thumb Code     0  startup_stm32f10x_md.o(.text)
    SPI2_IRQHandler                          0x0800011b   Thumb Code     0  startup_stm32f10x_md.o(.text)
    TAMPER_IRQHandler                        0x0800011b   Thumb Code     0  startup_stm32f10x_md.o(.text)
    TIM1_BRK_IRQHandler                      0x0800011b   Thumb Code     0  startup_stm32f10x_md.o(.text)
    TIM1_CC_IRQHandler                       0x0800011b   Thumb Code     0  startup_stm32f10x_md.o(.text)
    TIM1_TRG_COM_IRQHandler                  0x0800011b   Thumb Code     0  startup_stm32f10x_md.o(.text)
    TIM1_UP_IRQHandler                       0x0800011b   Thumb Code     0  startup_stm32f10x_md.o(.text)
    TIM2_IRQHandler                          0x0800011b   Thumb Code     0  startup_stm32f10x_md.o(.text)
    TIM4_IRQHandler                          0x0800011b   Thumb Code     0  startup_stm32f10x_md.o(.text)
    USART1_IRQHandler                        0x0800011b   Thumb Code     0  startup_stm32f10x_md.o(.text)
    USART2_IRQHandler                        0x0800011b   Thumb Code     0  startup_stm32f10x_md.o(.text)
    USART3_IRQHandler                        0x0800011b   Thumb Code     0  startup_stm32f10x_md.o(.text)
    USBWakeUp_IRQHandler                     0x0800011b   Thumb Code     0  startup_stm32f10x_md.o(.text)
    USB_HP_CAN1_TX_IRQHandler                0x0800011b   Thumb Code     0  startup_stm32f10x_md.o(.text)
    USB_LP_CAN1_RX0_IRQHandler               0x0800011b   Thumb Code     0  startup_stm32f10x_md.o(.text)
    WWDG_IRQHandler                          0x0800011b   Thumb Code     0  startup_stm32f10x_md.o(.text)
    __aeabi_uldivmod                         0x08000125   Thumb Code    98  uldiv.o(.text)
    __aeabi_memcpy                           0x08000187   Thumb Code    36  memcpya.o(.text)
    __aeabi_memcpy4                          0x08000187   Thumb Code     0  memcpya.o(.text)
    __aeabi_memcpy8                          0x08000187   Thumb Code     0  memcpya.o(.text)
    __aeabi_memset                           0x080001ab   Thumb Code    14  memseta.o(.text)
    __aeabi_memset4                          0x080001ab   Thumb Code     0  memseta.o(.text)
    __aeabi_memset8                          0x080001ab   Thumb Code     0  memseta.o(.text)
    __aeabi_memclr                           0x080001b9   Thumb Code     4  memseta.o(.text)
    __aeabi_memclr4                          0x080001b9   Thumb Code     0  memseta.o(.text)
    __aeabi_memclr8                          0x080001b9   Thumb Code     0  memseta.o(.text)
    _memset$wrapper                          0x080001bd   Thumb Code    18  memseta.o(.text)
    __aeabi_fmul                             0x080001cf   Thumb Code   100  fmul.o(.text)
    __aeabi_dadd                             0x08000233   Thumb Code   322  dadd.o(.text)
    __aeabi_dsub                             0x08000375   Thumb Code     6  dadd.o(.text)
    __aeabi_drsub                            0x0800037b   Thumb Code     6  dadd.o(.text)
    __aeabi_dmul                             0x08000381   Thumb Code   228  dmul.o(.text)
    __aeabi_i2d                              0x08000465   Thumb Code    34  dflti.o(.text)
    __aeabi_f2iz                             0x08000487   Thumb Code    50  ffixi.o(.text)
    __aeabi_d2iz                             0x080004b9   Thumb Code    62  dfixi.o(.text)
    __aeabi_f2d                              0x080004f7   Thumb Code    38  f2d.o(.text)
    __aeabi_d2f                              0x0800051d   Thumb Code    56  d2f.o(.text)
    __aeabi_uidiv                            0x08000555   Thumb Code     0  uidiv.o(.text)
    __aeabi_uidivmod                         0x08000555   Thumb Code    44  uidiv.o(.text)
    __aeabi_llsl                             0x08000581   Thumb Code    30  llshl.o(.text)
    _ll_shift_l                              0x08000581   Thumb Code     0  llshl.o(.text)
    __aeabi_llsr                             0x0800059f   Thumb Code    32  llushr.o(.text)
    _ll_ushift_r                             0x0800059f   Thumb Code     0  llushr.o(.text)
    __aeabi_lasr                             0x080005bf   Thumb Code    36  llsshr.o(.text)
    _ll_sshift_r                             0x080005bf   Thumb Code     0  llsshr.o(.text)
    __I$use$fp                               0x080005e3   Thumb Code     0  iusefp.o(.text)
    _float_round                             0x080005e3   Thumb Code    18  fepilogue.o(.text)
    _float_epilogue                          0x080005f5   Thumb Code    92  fepilogue.o(.text)
    _double_round                            0x08000651   Thumb Code    30  depilogue.o(.text)
    _double_epilogue                         0x0800066f   Thumb Code   156  depilogue.o(.text)
    __aeabi_ddiv                             0x0800070b   Thumb Code   222  ddiv.o(.text)
    _drnd                                    0x080007e9   Thumb Code   132  drnd.o(.text)
    __aeabi_d2ulz                            0x08000871   Thumb Code    48  dfixul.o(.text)
    __aeabi_cdcmpeq                          0x080008a1   Thumb Code     0  cdcmple.o(.text)
    __aeabi_cdcmple                          0x080008a1   Thumb Code    48  cdcmple.o(.text)
    __aeabi_cdrcmple                         0x080008d1   Thumb Code    48  cdrcmple.o(.text)
    __scatterload                            0x08000901   Thumb Code    38  init.o(.text)
    __scatterload_rt2                        0x08000901   Thumb Code     0  init.o(.text)
    BusFault_Handler                         0x08000931   Thumb Code     2  stm32f10x_it.o(.text.BusFault_Handler)
    DebugMon_Handler                         0x08000935   Thumb Code     2  stm32f10x_it.o(.text.DebugMon_Handler)
    Delay_us                                 0x08000939   Thumb Code    36  delay.o(.text.Delay_us)
    EXTI0_IRQHandler                         0x0800095d   Thumb Code    36  main.o(.text.EXTI0_IRQHandler)
    EXTI_ClearITPendingBit                   0x08000981   Thumb Code    12  stm32f10x_exti.o(.text.EXTI_ClearITPendingBit)
    EXTI_GetITStatus                         0x0800098d   Thumb Code    30  stm32f10x_exti.o(.text.EXTI_GetITStatus)
    EXTI_Init                                0x080009ad   Thumb Code   104  stm32f10x_exti.o(.text.EXTI_Init)
    GPIO_EXTILineConfig                      0x08000a15   Thumb Code    54  stm32f10x_gpio.o(.text.GPIO_EXTILineConfig)
    GPIO_Init                                0x08000a4d   Thumb Code   188  stm32f10x_gpio.o(.text.GPIO_Init)
    HardFault_Handler                        0x08000b09   Thumb Code     2  stm32f10x_it.o(.text.HardFault_Handler)
    I2C_AcknowledgeConfig                    0x08000b0d   Thumb Code    20  stm32f10x_i2c.o(.text.I2C_AcknowledgeConfig)
    I2C_CheckEvent                           0x08000b21   Thumb Code    22  stm32f10x_i2c.o(.text.I2C_CheckEvent)
    I2C_Cmd                                  0x08000b39   Thumb Code    18  stm32f10x_i2c.o(.text.I2C_Cmd)
    I2C_DeInit                               0x08000b4d   Thumb Code    42  stm32f10x_i2c.o(.text.I2C_DeInit)
    I2C_GenerateSTART                        0x08000b79   Thumb Code    20  stm32f10x_i2c.o(.text.I2C_GenerateSTART)
    I2C_GenerateSTOP                         0x08000b8d   Thumb Code    20  stm32f10x_i2c.o(.text.I2C_GenerateSTOP)
    I2C_Init                                 0x08000ba1   Thumb Code   202  stm32f10x_i2c.o(.text.I2C_Init)
    I2C_ReceiveData                          0x08000c6d   Thumb Code     6  stm32f10x_i2c.o(.text.I2C_ReceiveData)
    I2C_Send7bitAddress                      0x08000c75   Thumb Code    16  stm32f10x_i2c.o(.text.I2C_Send7bitAddress)
    I2C_SendData                             0x08000c85   Thumb Code     4  stm32f10x_i2c.o(.text.I2C_SendData)
    IR_Capture_Init                          0x08000c89   Thumb Code   138  ir_capture.o(.text.IR_Capture_Init)
    IR_Send_Raw                              0x08000d15   Thumb Code    66  hongwai.o(.text.IR_Send_Raw)
    Key_Init                                 0x08000d59   Thumb Code   100  key.o(.text.Key_Init)
    MPU6050_GetData                          0x08000dbd   Thumb Code   146  mpu6050.o(.text.MPU6050_GetData)
    MPU6050_GetDataArray                     0x08000e51   Thumb Code    56  mpu6050.o(.text.MPU6050_GetDataArray)
    MPU6050_Init                             0x08000e89   Thumb Code   150  mpu6050.o(.text.MPU6050_Init)
    MPU6050_ReadReg                          0x08000f21   Thumb Code   264  mpu6050.o(.text.MPU6050_ReadReg)
    MPU6050_WriteReg                         0x08001029   Thumb Code   180  mpu6050.o(.text.MPU6050_WriteReg)
    MemManage_Handler                        0x080010dd   Thumb Code     2  stm32f10x_it.o(.text.MemManage_Handler)
    NMI_Handler                              0x080010e1   Thumb Code     2  stm32f10x_it.o(.text.NMI_Handler)
    NVIC_Init                                0x080010e5   Thumb Code    94  misc.o(.text.NVIC_Init)
    NVIC_PriorityGroupConfig                 0x08001145   Thumb Code    20  misc.o(.text.NVIC_PriorityGroupConfig)
    PWM_Init                                 0x08001159   Thumb Code   116  hongwai.o(.text.PWM_Init)
    PendSV_Handler                           0x080011cd   Thumb Code     2  stm32f10x_it.o(.text.PendSV_Handler)
    RCC_APB1PeriphClockCmd                   0x080011d1   Thumb Code    24  stm32f10x_rcc.o(.text.RCC_APB1PeriphClockCmd)
    RCC_APB1PeriphResetCmd                   0x080011e9   Thumb Code    24  stm32f10x_rcc.o(.text.RCC_APB1PeriphResetCmd)
    RCC_APB2PeriphClockCmd                   0x08001201   Thumb Code    24  stm32f10x_rcc.o(.text.RCC_APB2PeriphClockCmd)
    RCC_APB2PeriphResetCmd                   0x08001219   Thumb Code    24  stm32f10x_rcc.o(.text.RCC_APB2PeriphResetCmd)
    RCC_GetClocksFreq                        0x08001231   Thumb Code   140  stm32f10x_rcc.o(.text.RCC_GetClocksFreq)
    SVC_Handler                              0x080012bd   Thumb Code     2  stm32f10x_it.o(.text.SVC_Handler)
    SYS_INIT                                 0x080012c1   Thumb Code   272  main.o(.text.SYS_INIT)
    Serial_Init                              0x080013d1   Thumb Code    90  serial.o(.text.Serial_Init)
    Serial_Printf                            0x0800142d   Thumb Code    84  serial.o(.text.Serial_Printf)
    SysTick_Handler                          0x08001481   Thumb Code     2  stm32f10x_it.o(.text.SysTick_Handler)
    SystemInit                               0x08001485   Thumb Code   268  system_stm32f10x.o(.text.SystemInit)
    TIM3_IRQHandler                          0x08001591   Thumb Code   250  main.o(.text.TIM3_IRQHandler)
    TIM_ClearITPendingBit                    0x0800168d   Thumb Code     6  stm32f10x_tim.o(.text.TIM_ClearITPendingBit)
    TIM_Cmd                                  0x08001695   Thumb Code    18  stm32f10x_tim.o(.text.TIM_Cmd)
    TIM_DeInit                               0x080016a9   Thumb Code   560  stm32f10x_tim.o(.text.TIM_DeInit)
    TIM_GetCapture2                          0x080018d9   Thumb Code     4  stm32f10x_tim.o(.text.TIM_GetCapture2)
    TIM_GetITStatus                          0x080018dd   Thumb Code    24  stm32f10x_tim.o(.text.TIM_GetITStatus)
    TIM_ICInit                               0x080018f5   Thumb Code   608  stm32f10x_tim.o(.text.TIM_ICInit)
    TIM_ITConfig                             0x08001b55   Thumb Code    16  stm32f10x_tim.o(.text.TIM_ITConfig)
    TIM_OC1Init                              0x08001b65   Thumb Code   112  stm32f10x_tim.o(.text.TIM_OC1Init)
    TIM_OC2PolarityConfig                    0x08001bd5   Thumb Code    14  stm32f10x_tim.o(.text.TIM_OC2PolarityConfig)
    TIM_OCStructInit                         0x08001be5   Thumb Code    12  stm32f10x_tim.o(.text.TIM_OCStructInit)
    TIM_SetCompare1                          0x08001bf1   Thumb Code     4  stm32f10x_tim.o(.text.TIM_SetCompare1)
    TIM_TimeBaseInit                         0x08001bf5   Thumb Code   170  stm32f10x_tim.o(.text.TIM_TimeBaseInit)
    USART_Cmd                                0x08001ca1   Thumb Code    20  stm32f10x_usart.o(.text.USART_Cmd)
    USART_GetFlagStatus                      0x08001cb5   Thumb Code    10  stm32f10x_usart.o(.text.USART_GetFlagStatus)
    USART_Init                               0x08001cc1   Thumb Code   182  stm32f10x_usart.o(.text.USART_Init)
    USART_SendData                           0x08001d79   Thumb Code     8  stm32f10x_usart.o(.text.USART_SendData)
    UsageFault_Handler                       0x08001d81   Thumb Code     2  stm32f10x_it.o(.text.UsageFault_Handler)
    act_get_dec_bit                          0x08001d85   Thumb Code    14  nnom_activation.o(.text.act_get_dec_bit)
    act_leaky_relu                           0x08001d95   Thumb Code    54  nnom_activation.o(.text.act_leaky_relu)
    check_model_version                      0x08001dcd   Thumb Code    92  nnom.o(.text.check_model_version)
    compile_layers                           0x08001e85   Thumb Code  1632  nnom.o(.text.compile_layers)
    conv2d_build                             0x08002575   Thumb Code   260  nnom_conv2d.o(.text.conv2d_build)
    conv2d_free                              0x08002679   Thumb Code    34  nnom_conv2d.o(.text.conv2d_free)
    conv2d_run                               0x0800269d   Thumb Code   256  nnom_conv2d.o(.text.conv2d_run)
    conv2d_s                                 0x0800279d   Thumb Code   344  nnom_conv2d.o(.text.conv2d_s)
    default_build                            0x080028f5   Thumb Code    70  nnom_baselayer.o(.text.default_build)
    delete_tensor                            0x0800293d   Thumb Code    10  nnom_tensor.o(.text.delete_tensor)
    dense_build                              0x08002949   Thumb Code   206  nnom_dense.o(.text.dense_build)
    dense_free                               0x08002a19   Thumb Code    34  nnom_dense.o(.text.dense_free)
    dense_run                                0x08002a3d   Thumb Code    90  nnom_dense.o(.text.dense_run)
    dense_s                                  0x08002a99   Thumb Code   130  nnom_dense.o(.text.dense_s)
    dilation                                 0x08002b1d   Thumb Code    10  nnom_layers.o(.text.dilation)
    flatten_build                            0x08002b29   Thumb Code    84  nnom_flatten.o(.text.flatten_build)
    flatten_run                              0x08002b7d   Thumb Code     4  nnom_flatten.o(.text.flatten_run)
    flatten_s                                0x08002b81   Thumb Code    92  nnom_flatten.o(.text.flatten_s)
    fputc                                    0x08002bdd   Thumb Code    36  serial.o(.text.fputc)
    input_build                              0x08002c01   Thumb Code    40  nnom_input.o(.text.input_build)
    input_run                                0x08002c29   Thumb Code    30  nnom_input.o(.text.input_run)
    input_s                                  0x08002c49   Thumb Code   222  nnom_input.o(.text.input_s)
    io_init                                  0x08002d29   Thumb Code     8  nnom_layers.o(.text.io_init)
    kernel                                   0x08002d31   Thumb Code    10  nnom_layers.o(.text.kernel)
    local_convolve_HWC_q15_nonsquare         0x08002d69   Thumb Code   578  nnom_local_q15.o(.text.local_convolve_HWC_q15_nonsquare)
    local_convolve_HWC_q7_nonsquare          0x08002fad   Thumb Code   556  nnom_local.o(.text.local_convolve_HWC_q7_nonsquare)
    local_fully_connected_q7_opt             0x080031d9   Thumb Code   568  nnom_local.o(.text.local_fully_connected_q7_opt)
    local_leaky_relu_q15                     0x08003411   Thumb Code    38  nnom_local_q15.o(.text.local_leaky_relu_q15)
    local_leaky_relu_q7                      0x08003439   Thumb Code    38  nnom_local.o(.text.local_leaky_relu_q7)
    local_softmax_q7                         0x08003461   Thumb Code   146  nnom_local.o(.text.local_softmax_q7)
    main                                     0x080034f5   Thumb Code   324  main.o(.text.main)
    model_compile                            0x080036c5   Thumb Code   564  nnom.o(.text.model_compile)
    model_feed_data                          0x0800396d   Thumb Code   210  main.o(.text.model_feed_data)
    model_run                                0x08003bc9   Thumb Code     6  nnom.o(.text.model_run)
    model_run_to                             0x08003bd1   Thumb Code   156  nnom.o(.text.model_run_to)
    new_model                                0x08003cd1   Thumb Code   176  nnom.o(.text.new_model)
    new_tensor                               0x08003d81   Thumb Code   116  nnom_tensor.o(.text.new_tensor)
    nnom_alignto                             0x08003e19   Thumb Code    18  nnom.o(.text.nnom_alignto)
    nnom_free                                0x08003e2d   Thumb Code     2  nnom.o(.text.nnom_free)
    nnom_mem                                 0x08003e31   Thumb Code   128  nnom.o(.text.nnom_mem)
    nnom_set_static_buf                      0x08003eb1   Thumb Code    34  nnom.o(.text.nnom_set_static_buf)
    output_run                               0x08003ed5   Thumb Code    32  nnom_output.o(.text.output_run)
    output_s                                 0x08003ef5   Thumb Code    56  nnom_output.o(.text.output_s)
    shape                                    0x08003f2d   Thumb Code     8  nnom_layers.o(.text.shape)
    softmax_build                            0x08003f35   Thumb Code    54  nnom_softmax.o(.text.softmax_build)
    softmax_run                              0x08003f6d   Thumb Code    36  nnom_softmax.o(.text.softmax_run)
    softmax_s                                0x08003f91   Thumb Code    88  nnom_softmax.o(.text.softmax_s)
    stride                                   0x08003fe9   Thumb Code    10  nnom_layers.o(.text.stride)
    tensor_cpy_attr                          0x08003ff5   Thumb Code    98  nnom_tensor.o(.text.tensor_cpy_attr)
    tensor_get_num_channel                   0x08004059   Thumb Code    14  nnom_tensor.o(.text.tensor_get_num_channel)
    tensor_set_attr                          0x08004069   Thumb Code    80  nnom_tensor.o(.text.tensor_set_attr)
    tensor_set_attr_v                        0x080040b9   Thumb Code    42  nnom_tensor.o(.text.tensor_set_attr_v)
    tensor_size                              0x080040e5   Thumb Code    40  nnom_tensor.o(.text.tensor_size)
    __0printf                                0x0800410d   Thumb Code    22  printfa.o(i.__0printf)
    __1printf                                0x0800410d   Thumb Code     0  printfa.o(i.__0printf)
    __2printf                                0x0800410d   Thumb Code     0  printfa.o(i.__0printf)
    __c89printf                              0x0800410d   Thumb Code     0  printfa.o(i.__0printf)
    printf                                   0x0800410d   Thumb Code     0  printfa.o(i.__0printf)
    __0vsprintf                              0x0800412d   Thumb Code    30  printfa.o(i.__0vsprintf)
    __1vsprintf                              0x0800412d   Thumb Code     0  printfa.o(i.__0vsprintf)
    __2vsprintf                              0x0800412d   Thumb Code     0  printfa.o(i.__0vsprintf)
    __c89vsprintf                            0x0800412d   Thumb Code     0  printfa.o(i.__0vsprintf)
    vsprintf                                 0x0800412d   Thumb Code     0  printfa.o(i.__0vsprintf)
    __scatterload_copy                       0x08004151   Thumb Code    14  handlers.o(i.__scatterload_copy)
    __scatterload_null                       0x0800415f   Thumb Code     2  handlers.o(i.__scatterload_null)
    __scatterload_zeroinit                   0x08004161   Thumb Code    14  handlers.o(i.__scatterload_zeroinit)
    putchar                                  0x08004a2d   Thumb Code     6  putchar.o(i.putchar)
    puts                                     0x08004a39   Thumb Code    30  puts.o(i.puts)
    round                                    0x08004a5d   Thumb Code   136  round.o(i.round)
    conv1d_1_bias_shift                      0x08004b04   Data           4  main.o(.rodata.conv1d_1_bias_shift)
    conv1d_1_config                          0x08004b08   Data          40  main.o(.rodata.conv1d_1_config)
    conv1d_1_output_shift                    0x08004b30   Data           4  main.o(.rodata.conv1d_1_output_shift)
    conv1d_bias_shift                        0x08004b34   Data           4  main.o(.rodata.conv1d_bias_shift)
    conv1d_config                            0x08004b38   Data          40  main.o(.rodata.conv1d_config)
    conv1d_output_shift                      0x08004b60   Data           4  main.o(.rodata.conv1d_output_shift)
    default_activation_names                 0x08004b64   Data          64  nnom.o(.rodata.default_activation_names)
    default_cell_names                       0x08004ba4   Data          32  nnom.o(.rodata.default_cell_names)
    default_layer_names                      0x08004bc4   Data         396  nnom.o(.rodata.default_layer_names)
    dense_bias_shift                         0x08004d50   Data           4  main.o(.rodata.dense_bias_shift)
    dense_config                             0x08004d54   Data          24  main.o(.rodata.dense_config)
    dense_output_shift                       0x08004d6c   Data           4  main.o(.rodata.dense_output_shift)
    flatten_config                           0x08004d70   Data           4  main.o(.rodata.flatten_config)
    input_1_config                           0x08004d74   Data           8  main.o(.rodata.input_1_config)
    output0_config                           0x08004d7c   Data           8  main.o(.rodata.output0_config)
    softmax_config                           0x08004d84   Data           4  main.o(.rodata.softmax_config)
    tensor_conv1d_1_bias_0                   0x0800514c   Data          20  main.o(.rodata.tensor_conv1d_1_bias_0)
    tensor_conv1d_1_bias_0_data              0x08005160   Data          15  main.o(.rodata.tensor_conv1d_1_bias_0_data)
    tensor_conv1d_1_bias_0_dec               0x08005170   Data           4  main.o(.rodata.tensor_conv1d_1_bias_0_dec)
    tensor_conv1d_1_bias_0_dim               0x08005174   Data           2  main.o(.rodata.tensor_conv1d_1_bias_0_dim)
    tensor_conv1d_1_bias_0_offset            0x08005178   Data           4  main.o(.rodata.tensor_conv1d_1_bias_0_offset)
    tensor_conv1d_1_kernel_0                 0x0800517c   Data          20  main.o(.rodata.tensor_conv1d_1_kernel_0)
    tensor_conv1d_1_kernel_0_data            0x08005190   Data        1350  main.o(.rodata.tensor_conv1d_1_kernel_0_data)
    tensor_conv1d_1_kernel_0_dec             0x080056d8   Data           4  main.o(.rodata.tensor_conv1d_1_kernel_0_dec)
    tensor_conv1d_1_kernel_0_dim             0x080056dc   Data           6  main.o(.rodata.tensor_conv1d_1_kernel_0_dim)
    tensor_conv1d_1_kernel_0_offset          0x080056e4   Data           4  main.o(.rodata.tensor_conv1d_1_kernel_0_offset)
    tensor_conv1d_bias_0                     0x080056e8   Data          20  main.o(.rodata.tensor_conv1d_bias_0)
    tensor_conv1d_bias_0_data                0x080056fc   Data          30  main.o(.rodata.tensor_conv1d_bias_0_data)
    tensor_conv1d_bias_0_dec                 0x0800571c   Data           4  main.o(.rodata.tensor_conv1d_bias_0_dec)
    tensor_conv1d_bias_0_dim                 0x08005720   Data           2  main.o(.rodata.tensor_conv1d_bias_0_dim)
    tensor_conv1d_bias_0_offset              0x08005724   Data           4  main.o(.rodata.tensor_conv1d_bias_0_offset)
    tensor_conv1d_kernel_0                   0x08005728   Data          20  main.o(.rodata.tensor_conv1d_kernel_0)
    tensor_conv1d_kernel_0_data              0x0800573c   Data         270  main.o(.rodata.tensor_conv1d_kernel_0_data)
    tensor_conv1d_kernel_0_dec               0x0800584c   Data           4  main.o(.rodata.tensor_conv1d_kernel_0_dec)
    tensor_conv1d_kernel_0_dim               0x08005850   Data           6  main.o(.rodata.tensor_conv1d_kernel_0_dim)
    tensor_conv1d_kernel_0_offset            0x08005858   Data           4  main.o(.rodata.tensor_conv1d_kernel_0_offset)
    tensor_dense_bias_0                      0x0800585c   Data          20  main.o(.rodata.tensor_dense_bias_0)
    tensor_dense_bias_0_data                 0x08005870   Data          13  main.o(.rodata.tensor_dense_bias_0_data)
    tensor_dense_bias_0_dec                  0x08005880   Data           4  main.o(.rodata.tensor_dense_bias_0_dec)
    tensor_dense_bias_0_dim                  0x08005884   Data           2  main.o(.rodata.tensor_dense_bias_0_dim)
    tensor_dense_bias_0_offset               0x08005888   Data           4  main.o(.rodata.tensor_dense_bias_0_offset)
    tensor_dense_kernel_0                    0x0800588c   Data          20  main.o(.rodata.tensor_dense_kernel_0)
    tensor_dense_kernel_0_data               0x080058a0   Data        3315  main.o(.rodata.tensor_dense_kernel_0_data)
    tensor_dense_kernel_0_dec                0x08006594   Data           4  main.o(.rodata.tensor_dense_kernel_0_dec)
    tensor_dense_kernel_0_dim                0x08006598   Data           4  main.o(.rodata.tensor_dense_kernel_0_dim)
    tensor_dense_kernel_0_offset             0x0800659c   Data           4  main.o(.rodata.tensor_dense_kernel_0_offset)
    tensor_input_1                           0x080065a0   Data          20  main.o(.rodata.tensor_input_1)
    tensor_input_1_dec                       0x080065b4   Data           4  main.o(.rodata.tensor_input_1_dec)
    tensor_input_1_dim                       0x080065b8   Data           4  main.o(.rodata.tensor_input_1_dim)
    tensor_input_1_offset                    0x080065bc   Data           4  main.o(.rodata.tensor_input_1_offset)
    tensor_output0                           0x080065c0   Data          20  main.o(.rodata.tensor_output0)
    tensor_output0_dec                       0x080065d4   Data           4  main.o(.rodata.tensor_output0_dec)
    tensor_output0_dim                       0x080065d8   Data           2  main.o(.rodata.tensor_output0_dim)
    tensor_output0_offset                    0x080065dc   Data           4  main.o(.rodata.tensor_output0_offset)
    Region$$Table$$Base                      0x080065e0   Number         0  anon$$obj.o(Region$$Table)
    Region$$Table$$Limit                     0x08006600   Number         0  anon$$obj.o(Region$$Table)
    __stdout                                 0x20000000   Data           4  stdout.o(.data)
    model_output                             0x20000004   Data           1  main.o(.data.model_output)
    IR_DataLen                               0x20000008   Data           2  main.o(.bss.IR_DataLen)
    IR_Learn_Finish                          0x2000000a   Data           1  main.o(.bss.IR_Learn_Finish)
    IR_RawData                               0x2000000c   Data         600  main.o(.bss.IR_RawData)
    System_Mode                              0x20000264   Data           1  main.o(.bss.System_Mode)
    Timer_Overflow_Cnt                       0x2000026c   Data           2  main.o(.bss.Timer_Overflow_Cnt)
    model                                    0x20000270   Data           4  main.o(.bss.model)
    mpu                                      0x20000274   Data        1800  main.o(.bss.mpu)
    mpustatus                                0x2000097c   Data           4  main.o(.bss.mpustatus)
    nnom_memory_taken                        0x20000b44   Data           4  nnom.o(.bss.nnom_memory_taken)
    static_buf                               0x20000bec   Data        8192  main.o(.bss.static_buf)
    __initial_sp                             0x20002ff0   Data           0  startup_stm32f10x_md.o(STACK)



==============================================================================

Memory Map of the image

  Image Entry point : 0x080000ed

  Load Region LR_IROM1 (Base: 0x08000000, Size: 0x00006608, Max: 0x00010000, ABSOLUTE)

    Execution Region ER_IROM1 (Exec base: 0x08000000, Load base: 0x08000000, Size: 0x00006600, Max: 0x00010000, ABSOLUTE)

    Exec Addr    Load Addr    Size         Type   Attr      Idx    E Section Name        Object

    0x08000000   0x08000000   0x000000ec   Data   RO            3    RESET               startup_stm32f10x_md.o
    0x080000ec   0x080000ec   0x00000000   Code   RO         2218  * .ARM.Collect$$$$00000000  mc_w.l(entry.o)
    0x080000ec   0x080000ec   0x00000004   Code   RO         2532    .ARM.Collect$$$$00000001  mc_w.l(entry2.o)
    0x080000f0   0x080000f0   0x00000004   Code   RO         2535    .ARM.Collect$$$$00000004  mc_w.l(entry5.o)
    0x080000f4   0x080000f4   0x00000000   Code   RO         2537    .ARM.Collect$$$$00000008  mc_w.l(entry7b.o)
    0x080000f4   0x080000f4   0x00000000   Code   RO         2539    .ARM.Collect$$$$0000000A  mc_w.l(entry8b.o)
    0x080000f4   0x080000f4   0x00000008   Code   RO         2540    .ARM.Collect$$$$0000000B  mc_w.l(entry9a.o)
    0x080000fc   0x080000fc   0x00000000   Code   RO         2542    .ARM.Collect$$$$0000000D  mc_w.l(entry10a.o)
    0x080000fc   0x080000fc   0x00000000   Code   RO         2544    .ARM.Collect$$$$0000000F  mc_w.l(entry11a.o)
    0x080000fc   0x080000fc   0x00000004   Code   RO         2533    .ARM.Collect$$$$00002712  mc_w.l(entry2.o)
    0x08000100   0x08000100   0x00000024   Code   RO            4    .text               startup_stm32f10x_md.o
    0x08000124   0x08000124   0x00000062   Code   RO         2227    .text               mc_w.l(uldiv.o)
    0x08000186   0x08000186   0x00000024   Code   RO         2231    .text               mc_w.l(memcpya.o)
    0x080001aa   0x080001aa   0x00000024   Code   RO         2233    .text               mc_w.l(memseta.o)
    0x080001ce   0x080001ce   0x00000064   Code   RO         2500    .text               mf_w.l(fmul.o)
    0x08000232   0x08000232   0x0000014e   Code   RO         2504    .text               mf_w.l(dadd.o)
    0x08000380   0x08000380   0x000000e4   Code   RO         2506    .text               mf_w.l(dmul.o)
    0x08000464   0x08000464   0x00000022   Code   RO         2518    .text               mf_w.l(dflti.o)
    0x08000486   0x08000486   0x00000032   Code   RO         2520    .text               mf_w.l(ffixi.o)
    0x080004b8   0x080004b8   0x0000003e   Code   RO         2524    .text               mf_w.l(dfixi.o)
    0x080004f6   0x080004f6   0x00000026   Code   RO         2528    .text               mf_w.l(f2d.o)
    0x0800051c   0x0800051c   0x00000038   Code   RO         2530    .text               mf_w.l(d2f.o)
    0x08000554   0x08000554   0x0000002c   Code   RO         2556    .text               mc_w.l(uidiv.o)
    0x08000580   0x08000580   0x0000001e   Code   RO         2558    .text               mc_w.l(llshl.o)
    0x0800059e   0x0800059e   0x00000020   Code   RO         2560    .text               mc_w.l(llushr.o)
    0x080005be   0x080005be   0x00000024   Code   RO         2562    .text               mc_w.l(llsshr.o)
    0x080005e2   0x080005e2   0x00000000   Code   RO         2564    .text               mc_w.l(iusefp.o)
    0x080005e2   0x080005e2   0x0000006e   Code   RO         2565    .text               mf_w.l(fepilogue.o)
    0x08000650   0x08000650   0x000000ba   Code   RO         2567    .text               mf_w.l(depilogue.o)
    0x0800070a   0x0800070a   0x000000de   Code   RO         2569    .text               mf_w.l(ddiv.o)
    0x080007e8   0x080007e8   0x00000088   Code   RO         2571    .text               mf_w.l(drnd.o)
    0x08000870   0x08000870   0x00000030   Code   RO         2573    .text               mf_w.l(dfixul.o)
    0x080008a0   0x080008a0   0x00000030   Code   RO         2575    .text               mf_w.l(cdcmple.o)
    0x080008d0   0x080008d0   0x00000030   Code   RO         2577    .text               mf_w.l(cdrcmple.o)
    0x08000900   0x08000900   0x00000030   Code   RO         2579    .text               mc_w.l(init.o)
    0x08000930   0x08000930   0x00000002   Code   RO         1411    .text.BusFault_Handler  stm32f10x_it.o
    0x08000932   0x08000932   0x00000002   PAD
    0x08000934   0x08000934   0x00000002   Code   RO         1417    .text.DebugMon_Handler  stm32f10x_it.o
    0x08000936   0x08000936   0x00000002   PAD
    0x08000938   0x08000938   0x00000024   Code   RO         1146    .text.Delay_us      delay.o
    0x0800095c   0x0800095c   0x00000024   Code   RO         1318    .text.EXTI0_IRQHandler  main.o
    0x08000980   0x08000980   0x0000000c   Code   RO          357    .text.EXTI_ClearITPendingBit  stm32f10x_exti.o
    0x0800098c   0x0800098c   0x0000001e   Code   RO          355    .text.EXTI_GetITStatus  stm32f10x_exti.o
    0x080009aa   0x080009aa   0x00000002   PAD
    0x080009ac   0x080009ac   0x00000068   Code   RO          345    .text.EXTI_Init     stm32f10x_exti.o
    0x08000a14   0x08000a14   0x00000036   Code   RO          509    .text.GPIO_EXTILineConfig  stm32f10x_gpio.o
    0x08000a4a   0x08000a4a   0x00000002   PAD
    0x08000a4c   0x08000a4c   0x000000bc   Code   RO          481    .text.GPIO_Init     stm32f10x_gpio.o
    0x08000b08   0x08000b08   0x00000002   Code   RO         1407    .text.HardFault_Handler  stm32f10x_it.o
    0x08000b0a   0x08000b0a   0x00000002   PAD
    0x08000b0c   0x08000b0c   0x00000014   Code   RO          538    .text.I2C_AcknowledgeConfig  stm32f10x_i2c.o
    0x08000b20   0x08000b20   0x00000016   Code   RO          576    .text.I2C_CheckEvent  stm32f10x_i2c.o
    0x08000b36   0x08000b36   0x00000002   PAD
    0x08000b38   0x08000b38   0x00000012   Code   RO          528    .text.I2C_Cmd       stm32f10x_i2c.o
    0x08000b4a   0x08000b4a   0x00000002   PAD
    0x08000b4c   0x08000b4c   0x0000002a   Code   RO          522    .text.I2C_DeInit    stm32f10x_i2c.o
    0x08000b76   0x08000b76   0x00000002   PAD
    0x08000b78   0x08000b78   0x00000014   Code   RO          534    .text.I2C_GenerateSTART  stm32f10x_i2c.o
    0x08000b8c   0x08000b8c   0x00000014   Code   RO          536    .text.I2C_GenerateSTOP  stm32f10x_i2c.o
    0x08000ba0   0x08000ba0   0x000000ca   Code   RO          524    .text.I2C_Init      stm32f10x_i2c.o
    0x08000c6a   0x08000c6a   0x00000002   PAD
    0x08000c6c   0x08000c6c   0x00000006   Code   RO          550    .text.I2C_ReceiveData  stm32f10x_i2c.o
    0x08000c72   0x08000c72   0x00000002   PAD
    0x08000c74   0x08000c74   0x00000010   Code   RO          552    .text.I2C_Send7bitAddress  stm32f10x_i2c.o
    0x08000c84   0x08000c84   0x00000004   Code   RO          548    .text.I2C_SendData  stm32f10x_i2c.o
    0x08000c88   0x08000c88   0x0000008a   Code   RO         1282    .text.IR_Capture_Init  ir_capture.o
    0x08000d12   0x08000d12   0x00000002   PAD
    0x08000d14   0x08000d14   0x00000042   Code   RO         1296    .text.IR_Send_Raw   hongwai.o
    0x08000d56   0x08000d56   0x00000002   PAD
    0x08000d58   0x08000d58   0x00000064   Code   RO         1181    .text.Key_Init      key.o
    0x08000dbc   0x08000dbc   0x00000092   Code   RO         1268    .text.MPU6050_GetData  mpu6050.o
    0x08000e4e   0x08000e4e   0x00000002   PAD
    0x08000e50   0x08000e50   0x00000038   Code   RO         1270    .text.MPU6050_GetDataArray  mpu6050.o
    0x08000e88   0x08000e88   0x00000096   Code   RO         1264    .text.MPU6050_Init  mpu6050.o
    0x08000f1e   0x08000f1e   0x00000002   PAD
    0x08000f20   0x08000f20   0x00000108   Code   RO         1262    .text.MPU6050_ReadReg  mpu6050.o
    0x08001028   0x08001028   0x000000b4   Code   RO         1260    .text.MPU6050_WriteReg  mpu6050.o
    0x080010dc   0x080010dc   0x00000002   Code   RO         1409    .text.MemManage_Handler  stm32f10x_it.o
    0x080010de   0x080010de   0x00000002   PAD
    0x080010e0   0x080010e0   0x00000002   Code   RO         1405    .text.NMI_Handler   stm32f10x_it.o
    0x080010e2   0x080010e2   0x00000002   PAD
    0x080010e4   0x080010e4   0x0000005e   Code   RO           27    .text.NVIC_Init     misc.o
    0x08001142   0x08001142   0x00000002   PAD
    0x08001144   0x08001144   0x00000014   Code   RO           25    .text.NVIC_PriorityGroupConfig  misc.o
    0x08001158   0x08001158   0x00000074   Code   RO         1290    .text.PWM_Init      hongwai.o
    0x080011cc   0x080011cc   0x00000002   Code   RO         1419    .text.PendSV_Handler  stm32f10x_it.o
    0x080011ce   0x080011ce   0x00000002   PAD
    0x080011d0   0x080011d0   0x00000018   Code   RO          688    .text.RCC_APB1PeriphClockCmd  stm32f10x_rcc.o
    0x080011e8   0x080011e8   0x00000018   Code   RO          692    .text.RCC_APB1PeriphResetCmd  stm32f10x_rcc.o
    0x08001200   0x08001200   0x00000018   Code   RO          686    .text.RCC_APB2PeriphClockCmd  stm32f10x_rcc.o
    0x08001218   0x08001218   0x00000018   Code   RO          690    .text.RCC_APB2PeriphResetCmd  stm32f10x_rcc.o
    0x08001230   0x08001230   0x0000008c   Code   RO          682    .text.RCC_GetClocksFreq  stm32f10x_rcc.o
    0x080012bc   0x080012bc   0x00000002   Code   RO         1415    .text.SVC_Handler   stm32f10x_it.o
    0x080012be   0x080012be   0x00000002   PAD
    0x080012c0   0x080012c0   0x00000110   Code   RO         1308    .text.SYS_INIT      main.o
    0x080013d0   0x080013d0   0x0000005a   Code   RO         1230    .text.Serial_Init   serial.o
    0x0800142a   0x0800142a   0x00000002   PAD
    0x0800142c   0x0800142c   0x00000054   Code   RO         1248    .text.Serial_Printf  serial.o
    0x08001480   0x08001480   0x00000002   Code   RO         1421    .text.SysTick_Handler  stm32f10x_it.o
    0x08001482   0x08001482   0x00000002   PAD
    0x08001484   0x08001484   0x0000010c   Code   RO           11    .text.SystemInit    system_stm32f10x.o
    0x08001590   0x08001590   0x000000fa   Code   RO         1320    .text.TIM3_IRQHandler  main.o
    0x0800168a   0x0800168a   0x00000002   PAD
    0x0800168c   0x0800168c   0x00000006   Code   RO         1046    .text.TIM_ClearITPendingBit  stm32f10x_tim.o
    0x08001692   0x08001692   0x00000002   PAD
    0x08001694   0x08001694   0x00000012   Code   RO          908    .text.TIM_Cmd       stm32f10x_tim.o
    0x080016a6   0x080016a6   0x00000002   PAD
    0x080016a8   0x080016a8   0x00000230   Code   RO          874    .text.TIM_DeInit    stm32f10x_tim.o
    0x080018d8   0x080018d8   0x00000004   Code   RO         1030    .text.TIM_GetCapture2  stm32f10x_tim.o
    0x080018dc   0x080018dc   0x00000018   Code   RO         1044    .text.TIM_GetITStatus  stm32f10x_tim.o
    0x080018f4   0x080018f4   0x00000260   Code   RO          886    .text.TIM_ICInit    stm32f10x_tim.o
    0x08001b54   0x08001b54   0x00000010   Code   RO          912    .text.TIM_ITConfig  stm32f10x_tim.o
    0x08001b64   0x08001b64   0x00000070   Code   RO          878    .text.TIM_OC1Init   stm32f10x_tim.o
    0x08001bd4   0x08001bd4   0x0000000e   Code   RO          984    .text.TIM_OC2PolarityConfig  stm32f10x_tim.o
    0x08001be2   0x08001be2   0x00000002   PAD
    0x08001be4   0x08001be4   0x0000000c   Code   RO          902    .text.TIM_OCStructInit  stm32f10x_tim.o
    0x08001bf0   0x08001bf0   0x00000004   Code   RO         1018    .text.TIM_SetCompare1  stm32f10x_tim.o
    0x08001bf4   0x08001bf4   0x000000aa   Code   RO          876    .text.TIM_TimeBaseInit  stm32f10x_tim.o
    0x08001c9e   0x08001c9e   0x00000002   PAD
    0x08001ca0   0x08001ca0   0x00000014   Code   RO         1066    .text.USART_Cmd     stm32f10x_usart.o
    0x08001cb4   0x08001cb4   0x0000000a   Code   RO         1106    .text.USART_GetFlagStatus  stm32f10x_usart.o
    0x08001cbe   0x08001cbe   0x00000002   PAD
    0x08001cc0   0x08001cc0   0x000000b6   Code   RO         1058    .text.USART_Init    stm32f10x_usart.o
    0x08001d76   0x08001d76   0x00000002   PAD
    0x08001d78   0x08001d78   0x00000008   Code   RO         1082    .text.USART_SendData  stm32f10x_usart.o
    0x08001d80   0x08001d80   0x00000002   Code   RO         1413    .text.UsageFault_Handler  stm32f10x_it.o
    0x08001d82   0x08001d82   0x00000002   PAD
    0x08001d84   0x08001d84   0x0000000e   Code   RO         1803    .text.act_get_dec_bit  nnom_activation.o
    0x08001d92   0x08001d92   0x00000002   PAD
    0x08001d94   0x08001d94   0x00000036   Code   RO         1767    .text.act_leaky_relu  nnom_activation.o
    0x08001dca   0x08001dca   0x00000002   PAD
    0x08001dcc   0x08001dcc   0x000000b8   Code   RO         1652    .text.check_model_version  nnom.o
    0x08001e84   0x08001e84   0x000006f0   Code   RO         1628    .text.compile_layers  nnom.o
    0x08002574   0x08002574   0x00000104   Code   RO         1865    .text.conv2d_build  nnom_conv2d.o
    0x08002678   0x08002678   0x00000022   Code   RO         1867    .text.conv2d_free   nnom_conv2d.o
    0x0800269a   0x0800269a   0x00000002   PAD
    0x0800269c   0x0800269c   0x00000100   Code   RO         1863    .text.conv2d_run    nnom_conv2d.o
    0x0800279c   0x0800279c   0x00000158   Code   RO         1861    .text.conv2d_s      nnom_conv2d.o
    0x080028f4   0x080028f4   0x00000046   Code   RO         1835    .text.default_build  nnom_baselayer.o
    0x0800293a   0x0800293a   0x00000002   PAD
    0x0800293c   0x0800293c   0x0000000a   Code   RO         1702    .text.delete_tensor  nnom_tensor.o
    0x08002946   0x08002946   0x00000002   PAD
    0x08002948   0x08002948   0x000000ce   Code   RO         1919    .text.dense_build   nnom_dense.o
    0x08002a16   0x08002a16   0x00000002   PAD
    0x08002a18   0x08002a18   0x00000022   Code   RO         1921    .text.dense_free    nnom_dense.o
    0x08002a3a   0x08002a3a   0x00000002   PAD
    0x08002a3c   0x08002a3c   0x0000005a   Code   RO         1917    .text.dense_run     nnom_dense.o
    0x08002a96   0x08002a96   0x00000002   PAD
    0x08002a98   0x08002a98   0x00000082   Code   RO         1915    .text.dense_s       nnom_dense.o
    0x08002b1a   0x08002b1a   0x00000002   PAD
    0x08002b1c   0x08002b1c   0x0000000a   Code   RO         1678    .text.dilation      nnom_layers.o
    0x08002b26   0x08002b26   0x00000002   PAD
    0x08002b28   0x08002b28   0x00000054   Code   RO         1955    .text.flatten_build  nnom_flatten.o
    0x08002b7c   0x08002b7c   0x00000004   Code   RO         1953    .text.flatten_run   nnom_flatten.o
    0x08002b80   0x08002b80   0x0000005c   Code   RO         1949    .text.flatten_s     nnom_flatten.o
    0x08002bdc   0x08002bdc   0x00000024   Code   RO         1246    .text.fputc         serial.o
    0x08002c00   0x08002c00   0x00000028   Code   RO         2007    .text.input_build   nnom_input.o
    0x08002c28   0x08002c28   0x0000001e   Code   RO         2005    .text.input_run     nnom_input.o
    0x08002c46   0x08002c46   0x00000002   PAD
    0x08002c48   0x08002c48   0x000000de   Code   RO         2003    .text.input_s       nnom_input.o
    0x08002d26   0x08002d26   0x00000002   PAD
    0x08002d28   0x08002d28   0x00000008   Code   RO         1682    .text.io_init       nnom_layers.o
    0x08002d30   0x08002d30   0x0000000a   Code   RO         1674    .text.kernel        nnom_layers.o
    0x08002d3a   0x08002d3a   0x00000002   PAD
    0x08002d3c   0x08002d3c   0x0000002c   Code   RO         1787    .text.leaky_relu_run  nnom_activation.o
    0x08002d68   0x08002d68   0x00000242   Code   RO         1532    .text.local_convolve_HWC_q15_nonsquare  nnom_local_q15.o
    0x08002faa   0x08002faa   0x00000002   PAD
    0x08002fac   0x08002fac   0x0000022c   Code   RO         1446    .text.local_convolve_HWC_q7_nonsquare  nnom_local.o
    0x080031d8   0x080031d8   0x00000238   Code   RO         1468    .text.local_fully_connected_q7_opt  nnom_local.o
    0x08003410   0x08003410   0x00000026   Code   RO         1566    .text.local_leaky_relu_q15  nnom_local_q15.o
    0x08003436   0x08003436   0x00000002   PAD
    0x08003438   0x08003438   0x00000026   Code   RO         1484    .text.local_leaky_relu_q7  nnom_local.o
    0x0800345e   0x0800345e   0x00000002   PAD
    0x08003460   0x08003460   0x00000092   Code   RO         1472    .text.local_softmax_q7  nnom_local.o
    0x080034f2   0x080034f2   0x00000002   PAD
    0x080034f4   0x080034f4   0x00000190   Code   RO         1306    .text.main          main.o
    0x08003684   0x08003684   0x00000008   Code   RO         1620    .text.model_active  nnom.o
    0x0800368c   0x0800368c   0x00000038   Code   RO         1612    .text.model_add     nnom.o
    0x080036c4   0x080036c4   0x000002a8   Code   RO         1638    .text.model_compile  nnom.o
    0x0800396c   0x0800396c   0x000000d2   Code   RO         1310    .text.model_feed_data  main.o
    0x08003a3e   0x08003a3e   0x00000002   PAD
    0x08003a40   0x08003a40   0x00000140   Code   RO         1614    .text.model_hook    nnom.o
    0x08003b80   0x08003b80   0x0000000a   Code   RO         1616    .text.model_merge   nnom.o
    0x08003b8a   0x08003b8a   0x00000002   PAD
    0x08003b8c   0x08003b8c   0x0000003a   Code   RO         1618    .text.model_mergex  nnom.o
    0x08003bc6   0x08003bc6   0x00000002   PAD
    0x08003bc8   0x08003bc8   0x00000006   Code   RO         1646    .text.model_run     nnom.o
    0x08003bce   0x08003bce   0x00000002   PAD
    0x08003bd0   0x08003bd0   0x00000100   Code   RO         1644    .text.model_run_to  nnom.o
    0x08003cd0   0x08003cd0   0x000000b0   Code   RO         1610    .text.new_model     nnom.o
    0x08003d80   0x08003d80   0x00000098   Code   RO         1700    .text.new_tensor    nnom_tensor.o
    0x08003e18   0x08003e18   0x00000012   Code   RO         1602    .text.nnom_alignto  nnom.o
    0x08003e2a   0x08003e2a   0x00000002   PAD
    0x08003e2c   0x08003e2c   0x00000002   Code   RO         1604    .text.nnom_free     nnom.o
    0x08003e2e   0x08003e2e   0x00000002   PAD
    0x08003e30   0x08003e30   0x00000080   Code   RO         1606    .text.nnom_mem      nnom.o
    0x08003eb0   0x08003eb0   0x00000022   Code   RO         1598    .text.nnom_set_static_buf  nnom.o
    0x08003ed2   0x08003ed2   0x00000002   PAD
    0x08003ed4   0x08003ed4   0x00000020   Code   RO         2095    .text.output_run    nnom_output.o
    0x08003ef4   0x08003ef4   0x00000038   Code   RO         2093    .text.output_s      nnom_output.o
    0x08003f2c   0x08003f2c   0x00000008   Code   RO         1672    .text.shape         nnom_layers.o
    0x08003f34   0x08003f34   0x00000036   Code   RO         2159    .text.softmax_build  nnom_softmax.o
    0x08003f6a   0x08003f6a   0x00000002   PAD
    0x08003f6c   0x08003f6c   0x00000024   Code   RO         2157    .text.softmax_run   nnom_softmax.o
    0x08003f90   0x08003f90   0x00000058   Code   RO         2153    .text.softmax_s     nnom_softmax.o
    0x08003fe8   0x08003fe8   0x0000000a   Code   RO         1676    .text.stride        nnom_layers.o
    0x08003ff2   0x08003ff2   0x00000002   PAD
    0x08003ff4   0x08003ff4   0x00000062   Code   RO         1708    .text.tensor_cpy_attr  nnom_tensor.o
    0x08004056   0x08004056   0x00000002   PAD
    0x08004058   0x08004058   0x0000000e   Code   RO         1698    .text.tensor_get_num_channel  nnom_tensor.o
    0x08004066   0x08004066   0x00000002   PAD
    0x08004068   0x08004068   0x00000050   Code   RO         1706    .text.tensor_set_attr  nnom_tensor.o
    0x080040b8   0x080040b8   0x0000002a   Code   RO         1704    .text.tensor_set_attr_v  nnom_tensor.o
    0x080040e2   0x080040e2   0x00000002   PAD
    0x080040e4   0x080040e4   0x00000028   Code   RO         1694    .text.tensor_size   nnom_tensor.o
    0x0800410c   0x0800410c   0x00000020   Code   RO         2470    i.__0printf         mc_w.l(printfa.o)
    0x0800412c   0x0800412c   0x00000024   Code   RO         2476    i.__0vsprintf       mc_w.l(printfa.o)
    0x08004150   0x08004150   0x0000000e   Code   RO         2583    i.__scatterload_copy  mc_w.l(handlers.o)
    0x0800415e   0x0800415e   0x00000002   Code   RO         2584    i.__scatterload_null  mc_w.l(handlers.o)
    0x08004160   0x08004160   0x0000000e   Code   RO         2585    i.__scatterload_zeroinit  mc_w.l(handlers.o)
    0x0800416e   0x0800416e   0x00000002   PAD
    0x08004170   0x08004170   0x00000184   Code   RO         2477    i._fp_digits        mc_w.l(printfa.o)
    0x080042f4   0x080042f4   0x000006dc   Code   RO         2478    i._printf_core      mc_w.l(printfa.o)
    0x080049d0   0x080049d0   0x00000024   Code   RO         2479    i._printf_post_padding  mc_w.l(printfa.o)
    0x080049f4   0x080049f4   0x0000002e   Code   RO         2480    i._printf_pre_padding  mc_w.l(printfa.o)
    0x08004a22   0x08004a22   0x0000000a   Code   RO         2482    i._sputc            mc_w.l(printfa.o)
    0x08004a2c   0x08004a2c   0x0000000c   Code   RO         2223    i.putchar           mc_w.l(putchar.o)
    0x08004a38   0x08004a38   0x00000024   Code   RO         2221    i.puts              mc_w.l(puts.o)
    0x08004a5c   0x08004a5c   0x00000094   Code   RO         2216    i.round             m_ws.l(round.o)
    0x08004af0   0x08004af0   0x00000004   Data   RO          707    .rodata.ADCPrescTable  stm32f10x_rcc.o
    0x08004af4   0x08004af4   0x00000010   Data   RO          706    .rodata.APBAHBPrescTable  stm32f10x_rcc.o
    0x08004b04   0x08004b04   0x00000004   Data   RO         1359    .rodata.conv1d_1_bias_shift  main.o
    0x08004b08   0x08004b08   0x00000028   Data   RO         1360    .rodata.conv1d_1_config  main.o
    0x08004b30   0x08004b30   0x00000004   Data   RO         1358    .rodata.conv1d_1_output_shift  main.o
    0x08004b34   0x08004b34   0x00000004   Data   RO         1346    .rodata.conv1d_bias_shift  main.o
    0x08004b38   0x08004b38   0x00000028   Data   RO         1347    .rodata.conv1d_config  main.o
    0x08004b60   0x08004b60   0x00000004   Data   RO         1345    .rodata.conv1d_output_shift  main.o
    0x08004b64   0x08004b64   0x00000040   Data   RO         1655    .rodata.default_activation_names  nnom.o
    0x08004ba4   0x08004ba4   0x00000020   Data   RO         1656    .rodata.default_cell_names  nnom.o
    0x08004bc4   0x08004bc4   0x0000018c   Data   RO         1654    .rodata.default_layer_names  nnom.o
    0x08004d50   0x08004d50   0x00000004   Data   RO         1373    .rodata.dense_bias_shift  main.o
    0x08004d54   0x08004d54   0x00000018   Data   RO         1374    .rodata.dense_config  main.o
    0x08004d6c   0x08004d6c   0x00000004   Data   RO         1372    .rodata.dense_output_shift  main.o
    0x08004d70   0x08004d70   0x00000004   Data   RO         1361    .rodata.flatten_config  main.o
    0x08004d74   0x08004d74   0x00000008   Data   RO         1334    .rodata.input_1_config  main.o
    0x08004d7c   0x08004d7c   0x00000008   Data   RO         1381    .rodata.output0_config  main.o
    0x08004d84   0x08004d84   0x00000004   Data   RO         1375    .rodata.softmax_config  main.o
    0x08004d88   0x08004d88   0x00000040   Data   RO         1333    .rodata.str1.1      main.o
    0x08004dc8   0x08004dc8   0x00000384   Data   RO         1661    .rodata.str1.1      nnom.o
    0x0800514c   0x0800514c   0x00000014   Data   RO         1357    .rodata.tensor_conv1d_1_bias_0  main.o
    0x08005160   0x08005160   0x0000000f   Data   RO         1353    .rodata.tensor_conv1d_1_bias_0_data  main.o
    0x0800516f   0x0800516f   0x00000001   PAD
    0x08005170   0x08005170   0x00000004   Data   RO         1355    .rodata.tensor_conv1d_1_bias_0_dec  main.o
    0x08005174   0x08005174   0x00000002   Data   RO         1354    .rodata.tensor_conv1d_1_bias_0_dim  main.o
    0x08005176   0x08005176   0x00000002   PAD
    0x08005178   0x08005178   0x00000004   Data   RO         1356    .rodata.tensor_conv1d_1_bias_0_offset  main.o
    0x0800517c   0x0800517c   0x00000014   Data   RO         1352    .rodata.tensor_conv1d_1_kernel_0  main.o
    0x08005190   0x08005190   0x00000546   Data   RO         1348    .rodata.tensor_conv1d_1_kernel_0_data  main.o
    0x080056d6   0x080056d6   0x00000002   PAD
    0x080056d8   0x080056d8   0x00000004   Data   RO         1350    .rodata.tensor_conv1d_1_kernel_0_dec  main.o
    0x080056dc   0x080056dc   0x00000006   Data   RO         1349    .rodata.tensor_conv1d_1_kernel_0_dim  main.o
    0x080056e2   0x080056e2   0x00000002   PAD
    0x080056e4   0x080056e4   0x00000004   Data   RO         1351    .rodata.tensor_conv1d_1_kernel_0_offset  main.o
    0x080056e8   0x080056e8   0x00000014   Data   RO         1344    .rodata.tensor_conv1d_bias_0  main.o
    0x080056fc   0x080056fc   0x0000001e   Data   RO         1340    .rodata.tensor_conv1d_bias_0_data  main.o
    0x0800571a   0x0800571a   0x00000002   PAD
    0x0800571c   0x0800571c   0x00000004   Data   RO         1342    .rodata.tensor_conv1d_bias_0_dec  main.o
    0x08005720   0x08005720   0x00000002   Data   RO         1341    .rodata.tensor_conv1d_bias_0_dim  main.o
    0x08005722   0x08005722   0x00000002   PAD
    0x08005724   0x08005724   0x00000004   Data   RO         1343    .rodata.tensor_conv1d_bias_0_offset  main.o
    0x08005728   0x08005728   0x00000014   Data   RO         1339    .rodata.tensor_conv1d_kernel_0  main.o
    0x0800573c   0x0800573c   0x0000010e   Data   RO         1335    .rodata.tensor_conv1d_kernel_0_data  main.o
    0x0800584a   0x0800584a   0x00000002   PAD
    0x0800584c   0x0800584c   0x00000004   Data   RO         1337    .rodata.tensor_conv1d_kernel_0_dec  main.o
    0x08005850   0x08005850   0x00000006   Data   RO         1336    .rodata.tensor_conv1d_kernel_0_dim  main.o
    0x08005856   0x08005856   0x00000002   PAD
    0x08005858   0x08005858   0x00000004   Data   RO         1338    .rodata.tensor_conv1d_kernel_0_offset  main.o
    0x0800585c   0x0800585c   0x00000014   Data   RO         1371    .rodata.tensor_dense_bias_0  main.o
    0x08005870   0x08005870   0x0000000d   Data   RO         1367    .rodata.tensor_dense_bias_0_data  main.o
    0x0800587d   0x0800587d   0x00000003   PAD
    0x08005880   0x08005880   0x00000004   Data   RO         1369    .rodata.tensor_dense_bias_0_dec  main.o
    0x08005884   0x08005884   0x00000002   Data   RO         1368    .rodata.tensor_dense_bias_0_dim  main.o
    0x08005886   0x08005886   0x00000002   PAD
    0x08005888   0x08005888   0x00000004   Data   RO         1370    .rodata.tensor_dense_bias_0_offset  main.o
    0x0800588c   0x0800588c   0x00000014   Data   RO         1366    .rodata.tensor_dense_kernel_0  main.o
    0x080058a0   0x080058a0   0x00000cf3   Data   RO         1362    .rodata.tensor_dense_kernel_0_data  main.o
    0x08006593   0x08006593   0x00000001   PAD
    0x08006594   0x08006594   0x00000004   Data   RO         1364    .rodata.tensor_dense_kernel_0_dec  main.o
    0x08006598   0x08006598   0x00000004   Data   RO         1363    .rodata.tensor_dense_kernel_0_dim  main.o
    0x0800659c   0x0800659c   0x00000004   Data   RO         1365    .rodata.tensor_dense_kernel_0_offset  main.o
    0x080065a0   0x080065a0   0x00000014   Data   RO         1332    .rodata.tensor_input_1  main.o
    0x080065b4   0x080065b4   0x00000004   Data   RO         1329    .rodata.tensor_input_1_dec  main.o
    0x080065b8   0x080065b8   0x00000004   Data   RO         1328    .rodata.tensor_input_1_dim  main.o
    0x080065bc   0x080065bc   0x00000004   Data   RO         1330    .rodata.tensor_input_1_offset  main.o
    0x080065c0   0x080065c0   0x00000014   Data   RO         1380    .rodata.tensor_output0  main.o
    0x080065d4   0x080065d4   0x00000004   Data   RO         1377    .rodata.tensor_output0_dec  main.o
    0x080065d8   0x080065d8   0x00000002   Data   RO         1376    .rodata.tensor_output0_dim  main.o
    0x080065da   0x080065da   0x00000002   PAD
    0x080065dc   0x080065dc   0x00000004   Data   RO         1378    .rodata.tensor_output0_offset  main.o
    0x080065e0   0x080065e0   0x00000020   Data   RO         2582    Region$$Table       anon$$obj.o


    Execution Region RW_IRAM1 (Exec base: 0x20000000, Load base: 0x08006600, Size: 0x00002ff0, Max: 0x00005000, ABSOLUTE)

    Exec Addr    Load Addr    Size         Type   Attr      Idx    E Section Name        Object

    0x20000000   0x08006600   0x00000004   Data   RW         2546    .data               mc_w.l(stdout.o)
    0x20000004   0x08006604   0x00000001   Data   RW         1382    .data.model_output  main.o
    0x20000005   0x08006605   0x00000003   PAD
    0x20000008        -       0x00000002   Zero   RW         1386    .bss.IR_DataLen     main.o
    0x2000000a        -       0x00000001   Zero   RW         1387    .bss.IR_Learn_Finish  main.o
    0x2000000b   0x08006605   0x00000001   PAD
    0x2000000c        -       0x00000258   Zero   RW         1394    .bss.IR_RawData     main.o
    0x20000264        -       0x00000001   Zero   RW         1383    .bss.System_Mode    main.o
    0x20000265   0x08006605   0x00000003   PAD
    0x20000268        -       0x00000004   Zero   RW         1393    .bss.TIM3_IRQHandler.LastTick  main.o
    0x2000026c        -       0x00000002   Zero   RW         1388    .bss.Timer_Overflow_Cnt  main.o
    0x2000026e   0x08006605   0x00000002   PAD
    0x20000270        -       0x00000004   Zero   RW         1391    .bss.model          main.o
    0x20000274        -       0x00000708   Zero   RW         1390    .bss.mpu            main.o
    0x2000097c        -       0x00000004   Zero   RW         1389    .bss.mpustatus      main.o
    0x20000980        -       0x000001c2   Zero   RW         1331    .bss.nnom_input_data  main.o
    0x20000b42   0x08006605   0x00000002   PAD
    0x20000b44        -       0x00000004   Zero   RW         1657    .bss.nnom_memory_taken  nnom.o
    0x20000b48        -       0x00000088   Zero   RW         1395    .bss.nnom_model_create.model  main.o
    0x20000bd0        -       0x0000000d   Zero   RW         1379    .bss.nnom_output_data  main.o
    0x20000bdd   0x08006605   0x00000003   PAD
    0x20000be0        -       0x00000004   Zero   RW         1658    .bss.nnom_static_buf  nnom.o
    0x20000be4        -       0x00000004   Zero   RW         1660    .bss.nnom_static_buf_curr  nnom.o
    0x20000be8        -       0x00000004   Zero   RW         1659    .bss.nnom_static_buf_size  nnom.o
    0x20000bec        -       0x00002000   Zero   RW         1392    .bss.static_buf     main.o
    0x20002bec   0x08006605   0x00000004   PAD
    0x20002bf0        -       0x00000400   Zero   RW            1    STACK               startup_stm32f10x_md.o


==============================================================================

Image component sizes


      Code (inc. data)   RO Data    RW Data    ZI Data      Debug   Object Name

        36          0          0          0          0       1462   delay.o
       182          0          0          0          0       3518   hongwai.o
       138          0          0          0          0       4101   ir_capture.o
       100          0          0          0          0       3142   key.o
      1168         76       5461          1      11209      12917   main.o
       114          0          0          0          0       3201   misc.o
       796          0          0          0          0       6060   mpu6050.o
      3712        452       1392          0         16      22947   nnom.o
       112          0          0          0          0      12663   nnom_activation.o
        70          0          0          0          0       4798   nnom_baselayer.o
       894          0          0          0          0       7945   nnom_conv2d.o
       460          0          0          0          0       6292   nnom_dense.o
       180          0          0          0          0       4667   nnom_flatten.o
       292          0          0          0          0       5086   nnom_input.o
        46          0          0          0          0       4873   nnom_layers.o
      1308          0          0          0          0      43881   nnom_local.o
       616          0          0          0          0      46331   nnom_local_q15.o
        88          0          0          0          0       4346   nnom_output.o
       178          0          0          0          0       4607   nnom_softmax.o
       436         36          0          0          0       6946   nnom_tensor.o
       210          0          0          0          0       5968   serial.o
        36          8        236          0       1024        784   startup_stm32f10x_md.o
       146          0          0          0          0       2701   stm32f10x_exti.o
       242          0          0          0          0       5800   stm32f10x_gpio.o
       370          0          0          0          0       9234   stm32f10x_i2c.o
        18          0          0          0          0        982   stm32f10x_it.o
       236          0         20          0          0       8182   stm32f10x_rcc.o
      1548          0          0          0          0      29664   stm32f10x_tim.o
       220          0          0          0          0       8561   stm32f10x_usart.o
       268          0          0          0          0       2574   system_stm32f10x.o

    ----------------------------------------------------------------------
     14336        572       7164          4      12264     284233   Object Totals
         0          0         32          0          0          0   (incl. Generated)
       116          0         23          3         15          0   (incl. Padding)

    ----------------------------------------------------------------------

      Code (inc. data)   RO Data    RW Data    ZI Data      Debug   Library Member Name

       148         12          0          0          0         88   round.o
         0          0          0          0          0          0   entry.o
         0          0          0          0          0          0   entry10a.o
         0          0          0          0          0          0   entry11a.o
         8          4          0          0          0          0   entry2.o
         4          0          0          0          0          0   entry5.o
         0          0          0          0          0          0   entry7b.o
         0          0          0          0          0          0   entry8b.o
         8          4          0          0          0          0   entry9a.o
        30          0          0          0          0          0   handlers.o
        48         10          0          0          0         68   init.o
         0          0          0          0          0          0   iusefp.o
        30          0          0          0          0         68   llshl.o
        36          0          0          0          0         68   llsshr.o
        32          0          0          0          0         68   llushr.o
        36          0          0          0          0         68   memcpya.o
        36          0          0          0          0        108   memseta.o
      2304         96          0          0          0        600   printfa.o
        12          6          0          0          0         68   putchar.o
        36          6          0          0          0         80   puts.o
         0          0          0          4          0          0   stdout.o
        44          0          0          0          0         80   uidiv.o
        98          0          0          0          0         92   uldiv.o
        48          0          0          0          0         68   cdcmple.o
        48          0          0          0          0         68   cdrcmple.o
        56          0          0          0          0         88   d2f.o
       334          0          0          0          0        148   dadd.o
       222          0          0          0          0        100   ddiv.o
       186          0          0          0          0        176   depilogue.o
        62          0          0          0          0         80   dfixi.o
        48          0          0          0          0         68   dfixul.o
        34          0          0          0          0         76   dflti.o
       228          0          0          0          0         96   dmul.o
       136          4          0          0          0         92   drnd.o
        38          0          0          0          0         68   f2d.o
       110          0          0          0          0        168   fepilogue.o
        50          0          0          0          0         68   ffixi.o
       100          0          0          0          0         76   fmul.o

    ----------------------------------------------------------------------
      4612        142          0          4          0       2896   Library Totals
         2          0          0          0          0          0   (incl. Padding)

    ----------------------------------------------------------------------

      Code (inc. data)   RO Data    RW Data    ZI Data      Debug   Library Name

       148         12          0          0          0         88   m_ws.l
      2762        126          0          4          0       1368   mc_w.l
      1700          4          0          0          0       1440   mf_w.l

    ----------------------------------------------------------------------
      4612        142          0          4          0       2896   Library Totals

    ----------------------------------------------------------------------

==============================================================================


      Code (inc. data)   RO Data    RW Data    ZI Data      Debug   

     18948        714       7164          8      12264     285161   Grand Totals
     18948        714       7164          8      12264     285161   ELF Image Totals
     18948        714       7164          8          0          0   ROM Totals

==============================================================================

    Total RO  Size (Code + RO Data)                26112 (  25.50kB)
    Total RW  Size (RW Data + ZI Data)             12272 (  11.98kB)
    Total ROM Size (Code + RO Data + RW Data)      26120 (  25.51kB)

==============================================================================

